== symmetry quotient ==
constitutions 2916 -> orbits 757 ; orbit-size histogram {2: 53, 4: 702, 1: 2}
census vector constant on every orbit: True (0 violations)

== aggregate census (8_parity, 2916 constitutions x 49152 seeds = 143327232 runs) ==
  extinct         266574    0.19%
  fixed         85223788   59.46%
  balanced       1572788    1.10%
  cycle         41162788   28.72%
  glider               0    0.00%
  growing       15101294   10.54%
  unresolved           0    0.00%

== by target map ==
  target map            extinct    fixed balanced    cycle   glider  growing unresolved
  const-0 (both->0)       0.02%   59.03%    2.19%   28.82%    0.00%    9.94%    0.00%
  id (own-kind)           0.42%   61.82%    0.00%   18.88%    0.00%   18.89%    0.00%
  swap (reciprocal)       0.29%   57.98%    0.00%   38.36%    0.00%    3.38%    0.00%
  const-1 (both->1)       0.02%   59.03%    2.19%   28.82%    0.00%    9.94%    0.00%
  (raw counts, id)       150586 22150120        0  6763998        0  6767104        0

== period spectrum (from the per-constitution period bitmask) ==
  const-0 (both->0)    [2, 3, 4, 5, 6, 7, 8, 9, 10, 12, 14, 16, 18]
  id (own-kind)        [2, 4, 6, 8]
  swap (reciprocal)    [2, 4, 6, 8, 12, 16, 18, 30]
  const-1 (both->1)    [2, 3, 4, 5, 6, 7, 8, 9, 10, 12, 14, 16, 18]
  ALL                  [2, 3, 4, 5, 6, 7, 8, 9, 10, 12, 14, 16, 18, 30]   (max period seen: 30)
  runs with non-power-of-2 period: 60140

== interesting residue ==
  constitutions with a GLIDER          : 0
  constitutions with an UNRESOLVED seed: 0 (total 0 seeds)
  constitutions with a BALANCED seed   : 140 (total 1572788 seeds, max active 8)
  constitutions with a non-2-power p   : 24
      0:(-1,1,0)->1 1:(0,-1,1)->0  n=5592  periodmask=[2, 4, 6, 8, 12, 18, 30]
      0:(-1,1,0)->1 1:(0,-1,1)->1  n=5592  periodmask=[2, 4, 6, 8, 12, 18]
      0:(0,-1,1)->1 1:(-1,1,0)->0  n=5592  periodmask=[2, 4, 6, 8, 12, 18, 30]
      0:(0,-1,1)->0 1:(-1,1,0)->0  n=5592  periodmask=[2, 4, 6, 8, 12, 18]
      0:(0,1,-1)->1 1:(1,-1,0)->0  n=5592  periodmask=[2, 4, 6, 8, 12, 18, 30]
      0:(0,1,-1)->0 1:(1,-1,0)->0  n=5592  periodmask=[2, 4, 6, 8, 12, 18]
      0:(1,-1,0)->1 1:(0,1,-1)->0  n=5592  periodmask=[2, 4, 6, 8, 12, 18, 30]
      0:(1,-1,0)->1 1:(0,1,-1)->1  n=5592  periodmask=[2, 4, 6, 8, 12, 18]
  longest transient: 18
      0:(-1,1,-1)->0 1:(0,-1,1)->1  transient=18
      0:(0,-1,1)->0 1:(-1,1,-1)->1  transient=18
      0:(0,1,-1)->0 1:(1,-1,1)->1  transient=18
      0:(1,-1,1)->0 1:(0,1,-1)->1  transient=18
      0:(0,-1,0)->1 1:(0,-1,0)->0  transient=16
  extinction champions:
      0:(0,-1,0)->0 1:(0,-1,0)->1  extinct=49152/49152
      0:(0,-1,0)->1 1:(0,-1,0)->0  extinct=49152/49152
      0:(0,1,0)->0 1:(0,1,0)->1  extinct=49152/49152
      0:(0,1,0)->1 1:(0,1,0)->0  extinct=49152/49152
      0:(-1,1,0)->0 1:(0,1,0)->1  extinct=6528/49152
  balance champions:
      0:(0,-1,0)->0 1:(0,-1,0)->0  balanced=49024/49152 maxactive=8
      0:(0,-1,0)->1 1:(0,-1,0)->1  balanced=49024/49152 maxactive=8
      0:(0,1,0)->0 1:(0,1,0)->0  balanced=49024/49152 maxactive=8
      0:(0,1,0)->1 1:(0,1,0)->1  balanced=49024/49152 maxactive=8
      0:(-1,1,0)->0 1:(-1,1,0)->0  balanced=46464/49152 maxactive=6
