== symmetry quotient ==
constitutions 2916 -> orbits 757 ; orbit-size histogram {2: 53, 4: 702, 1: 2}
census vector constant on every orbit: True (0 violations)

== aggregate census (_or, 2916 constitutions x 3072 seeds = 8957952 runs) ==
  extinct          23404    0.26%
  fixed          5519784   61.62%
  balanced             0    0.00%
  cycle          2462230   27.49%
  glider               0    0.00%
  growing         952534   10.63%
  unresolved           0    0.00%

== by target map ==
  target map            extinct    fixed balanced    cycle   glider  growing unresolved
  const-0 (both->0)       0.08%   61.27%    0.00%   28.41%    0.00%   10.25%    0.00%
  id (own-kind)           0.58%   63.31%    0.00%   17.41%    0.00%   18.70%    0.00%
  swap (reciprocal)       0.31%   60.63%    0.00%   35.72%    0.00%    3.34%    0.00%
  const-1 (both->1)       0.08%   61.27%    0.00%   28.41%    0.00%   10.25%    0.00%
  (raw counts, id)        13098  1417714        0   389862        0   418814        0

== period spectrum (from the per-constitution period bitmask) ==
  const-0 (both->0)    [2, 4, 6, 8, 16]
  id (own-kind)        [2, 4, 6]
  swap (reciprocal)    [2, 4, 6, 8, 12, 16]
  const-1 (both->1)    [2, 4, 6, 8, 16]
  ALL                  [2, 4, 6, 8, 12, 16]   (max period seen: 16)
  runs with non-power-of-2 period: 2452

== interesting residue ==
  constitutions with a GLIDER          : 0
  constitutions with an UNRESOLVED seed: 0 (total 0 seeds)
  constitutions with a BALANCED seed   : 0 (total 0 seeds, max active 0)
  constitutions with a non-2-power p   : 12
      0:(-1,1,0)->1 1:(0,-1,1)->0  n=300  periodmask=[2, 4, 6, 8, 12]
      0:(-1,1,0)->1 1:(0,-1,1)->1  n=300  periodmask=[2, 4, 6]
      0:(0,-1,1)->1 1:(-1,1,0)->0  n=300  periodmask=[2, 4, 6, 8, 12]
      0:(0,-1,1)->0 1:(-1,1,0)->0  n=300  periodmask=[2, 4, 6]
      0:(0,1,-1)->1 1:(1,-1,0)->0  n=300  periodmask=[2, 4, 6, 8, 12]
      0:(0,1,-1)->0 1:(1,-1,0)->0  n=300  periodmask=[2, 4, 6]
      0:(1,-1,0)->1 1:(0,1,-1)->0  n=300  periodmask=[2, 4, 6, 8, 12]
      0:(1,-1,0)->1 1:(0,1,-1)->1  n=300  periodmask=[2, 4, 6]
  longest transient: 12
      0:(0,-1,0)->1 1:(0,-1,0)->0  transient=12
      0:(0,1,0)->1 1:(0,1,0)->0  transient=12
      0:(-1,1,1)->1 1:(0,1,-1)->0  transient=11
      0:(0,-1,1)->1 1:(1,-1,-1)->0  transient=11
      0:(0,1,-1)->1 1:(-1,1,1)->0  transient=11
  extinction champions:
      0:(0,-1,0)->0 1:(0,-1,0)->1  extinct=3072/3072
      0:(0,-1,0)->1 1:(0,-1,0)->0  extinct=3072/3072
      0:(0,1,0)->0 1:(0,1,0)->1  extinct=3072/3072
      0:(0,1,0)->1 1:(0,1,0)->0  extinct=3072/3072
      0:(0,-1,0)->0 1:(0,1,0)->1  extinct=648/3072
  balance champions:
      0:(-1,-1,-1)->0 1:(-1,-1,-1)->1  balanced=0/3072 maxactive=0
      0:(-1,-1,-1)->1 1:(-1,-1,-1)->0  balanced=0/3072 maxactive=0
      0:(-1,-1,-1)->0 1:(-1,-1,-1)->0  balanced=0/3072 maxactive=0
      0:(-1,-1,-1)->1 1:(-1,-1,-1)->1  balanced=0/3072 maxactive=0
      0:(-1,-1,-1)->0 1:(-1,-1,0)->1  balanced=0/3072 maxactive=0
