wrote data/periodic_table8_parity.csv : 757 orbit representatives

[Theorem A, census scale]  balanced runs with INJECTIVE target map: 0 ; with NON-injective: 1572788
[Zero-Sum No-Go, census scale]  810 constitutions have every cycle offset-sum 0 ; total GROWING runs among them: 0 (violations 0)
                                the other 2106 constitutions produce 15101294 GROWING runs

== behaviour classes of the 757 orbits (span<=8, 8_parity) ==
   -/-/-/-                       565
   -/grow/-/-                    100
   -/-/-/ext                      50
   bal/-/-/-                      16
   bal/grow/-/-                   10
   bal/-/-/ext                     5
   -/grow/-/ext                    4
   bal/-/odd/-                     3
   -/-/odd/-                       2
   bal/grow/odd/-                  1
   -/-/odd/ext                     1

== non-generic orbits ==
  (a) totally extinct universes (every seed dies):
      (0, -1, 0) (0, -1, 0) id
      (0, -1, 0) (0, -1, 0) swap
  (b) universes with NO growth at all:
      642 orbits; cycle-sum profile: Counter({'[0]': 217, '[-1]': 165, '[1]': 129, '[-1, 0]': 36, '[-1, 1]': 28, '[0, 1]': 27, '[-2]': 23, '[2]': 17})
  (c) universes whose period spectrum contains an ODD period > 1:
      3 orbits
      (-1, 1, 1) (0, 1, -1) const0 periods [2, 3, 4, 5, 6, 8, 10, 12]
      (-1, 1, 1) (0, 1, -1) const1 periods [2, 3, 4, 5, 6, 8, 10, 12]
      (0, -1, 1) (0, 1, -1) const0 periods [2, 3, 4, 5, 6, 7, 8, 9, 10, 12, 14]
  (d) longest cycles:
      (-1, 1, 0) (0, -1, 1) swap   maxperiod 30  periods [2, 4, 6, 8, 12, 18, 30]
      (-1, 1, 0) (0, -1, 1) const1 maxperiod 18  periods [2, 4, 6, 8, 12, 18]
      (-1, 1, 0) (0, 1, -1) swap   maxperiod 16  periods [2, 4, 8, 16]
      (-1, 1, 0) (0, 1, -1) const1 maxperiod 16  periods [2, 4, 8, 16]
      (0, -1, 0) (0, -1, 1) swap   maxperiod 16  periods [2, 4, 8, 16]
      (0, -1, 0) (0, -1, 1) const1 maxperiod 16  periods [2, 4, 8, 16]
  (e) balance: seeds already balanced vs seeds that REACH balance:
      1572788 balanced verdicts, of which 470516 were balanced at t=0 (29.9%) and 1102272 CONVERGED to balance (70.1%)
      (0, -1, 0) (0, -1, 0) const0 reached 42496 / balanced 49024 / seeds 49152
      (-1, 1, 0) (0, 1, 0) const1 reached 39957 / balanced 46464 / seeds 49152
      (-1, 1, 0) (-1, 1, 0) const0 reached 35283 / balanced 46464 / seeds 49152
      (-1, 1, 0) (0, 1, 0) const0 reached 20853 / balanced 27360 / seeds 49152
      (-1, 1, -1) (0, -1, 0) const1 reached 12084 / balanced 13156 / seeds 49152
