== SUNSET census: complete 2-kind box, all 2916 constitutions, seeds of span <= 3 (48 seeds) = 139,968 codes per tau ==

-- tau = 1 --
   EXTINCT       115724   82.68%
   FIXED           7540    5.39%
   CYCLE            504    0.36%
   GLIDER         15928   11.38%
   GROWING          252    0.18%
   UNRESOLVED        20    0.01%
   glider periods     {1: 14964, 2: 964}
   glider displacem.  {-2: 144, -1: 7820, 1: 7820, 2: 144}
   speeds |d|/p       [0.5, 1.0]

-- tau = 2 --
   EXTINCT       109504   78.24%
   FIXED           7784    5.56%
   CYCLE            492    0.35%
   GLIDER         21548   15.39%
   GROWING          404    0.29%
   UNRESOLVED       236    0.17%
   glider periods     {1: 12552, 2: 8304, 3: 432, 4: 260}
   glider displacem.  {-2: 236, -1: 10538, 1: 10538, 2: 236}
   speeds |d|/p       [0.25, 0.3333333333333333, 0.5, 0.6666666666666666, 1.0]

-- tau = 3 --
   EXTINCT       109336   78.11%
   FIXED           7784    5.56%
   CYCLE            492    0.35%
   GLIDER         21672   15.48%
   GROWING          424    0.30%
   UNRESOLVED       260    0.19%
   glider periods     {1: 12592, 2: 916, 3: 7452, 4: 428, 6: 284}
   glider displacem.  {-2: 242, -1: 10594, 1: 10594, 2: 242}
   speeds |d|/p       [0.16666666666666666, 0.25, 0.3333333333333333, 0.5, 1.0]

== non-trivial sunset gliders (period >= 2) ==
 tau=1 : 964 of 15928 gliders have period >= 2
   0:[0|-1|-1]->1 1:[0|-1|0]->0  seed [(0, 1)]  p=2 d=-1 speed 1/2  verified=True
        .A...
        B....
        A....
   0:[0|-1|0]->1 1:[0|-1|1]->0  seed [(0, 1)]  p=2 d=+1 speed 1/2  verified=True
        .A...
        .B...
        ..A..
   0:[0|-1|-1]->1 1:[0|-1|-1]->0  seed [(0, 1)]  p=2 d=-2 speed 2/2  verified=True
        .A...
        B....
        .....
 tau=2 : 8996 of 21548 gliders have period >= 2
   0:[0|-1|0]->1 1:[0|-1|1]->0  seed [(0, 1)]  p=4 d=+1 speed 1/4  verified=True
        .A...
        .#...
        .BA..
        .BA..
        ..A..
   0:[0|1|-1]->1 1:[0|1|0]->0  seed [(0, 1)]  p=4 d=-1 speed 1/4  verified=True
        .BA...
        .B....
        .#....
        BA....
        BA....
   0:[0|-1|1]->1 1:[0|-1|1]->0  seed [(0, 1)]  p=4 d=+2 speed 2/4  verified=True
        .A...
        .AB..
        ..B..
        ..BA.
        ...A.
 tau=3 : 9080 of 21672 gliders have period >= 2
   0:[0|-1|-1]->1 1:[0|1|0]->0  seed [(0, 2)]  p=6 d=-1 speed 1/6  verified=True
        .B...
        .#...
        B#...
        BA...
        BA...
        .A...
        B....
   0:[0|-1|0]->1 1:[0|-1|1]->0  seed [(0, 1)]  p=6 d=+1 speed 1/6  verified=True
        .A...
        .#...
        .#A..
        .BA..
        .BA..
        .BA..
        ..A..
   0:[0|-1|-1]->1 1:[0|1|-1]->0  seed [(0, 2)]  p=6 d=-2 speed 2/6  verified=True
        .B...
        AB...
        AB...
        A....
        A....
        A....
        .....

== glider-skeleton check on sunset gliders ==
   P subset t(A*) over the whole period: 12000 gliders, 0 violations
