seeds per universe: 28672 (window 5 cells)
[(0, 1, 0), (0, 1, 1), (0, 1, 0)] T=[(1, 2), (0,), (0,)] parity : 26 glider cycles, 4s
    p= 2 d=+1 laws= 1 verified=True seed=[(0, 0)]
    p= 2 d=+1 laws= 2 verified=True seed=[(0, 0), (2, 0)]
    p= 2 d=+1 laws= 2 verified=True seed=[(0, 0), (3, 0)]
    p= 2 d=+1 laws= 2 verified=True seed=[(0, 0), (4, 0)]
[(0, 1, 1), (-1, 1, 0), (0, 1, -1)] T=[(1, 2), (0, 2), (0, 1)] parity : 10 glider cycles, 8s
    p= 2 d=+1 laws= 2 verified=True seed=[(0, 0), (0, 1)]
    p= 2 d=+1 laws= 4 verified=True seed=[(0, 0), (0, 1), (3, 0), (3, 1)]
    p= 2 d=+1 laws= 4 verified=True seed=[(0, 0), (0, 1), (4, 0), (4, 1)]
    p= 2 d=+1 laws= 4 verified=True seed=[(0, 0), (0, 1), (5, 0), (5, 1)]
[(0, -1, 1), (0, -1, 0), (-1, 1, -1)] T=[(1, 2), (0, 2), (0, 1)] parity : 30 glider cycles, 2s
    p= 3 d=+1 laws= 2 verified=True seed=[(0, 1), (0, 2)]
    p= 3 d=+1 laws= 4 verified=True seed=[(0, 0), (0, 1), (3, 1), (3, 2)]
    p= 3 d=+1 laws= 4 verified=True seed=[(0, 1), (0, 2), (3, 1), (3, 2)]
    p= 3 d=+1 laws= 4 verified=True seed=[(0, 1), (0, 2), (2, 0), (2, 1)]
[(0, -1, 1), (0, 1, 1), (0, 1, 0)] T=[(0, 1), (2,), (0, 1, 2)] parity : 8 glider cycles, 7s
    p= 3 d=+2 laws= 4 verified=True seed=[(0, 0), (0, 1), (0, 2), (3, 2)]
    p= 2 d=+1 laws= 4 verified=True seed=[(0, 0), (0, 1), (0, 2), (2, 2)]
    p= 1 d=+1 laws= 3 verified=True seed=[(0, 0), (0, 1), (0, 2)]
    p= 1 d=+1 laws= 6 verified=True seed=[(0, 0), (0, 1), (0, 2), (2, 0), (2, 1), (2, 2)]
[(0, 1, 1), (0, -1, 1), (0, 1, 0)] T=[(2,), (0, 1), (0, 1, 2)] or     : 9 glider cycles, 7s
    p= 3 d=+2 laws= 4 verified=True seed=[(0, 0), (0, 1), (0, 2), (3, 2)]
    p= 2 d=+1 laws= 4 verified=True seed=[(0, 0), (0, 1), (0, 2), (2, 2)]
    p= 2 d=+1 laws= 6 verified=True seed=[(0, 0), (0, 1), (0, 2), (2, 0), (2, 1), (3, 2)]
    p= 2 d=+1 laws= 9 verified=True seed=[(0, 0), (0, 1), (0, 2), (1, 0), (1, 1), (3, 0), (3, 1), (3, 2), (5, 2)]
[(0, -1, 1), (0, 1, 1), (0, 1, -1)] T=[(0, 1, 2), (0,), (0,)] parity : 8 glider cycles, 1s
    p= 2 d=+2 laws= 1 verified=True seed=[(0, 0)]
    p= 2 d=+1 laws= 2 verified=True seed=[(0, 0), (1, 0)]
    p= 2 d=+2 laws= 2 verified=True seed=[(0, 0), (3, 0)]
    p= 2 d=+2 laws= 2 verified=True seed=[(0, 0), (4, 0)]
[(0, 1, -1), (0, 1, 1), (1, -1, 1)] T=[(0, 1, 2), (0, 1, 2), (0, 2)] parity : 1 glider cycles, 8s
    p= 4 d=+4 laws= 8 verified=True seed=[(0, 0), (0, 2), (1, 0), (1, 1), (1, 2), (2, 0), (2, 1), (2, 2)]
[(0, 1, 0), (0, -1, 0), (0, -1, 1)] T=[(1, 2), (0, 1), (0, 2)] parity : 16 glider cycles, 1s
    p= 7 d=+1 laws= 2 verified=True seed=[(0, 1), (0, 2)]
    p= 7 d=+1 laws= 4 verified=True seed=[(0, 1), (0, 2), (3, 1), (3, 2)]
    p= 7 d=+1 laws= 4 verified=True seed=[(0, 0), (0, 1), (2, 0), (2, 2)]
    p= 7 d=+1 laws= 4 verified=True seed=[(0, 1), (0, 2), (4, 1), (4, 2)]
[(0, -1, 1), (1, -1, 0), (0, 1, 0)] T=[(0, 2), (0, 2), (0, 1, 2)] parity : 13 glider cycles, 1s
    p= 5 d=+1 laws= 2 verified=True seed=[(0, 0), (0, 2)]
    p= 5 d=+1 laws= 4 verified=True seed=[(0, 0), (0, 2), (3, 0), (3, 2)]
    p= 5 d=+1 laws= 4 verified=True seed=[(0, 0), (0, 2), (4, 0), (4, 2)]
    p= 5 d=+1 laws= 4 verified=True seed=[(0, 0), (0, 2), (5, 0), (5, 2)]
[(0, -1, 1), (-1, 1, 1), (-1, 1, -1)] T=[(1, 2), (0,), (0,)] parity : 11 glider cycles, 1s
    p= 5 d=+2 laws= 2 verified=True seed=[(0, 0), (2, 0)]
    p= 5 d=+2 laws= 3 verified=True seed=[(0, 0), (2, 0), (3, 0)]
    p= 4 d=+2 laws= 3 verified=True seed=[(0, 0), (2, 0), (4, 0)]
    p= 2 d=+2 laws= 1 verified=True seed=[(0, 0)]
[(-1, 1, 1), (0, 1, -1), (0, 1, 0)] T=[(0, 1, 2), (0, 1), (0, 1, 2)] parity : 25 glider cycles, 20s
    p= 8 d=+2 laws= 6 verified=True seed=[(0, 0), (0, 1), (2, 0), (2, 1), (5, 0), (5, 1)]
    p= 8 d=+2 laws= 7 verified=True seed=[(0, 0), (0, 1), (1, 2), (2, 0), (2, 1), (6, 0), (6, 1)]
    p= 8 d=+2 laws= 9 verified=True seed=[(0, 0), (0, 1), (0, 2), (2, 0), (2, 1), (4, 0), (4, 1), (7, 0), (7, 1)]
    p= 7 d=+2 laws= 4 verified=True seed=[(0, 0), (0, 1), (2, 0), (2, 1)]
[(0, -1, 1), (-1, 1, -1), (0, 1, 0)] T=[(0, 2), (0, 2), (0, 1, 2)] parity : 16 glider cycles, 1s
    p= 6 d=+1 laws= 2 verified=True seed=[(0, 1), (1, 1)]
    p= 6 d=+1 laws= 4 verified=True seed=[(0, 1), (1, 1), (3, 1), (4, 1)]
    p= 6 d=+1 laws= 4 verified=True seed=[(0, 0), (0, 2), (3, 1), (4, 1)]
    p= 6 d=+1 laws= 4 verified=True seed=[(0, 1), (1, 1), (4, 0), (4, 2)]
DONE  max minimal period found: 8
