
=== near-miss scan: E2 (T=140, Pmax=16, front window FW=28) ===
E2 L=2 [1,0]                           parity    runs=297432         0.4s | frontR=4369      frontL=4369      bounded_packet=0     PUFFER=120    osc=24    GUN=120    bare=4249
    scope: COMPLETE: all 27^2=729 consts x all canonical seeds <=4 laws/6 cells
E2 L=2 [1,0]                           or        runs=297432         0.4s | frontR=4369      frontL=4369      bounded_packet=0     PUFFER=120    osc=24    GUN=120    bare=4249
    scope: COMPLETE: all 27^2=729 consts x all canonical seeds <=4 laws/6 cells
E2 L=3 [1,2,0]                         parity    runs=5452191       10.2s | frontR=7594      frontL=7594      bounded_packet=0     PUFFER=57     osc=0     GUN=66     bare=7528
    scope: COMPLETE: all 27^3=19,683 consts x all canonical seeds <=3 laws/5 cells
E2 L=3 [1,2,0]                         or        runs=5452191        9.3s | frontR=7594      frontL=7594      bounded_packet=0     PUFFER=57     osc=0     GUN=66     bare=7528
    scope: COMPLETE: all 27^3=19,683 consts x all canonical seeds <=3 laws/5 cells
E2 L=4 [1,2,3,0]                       parity    runs=13080000      34.4s | frontR=6533      frontL=3114      bounded_packet=0     PUFFER=42     osc=12    GUN=42     bare=6491
    scope: SAMPLE: 20,000 consts of 27^4 (PCG64 seed 4242) x all canonical seeds <=3 laws/5 cells
E2 L=4 [1,2,3,0]                       or        runs=13080000      35.6s | frontR=6533      frontL=3114      bounded_packet=0     PUFFER=42     osc=12    GUN=42     bare=6491
    scope: SAMPLE: 20,000 consts of 27^4 (PCG64 seed 4242) x all canonical seeds <=3 laws/5 cells
E2 2+2 [1,0,3,2]                       parity    runs=13080000      33.8s | frontR=185835    frontL=180777    bounded_packet=0     PUFFER=2812   osc=319   GUN=2752   bare=182896
    scope: SAMPLE: 20,000 consts of 27^4 (PCG64 seed 4242) x all canonical seeds <=3 laws/5 cells
E2 2+2 [1,0,3,2]                       or        runs=13080000      37.3s | frontR=185835    frontL=180777    bounded_packet=0     PUFFER=2812   osc=319   GUN=2752   bare=182896
    scope: SAMPLE: 20,000 consts of 27^4 (PCG64 seed 4242) x all canonical seeds <=3 laws/5 cells

=== near-miss scan: SUP (T=140, Pmax=16, front window FW=28) ===
SUP n=1                                super     runs=6669           0.0s | frontR=460       frontL=460       bounded_packet=0     PUFFER=31     osc=0     GUN=31     bare=429
    scope: COMPLETE: all 27^1 consts x all canonical seeds <=7 laws/9 cells
SUP n=1                                super_or  runs=6669           0.0s | frontR=460       frontL=460       bounded_packet=0     PUFFER=31     osc=0     GUN=31     bare=429
    scope: COMPLETE: all 27^1 consts x all canonical seeds <=7 laws/9 cells
SUP n=2                                super     runs=1375623        1.9s | frontR=104516    frontL=104516    bounded_packet=0     PUFFER=9088   osc=0     GUN=10764  bare=93474
    scope: COMPLETE: all 27^2 consts x all canonical seeds <=5 laws/7 cells
SUP n=2                                super_or  runs=1375623        2.4s | frontR=104516    frontL=104516    bounded_packet=0     PUFFER=9088   osc=0     GUN=10764  bare=93474
    scope: COMPLETE: all 27^2 consts x all canonical seeds <=5 laws/7 cells
SUP n=3                                super     runs=5452191       13.9s | frontR=357187    frontL=357187    bounded_packet=0     PUFFER=6642   osc=0     GUN=7812   bare=349015
    scope: COMPLETE: all 27^3 consts x all canonical seeds <=3 laws/5 cells
SUP n=3                                super_or  runs=5452191       11.7s | frontR=357235    frontL=357235    bounded_packet=0     PUFFER=6642   osc=0     GUN=7812   bare=349063
    scope: COMPLETE: all 27^3 consts x all canonical seeds <=3 laws/5 cells
SUP n=4                                super     runs=13080000      34.7s | frontR=893706    frontL=870148    bounded_packet=0     PUFFER=20053  osc=0     GUN=23585  bare=868777
    scope: SAMPLE: 20,000 consts of 27^4 (PCG64 seed 909) x all canonical seeds <=3 laws/5 cells
SUP n=4                                super_or  runs=13080000      36.7s | frontR=893876    frontL=870341    bounded_packet=0     PUFFER=20053  osc=0     GUN=23585  bare=868947
    scope: SAMPLE: 20,000 consts of 27^4 (PCG64 seed 909) x all canonical seeds <=3 laws/5 cells

=== near-miss scan: E3 (T=140, Pmax=16, front window FW=28) ===
E3 n=2 all-targets                     parity    runs=2676888        5.5s | frontR=140280    frontL=140280    bounded_packet=192   PUFFER=5644   osc=250   GUN=8716   bare=129732
    scope: COMPLETE: all 27^2 x 3^2 = 6,561 consts x all canonical seeds <=4 laws/6 cells
E3 n=2 all-targets                     or        runs=2676888        5.5s | frontR=142275    frontL=142275    bounded_packet=188   PUFFER=5744   osc=390   GUN=8756   bare=131819
    scope: COMPLETE: all 27^2 x 3^2 = 6,561 consts x all canonical seeds <=4 laws/6 cells
E3 n=3 all-targets                     parity    runs=5540000       14.0s | frontR=254951    frontL=257865    bounded_packet=184   PUFFER=4676   osc=509   GUN=9004   bare=243331
    scope: SAMPLE: 20,000 (rules,targets) of 27^3 x 7^3 (PCG64 seed 1717) x all canonical seeds <=3 laws/5 cells
E3 n=3 all-targets                     or        runs=5540000       15.9s | frontR=259424    frontL=263021    bounded_packet=203   PUFFER=4910   osc=720   GUN=9711   bare=246870
    scope: SAMPLE: 20,000 (rules,targets) of 27^3 x 7^3 (PCG64 seed 1717) x all canonical seeds <=3 laws/5 cells

wrote data/nearmiss_e2_sup_e3.json
