Is a NON-UNIT-NUMERATOR speed reachable at W=1?  (min_outdeg=2)
  parity d/p=2/3 n=3 N=16 -> UNSAT      17s
  parity d/p=2/3 n=3 N=22 -> UNSAT      31s
  parity d/p=2/3 n=3 N=28 -> UNSAT      40s
  parity d/p=2/3 n=4 N=16 -> SAT         0s  rules=[(0, 1, 0), (-1, 1, 1), (0, 1, 1), (-1, 1, -1)] tgt=[[0, 1, 2, 3], [1, 2, 3], [0, 1, 2, 3], [1, 2, 3]] seed=[(1, 1)]
  parity d/p=2/3 n=4 N=22 -> SAT         0s  rules=[(0, 1, 0), (-1, 1, 1), (0, 1, 1), (-1, 1, -1)] tgt=[[0, 1, 2, 3], [1, 2, 3], [0, 1, 2, 3], [1, 2, 3]] seed=[(1, 1)]
  parity d/p=2/3 n=4 N=28 -> SAT         0s  rules=[(0, 1, 0), (-1, 1, 1), (0, 1, 1), (-1, 1, -1)] tgt=[[0, 1, 2, 3], [1, 2, 3], [0, 1, 2, 3], [1, 2, 3]] seed=[(1, 1)]
  parity d/p=2/3 n=5 N=16 -> SAT         0s  rules=[(0, -1, 1), (-1, 1, -1), (0, -1, 0), (0, 1, 0), (0, 1, 1)] tgt=[[1, 2, 4], [0, 2, 3], [0, 1, 2], [0, 1, 3], [1, 3]] seed=[(1, 1)]
  parity d/p=2/3 n=5 N=22 -> SAT         0s  rules=[(0, -1, 1), (-1, 1, -1), (0, -1, 0), (0, 1, 0), (0, 1, 1)] tgt=[[1, 2, 4], [0, 2, 3], [0, 1, 2], [0, 1, 3], [1, 3]] seed=[(1, 1)]
  parity d/p=2/3 n=5 N=28 -> SAT         0s  rules=[(0, -1, 1), (-1, 1, -1), (0, -1, 0), (0, 1, 0), (0, 1, 1)] tgt=[[1, 2, 4], [0, 2, 3], [0, 1, 2], [0, 1, 3], [1, 3]] seed=[(1, 1)]
  parity d/p=3/4 n=3 N=16 -> UNSAT      18s
  parity d/p=3/4 n=3 N=22 -> UNSAT      68s
  parity d/p=3/4 n=3 N=28 -> UNSAT     122s
  parity d/p=3/4 n=4 N=16 -> SAT         2s  rules=[(0, -1, 1), (0, -1, 0), (0, 1, 1), (-1, 1, -1)] tgt=[[0, 2], [0, 1, 3], [0, 1, 3], [1, 2, 3]] seed=[(1, 11), (2, 11), (3, 11), (7, 5), (8, 14), (11, 5)]
  parity d/p=3/4 n=4 N=22 -> SAT         3s  rules=[(-1, 1, 1), (0, 1, 1), (0, 1, 0), (-1, 1, -1)] tgt=[[1, 2, 3], [0, 2, 3], [1, 2, 3], [0, 1]] seed=[(1, 13)]
  parity d/p=3/4 n=4 N=28 -> SAT         7s  rules=[(0, -1, 1), (-1, 1, 1), (0, 1, 0), (0, -1, 0)] tgt=[[1, 2, 3], [1, 2, 3], [1, 2, 3], [0, 1, 3]] seed=[(1, 11), (2, 14), (3, 11), (9, 11), (10, 14), (17, 5), (19, 14), (22, 11), (23, 14)]
  parity d/p=3/4 n=5 N=16 -> SAT         2s  rules=[(0, 1, -1), (0, 1, 0), (0, 1, 1), (-1, 1, 1), (1, -1, 1)] tgt=[[2, 4], [1, 3], [0, 1, 2, 3], [1, 2, 3, 4], [0, 1, 3, 4]] seed=[(1, 20), (2, 15), (5, 10), (7, 30), (10, 10), (11, 10)]
  parity d/p=3/4 n=5 N=22 -> SAT        16s  rules=[(0, -1, 0), (0, 1, 0), (0, 1, -1), (0, -1, 1), (0, 1, 1)] tgt=[[0, 3, 4], [1, 3, 4], [0, 2, 4], [0, 1, 2, 3, 4], [1, 3, 4]] seed=[(1, 25), (2, 28), (3, 26), (9, 5), (16, 21), (17, 28)]
  parity d/p=3/4 n=5 N=28 -> SAT         3s  rules=[(0, -1, 0), (0, 1, 0), (0, -1, 1), (0, -1, 1), (0, -1, 0)] tgt=[[0, 3, 4], [1, 4], [0, 1, 3], [0, 2], [2, 3, 4]] seed=[(1, 11), (4, 11), (10, 11), (12, 28), (13, 11), (15, 11), (19, 11), (23, 11)]
  parity d/p=2/5 n=3 N=16 -> UNSAT     113s
  parity d/p=2/5 n=3 N=22 -> UNSAT     114s
  parity d/p=2/5 n=3 N=28 -> SAT         1s  rules=[(0, 1, -1), (0, -1, 1), (-1, 1, 0)] tgt=[[0, 1], [0, 1], [0, 1]] seed=[(2, 3), (3, 3), (4, 3), (5, 3), (6, 3), (8, 3), (10, 3), (11, 3), (12, 3), (14, 3), (15, 3), (16, 3), (18, 3), (20, 3), (21, 3), (22, 3)]
  parity d/p=2/5 n=4 N=16 -> SAT         1s  rules=[(0, -1, 0), (-1, 1, -1), (1, -1, 1), (0, -1, 1)] tgt=[[0, 1, 2, 3], [0, 1], [0, 1, 2, 3], [2, 3]] seed=[(1, 12), (2, 15), (6, 12), (7, 12), (10, 12), (12, 15)]
  parity d/p=2/5 n=4 N=22 -> SAT         2s  rules=[(1, -1, 0), (-1, 1, -1), (-1, 1, 0), (0, -1, 1)] tgt=[[1, 3], [0, 1, 2], [1, 3], [0, 1, 2]] seed=[(1, 13), (2, 10), (9, 13), (12, 13), (13, 10), (18, 13)]
  parity d/p=2/5 n=4 N=28 -> SAT         0s  rules=[(-1, 1, -1), (-1, 1, 0), (0, 1, -1), (0, -1, 1)] tgt=[[0, 1, 3], [2, 3], [0, 1, 2], [0, 1, 2]] seed=[(3, 12)]
  parity d/p=2/5 n=5 N=16 -> SAT         1s  rules=[(0, -1, 0), (-1, 1, 0), (-1, 1, 1), (0, 1, -1), (0, -1, 1)] tgt=[[1, 2], [0, 1, 3, 4], [1, 3], [2, 3], [2, 3]] seed=[(2, 29), (4, 10), (10, 23), (11, 12)]
  parity d/p=2/5 n=5 N=22 -> SAT         7s  rules=[(0, 1, 0), (0, -1, 1), (0, 1, 1), (1, -1, -1), (1, -1, 0)] tgt=[[0, 1, 2], [1, 3], [0, 1, 2], [1, 2, 4], [1, 2, 4]] seed=[(1, 7), (2, 7), (4, 10)]
  parity d/p=2/5 n=5 N=28 -> SAT         2s  rules=[(0, -1, 1), (1, -1, 0), (1, 1, 1), (0, 1, 1), (0, 1, 0)] tgt=[[3, 4], [0, 1, 2, 3, 4], [2, 3], [0, 1, 2], [3, 4]] seed=[(1, 7), (3, 31), (5, 7), (6, 24), (7, 7), (8, 31), (9, 24), (11, 7), (12, 7), (13, 7)]
  parity d/p=3/5 n=3 N=16 -> UNSAT      22s
  parity d/p=3/5 n=3 N=22 -> UNSAT      57s
  parity d/p=3/5 n=3 N=28 -> UNSAT      75s
  parity d/p=3/5 n=4 N=16 -> SAT         2s  rules=[(0, -1, 1), (0, -1, 0), (0, -1, 0), (0, -1, 1)] tgt=[[0, 2], [0, 1, 3], [1, 2, 3], [0, 1, 3]] seed=[(1, 11), (5, 5), (7, 11), (8, 11), (11, 11)]
  parity d/p=3/5 n=4 N=22 -> SAT         1s  rules=[(0, 1, 0), (1, -1, 0), (-1, 1, 1), (0, -1, 1)] tgt=[[0, 2, 3], [1, 2, 3], [0, 1], [1, 2, 3]] seed=[(1, 14), (2, 14), (4, 14)]
  parity d/p=3/5 n=4 N=28 -> SAT         1s  rules=[(0, -1, 0), (0, -1, 1), (1, -1, 0), (-1, 1, 1)] tgt=[[1, 2, 3], [1, 2, 3], [0, 1], [0, 1]] seed=[(1, 3), (12, 13), (13, 14), (15, 13), (16, 3), (18, 13), (19, 3), (22, 13), (23, 14)]
  parity d/p=3/5 n=5 N=16 -> SAT         3s  rules=[(0, -1, 0), (-1, 1, -1), (-1, 1, 0), (0, -1, 1), (0, 1, 1)] tgt=[[0, 2, 3, 4], [0, 1, 2, 3, 4], [0, 1, 2, 3, 4], [0, 1, 2, 3, 4], [0, 1, 2, 3, 4]] seed=[(1, 29), (2, 29)]
  parity d/p=3/5 n=5 N=22 -> SAT         4s  rules=[(1, -1, 0), (0, 1, 0), (0, 1, -1), (1, -1, 1), (-1, 1, 1)] tgt=[[0, 1, 3, 4], [0, 1, 2], [0, 1, 4], [2, 3, 4], [0, 1, 3, 4]] seed=[(2, 28), (3, 27), (7, 28), (9, 27)]
  parity d/p=3/5 n=5 N=28 -> SAT         2s  rules=[(1, 1, 0), (0, -1, 1), (0, -1, 0), (0, -1, -1), (0, -1, 1)] tgt=[[0, 1, 2, 3, 4], [0, 1, 3, 4], [1, 2], [1, 2], [1, 2]] seed=[(1, 6), (2, 27), (3, 29), (5, 6), (6, 27), (7, 6), (23, 6)]
  parity d/p=4/5 n=3 N=16 -> UNSAT      10s
  parity d/p=4/5 n=3 N=22 -> UNSAT      31s
  parity d/p=4/5 n=3 N=28 -> UNSAT      86s
  parity d/p=4/5 n=4 N=16 -> SAT         2s  rules=[(0, -1, 0), (0, -1, 1), (-1, 1, 1), (0, 1, 0)] tgt=[[0, 1], [1, 2, 3], [0, 2, 3], [0, 2, 3]] seed=[(1, 14), (3, 14), (8, 14), (10, 14)]
  parity d/p=4/5 n=4 N=22 -> SAT         8s  rules=[(1, -1, 0), (0, 1, 1), (-1, 1, 1), (0, 1, 0)] tgt=[[0, 1, 2], [2, 3], [0, 1, 2], [0, 1, 3]] seed=[(1, 7), (2, 12), (7, 12), (9, 7), (10, 7), (12, 7), (13, 7), (16, 7)]
  parity d/p=4/5 n=4 N=28 -> SAT         7s  rules=[(1, -1, 0), (-1, 1, 1), (0, -1, 1), (0, 1, 0)] tgt=[[0, 2], [1, 2, 3], [0, 1, 3], [1, 2, 3]] seed=[(1, 11), (3, 11)]
  parity d/p=4/5 n=5 N=16 -> SAT         7s  rules=[(0, -1, 1), (1, -1, 1), (1, -1, 0), (-1, 1, -1), (-1, 1, 1)] tgt=[[1, 2, 3, 4], [0, 2, 4], [1, 2, 3, 4], [0, 1, 3], [0, 1, 3]] seed=[(1, 11), (2, 30), (6, 21), (7, 30), (9, 21), (10, 30)]
  parity d/p=4/5 n=5 N=22 -> SAT         7s  rules=[(0, -1, 1), (-1, 1, 0), (0, -1, 0), (0, -1, 0), (0, 1, 1)] tgt=[[1, 2, 4], [0, 3], [0, 1, 2, 3, 4], [0, 3], [0, 3]] seed=[(1, 22)]
  parity d/p=4/5 n=5 N=28 -> SAT         2s  rules=[(0, 1, 0), (0, 1, 1), (0, -1, 0), (-1, 1, -1), (0, -1, 1)] tgt=[[2, 4], [0, 1, 3, 4], [0, 1, 2, 3], [0, 1, 3, 4], [0, 1, 2, 3]] seed=[(1, 20), (2, 27), (5, 15), (6, 20), (7, 27), (8, 15), (12, 27), (13, 15), (16, 15), (17, 20), (18, 27), (19, 15), (22, 27)]
  parity d/p=2/7 n=3 N=16 -> SAT         9s  rules=[(0, 1, 0), (-1, 1, 1), (0, 1, -1)] tgt=[[0, 1, 2], [0, 1, 2], [1, 2]] seed=[(2, 1), (3, 6), (4, 7), (6, 7), (7, 6), (10, 1), (11, 6), (12, 7)]
  parity d/p=2/7 n=3 N=22 -> SAT        47s  rules=[(0, 1, -1), (-1, 1, 1), (0, 1, 0)] tgt=[[0, 1], [0, 1, 2], [0, 1, 2]] seed=[(2, 3), (4, 3), (8, 3), (10, 3), (12, 3), (13, 3), (14, 3), (15, 3)]
  parity d/p=2/7 n=3 N=28 -> SAT        72s  rules=[(-1, 1, 1), (0, 1, -1), (0, 1, 0)] tgt=[[0, 1, 2], [0, 1], [0, 1, 2]] seed=[(2, 4), (5, 7)]
  parity d/p=2/7 n=4 N=16 -> SAT        21s  rules=[(-1, -1, -1), (-1, 1, 1), (0, 1, -1), (0, 1, 0)] tgt=[[0, 1, 2, 3], [0, 1, 2, 3], [0, 1, 2], [0, 1, 2, 3]] seed=[(2, 15), (3, 7), (6, 8), (7, 7), (8, 15)]
  parity d/p=2/7 n=4 N=22 -> SAT        47s  rules=[(-1, 1, 1), (0, 1, -1), (0, 1, 0), (-1, 0, 0)] tgt=[[0, 1, 2], [0, 1], [0, 1, 2], [0, 1, 2, 3]] seed=[(1, 3), (2, 3), (3, 3), (4, 3), (8, 3), (9, 3), (10, 3), (11, 3), (14, 3), (15, 3), (17, 3), (18, 7)]
  parity d/p=2/7 n=4 N=28 -> SAT        39s  rules=[(0, 1, 0), (-1, 1, -1), (-1, 1, -1), (0, -1, 1)] tgt=[[0, 1, 2, 3], [1, 3], [1, 2], [0, 1]] seed=[(1, 15), (4, 6), (5, 15), (8, 12), (9, 3), (16, 12), (19, 12), (23, 10), (24, 3)]
  parity d/p=2/7 n=5 N=16 -> SAT         1s  rules=[(0, -1, 0), (0, -1, 1), (1, -1, 0), (1, -1, 0), (0, 1, 0)] tgt=[[0, 1], [2, 3, 4], [2, 3, 4], [0, 3], [1, 3]] seed=[(1, 3), (2, 28), (5, 10), (6, 28), (8, 10), (9, 28), (11, 10), (12, 28)]
  parity d/p=2/7 n=5 N=22 -> SAT         6s  rules=[(0, 1, 0), (0, -1, 1), (0, -1, 0), (0, -1, -1), (-1, 1, 0)] tgt=[[0, 2], [0, 1, 4], [1, 2, 4], [1, 2, 4], [0, 3, 4]] seed=[(1, 19), (4, 19), (7, 19), (11, 22), (14, 22), (16, 22), (17, 28)]
  parity d/p=2/7 n=5 N=28 -> SAT        12s  rules=[(0, 1, 1), (0, -1, 1), (0, 1, 0), (1, -1, 0), (0, 1, 0)] tgt=[[0, 1, 2, 3, 4], [0, 1, 2, 4], [0, 1, 3, 4], [0, 1, 3, 4], [0, 1, 4]] seed=[(1, 8), (2, 8), (7, 8), (8, 8)]
  parity d/p=3/7 n=3 N=16 -> UNSAT     144s
  parity d/p=3/7 n=3 N=22 -> UNSAT     395s
  parity d/p=3/7 n=3 N=28 -> UNSAT     443s
  parity d/p=3/7 n=4 N=16 -> SAT        58s  rules=[(0, -1, 0), (0, -1, 1), (0, -1, -1), (0, -1, 1)] tgt=[[0, 3], [1, 2], [0, 3], [0, 1, 2, 3]] seed=[(1, 9), (2, 6), (5, 6), (7, 9), (8, 6), (9, 9), (11, 9)]
  parity d/p=3/7 n=4 N=22 -> SAT        13s  rules=[(0, -1, 1), (0, -1, 0), (0, 1, 1), (-1, 1, -1)] tgt=[[0, 1, 2], [0, 1, 2], [1, 3], [1, 3]] seed=[(1, 7), (2, 10), (3, 10), (7, 10), (11, 10), (12, 13), (17, 13)]
  parity d/p=3/7 n=4 N=28 -> SAT        56s  rules=[(0, -1, 0), (0, -1, -1), (0, -1, 1), (0, -1, 1)] tgt=[[0, 2], [0, 2], [0, 1, 3], [0, 2]] seed=[(2, 14), (5, 5), (6, 5), (8, 5), (9, 14), (10, 5), (14, 14), (19, 14), (23, 5)]
  parity d/p=3/7 n=5 N=16 -> SAT        21s  rules=[(0, 1, 0), (1, -1, 0), (0, -1, 1), (1, -1, 1), (0, -1, 0)] tgt=[[0, 4], [1, 3], [0, 1, 3, 4], [0, 1, 2, 3], [2, 4]] seed=[(1, 10), (2, 27), (10, 20), (11, 27)]
  parity d/p=3/7 n=5 N=22 -> SAT       172s  rules=[(0, -1, 0), (0, -1, 1), (-1, 1, -1), (0, -1, 1), (0, 1, 0)] tgt=[[0, 1, 2, 3], [0, 3, 4], [0, 3], [0, 3], [1, 2, 4]] seed=[(1, 9), (3, 25), (5, 22), (10, 9), (13, 6), (14, 9), (17, 22)]
  parity d/p=3/7 n=5 N=28 -> SAT        48s  rules=[(0, 1, 0), (-1, 1, -1), (0, -1, 0), (-1, 1, 0), (0, 1, 1)] tgt=[[3, 4], [0, 1], [0, 1, 2, 3], [0, 1, 3, 4], [2, 3]] seed=[(1, 12)]
  or     d/p=2/3 n=3 N=16 -> UNSAT       5s
  or     d/p=2/3 n=3 N=22 -> UNSAT       8s
  or     d/p=2/3 n=3 N=28 -> UNSAT      16s
  or     d/p=2/3 n=4 N=16 -> SAT         0s  rules=[(0, -1, 0), (0, -1, 1), (1, -1, 0), (0, 1, 1)] tgt=[[0, 1, 2], [0, 3], [0, 1], [0, 1]] seed=[(1, 3)]
  or     d/p=2/3 n=4 N=22 -> SAT         0s  rules=[(0, -1, 0), (0, -1, 1), (1, -1, 0), (0, 1, 1)] tgt=[[0, 1, 2], [0, 3], [0, 1], [0, 1]] seed=[(1, 3)]
  or     d/p=2/3 n=4 N=28 -> SAT         0s  rules=[(0, -1, 0), (0, -1, 1), (1, -1, 0), (0, 1, 1)] tgt=[[0, 1, 2], [0, 3], [0, 1], [0, 1]] seed=[(1, 3)]
  or     d/p=2/3 n=5 N=16 -> SAT         0s  rules=[(0, -1, 1), (0, 1, 0), (0, -1, 0), (-1, 1, 1), (-1, 1, -1)] tgt=[[0, 1, 3, 4], [0, 1, 4], [2, 3], [1, 4], [0, 2, 3]] seed=[(1, 1)]
  or     d/p=2/3 n=5 N=22 -> SAT         0s  rules=[(0, -1, 1), (0, 1, 0), (0, -1, 0), (-1, 1, 1), (-1, 1, -1)] tgt=[[0, 1, 3, 4], [0, 1, 4], [2, 3], [1, 4], [0, 2, 3]] seed=[(1, 1)]
  or     d/p=2/3 n=5 N=28 -> SAT         0s  rules=[(0, -1, 1), (0, 1, 0), (0, -1, 0), (-1, 1, 1), (-1, 1, -1)] tgt=[[0, 1, 3, 4], [0, 1, 4], [2, 3], [1, 4], [0, 2, 3]] seed=[(1, 1)]
  or     d/p=3/4 n=3 N=16 -> UNSAT       6s
  or     d/p=3/4 n=3 N=22 -> UNSAT      19s
  or     d/p=3/4 n=3 N=28 -> UNSAT      31s
  or     d/p=3/4 n=4 N=16 -> SAT         0s  rules=[(1, -1, 0), (0, -1, 1), (0, -1, 0), (-1, 1, 1)] tgt=[[0, 1, 3], [0, 2, 3], [1, 2], [1, 2]] seed=[(1, 11), (2, 13), (6, 13), (11, 11)]
  or     d/p=3/4 n=4 N=22 -> SAT         1s  rules=[(-1, 1, 1), (-1, 1, 0), (0, 1, -1), (0, -1, 1)] tgt=[[0, 1, 2, 3], [0, 2, 3], [0, 1, 2, 3], [1, 3]] seed=[(1, 15), (2, 15), (4, 10), (5, 15), (14, 15), (15, 5), (16, 15), (17, 7)]
  or     d/p=3/4 n=4 N=28 -> SAT         0s  rules=[(0, -1, 1), (0, 1, 1), (0, -1, 0), (0, -1, -1)] tgt=[[0, 1, 2, 3], [0, 2], [0, 2], [0, 2]] seed=[(2, 15), (7, 5), (8, 10), (9, 15), (12, 5), (14, 5), (15, 10), (16, 15), (18, 5), (19, 10), (20, 15), (23, 5)]
  or     d/p=3/4 n=5 N=16 -> SAT         0s  rules=[(-1, 1, 1), (0, 1, 1), (-1, 1, -1), (0, -1, 1), (0, -1, 0)] tgt=[[1, 2, 3], [3, 4], [1, 2], [0, 1, 2], [0, 3, 4]] seed=[(1, 31), (2, 30), (5, 25), (6, 24), (8, 31), (9, 30), (11, 31)]
  or     d/p=3/4 n=5 N=22 -> SAT         0s  rules=[(0, -1, 0), (0, -1, 1), (-1, 1, -1), (1, 1, 1), (0, 1, 1)] tgt=[[0, 1, 2, 3], [0, 1, 2, 3, 4], [0, 1, 2, 3, 4], [0, 1, 4], [0, 1, 2, 3]] seed=[(1, 15), (2, 31), (3, 15), (6, 15), (11, 15), (17, 15)]
  or     d/p=3/4 n=5 N=28 -> SAT         1s  rules=[(0, 1, 1), (0, -1, 0), (0, -1, 1), (0, 1, 0), (0, 1, 0)] tgt=[[2, 4], [0, 1, 3], [2, 3, 4], [0, 1], [2, 4]] seed=[(1, 20), (23, 11)]
  or     d/p=2/5 n=3 N=16 -> UNSAT      27s
  or     d/p=2/5 n=3 N=22 -> UNSAT      53s
  or     d/p=2/5 n=3 N=28 -> UNSAT     104s
  or     d/p=2/5 n=4 N=16 -> SAT         1s  rules=[(-1, 1, -1), (1, 1, -1), (-1, 1, 1), (0, -1, 1)] tgt=[[1, 3], [1, 3], [1, 3], [0, 1, 2]] seed=[(1, 10), (2, 7), (4, 7), (5, 10), (10, 10), (12, 10)]
  or     d/p=2/5 n=4 N=22 -> SAT         1s  rules=[(-1, 1, 1), (1, -1, 1), (0, 1, -1), (0, 1, 0)] tgt=[[2, 3], [0, 1, 2, 3], [0, 1], [0, 3]] seed=[(1, 3), (2, 5), (6, 9), (7, 3), (10, 9), (11, 3), (13, 9), (15, 5)]
  or     d/p=2/5 n=4 N=28 -> SAT         1s  rules=[(1, 1, 1), (-1, 1, 1), (-1, 1, -1), (0, -1, 1)] tgt=[[1, 3], [0, 3], [0, 3], [1, 2]] seed=[(1, 9), (2, 6), (4, 6), (5, 9), (7, 9), (8, 6), (9, 9), (10, 6)]
  or     d/p=2/5 n=5 N=16 -> SAT         0s  rules=[(0, -1, 0), (0, -1, 1), (0, -1, 0), (-1, 1, 0), (1, -1, 0)] tgt=[[0, 1, 3, 4], [0, 3], [1, 2], [1, 4], [2, 4]] seed=[(1, 27), (3, 6), (4, 18), (12, 27)]
  or     d/p=2/5 n=5 N=22 -> SAT         1s  rules=[(0, -1, 1), (0, 1, 0), (-1, 1, 1), (1, -1, 0), (0, 1, 0)] tgt=[[1, 2, 4], [1, 2, 3], [0, 4], [0, 3], [0, 4]] seed=[(1, 7), (2, 9), (4, 9), (5, 22), (7, 22), (16, 7), (18, 17)]
  or     d/p=2/5 n=5 N=28 -> SAT         1s  rules=[(0, -1, 1), (1, -1, 0), (0, -1, 0), (0, 1, 0), (-1, 1, 1)] tgt=[[1, 2, 3, 4], [0, 2], [0, 2, 3, 4], [1, 2], [1, 3, 4]] seed=[(1, 3), (4, 27), (6, 28), (15, 3), (19, 3), (24, 3)]
  or     d/p=3/5 n=3 N=16 -> UNSAT      21s
  or     d/p=3/5 n=3 N=22 -> UNSAT      35s
  or     d/p=3/5 n=3 N=28 -> UNSAT      49s
  or     d/p=3/5 n=4 N=16 -> SAT         2s  rules=[(0, 1, 0), (-1, 1, -1), (-1, 1, 1), (0, 1, 1)] tgt=[[0, 1, 2, 3], [1, 2], [0, 1, 2, 3], [1, 2]] seed=[(1, 6), (2, 15), (4, 6), (10, 15), (11, 6)]
  or     d/p=3/5 n=4 N=22 -> SAT         0s  rules=[(0, -1, 0), (1, -1, -1), (0, -1, 1), (-1, 1, 1)] tgt=[[0, 2], [0, 2], [0, 1, 2, 3], [0, 2]] seed=[(2, 10), (3, 15), (5, 5), (6, 10), (7, 15), (8, 5), (11, 5), (12, 10), (13, 15), (14, 5), (17, 15)]
  or     d/p=3/5 n=4 N=28 -> SAT         2s  rules=[(-1, 1, 1), (1, -1, 0), (0, 1, 0), (0, -1, 1)] tgt=[[1, 2], [0, 1, 3], [0, 2, 3], [0, 1, 3]] seed=[(1, 13), (3, 11), (4, 11), (8, 6), (9, 11), (10, 11), (13, 13), (15, 11), (16, 11), (20, 11), (21, 11), (23, 11)]
  or     d/p=3/5 n=5 N=16 -> SAT         1s  rules=[(0, -1, 0), (-1, 1, -1), (0, -1, 1), (0, 1, 1), (0, 1, 0)] tgt=[[0, 1, 2, 3], [2, 3], [2, 3], [1, 4], [0, 4]] seed=[(1, 15), (4, 15), (8, 15), (9, 30), (11, 15)]
  or     d/p=3/5 n=5 N=22 -> SAT         2s  rules=[(0, 1, -1), (0, -1, 1), (0, -1, 0), (0, -1, 0), (0, -1, 1)] tgt=[[2, 4], [1, 2, 3, 4], [2, 4], [1, 3], [0, 2, 4]] seed=[(1, 20), (2, 31), (5, 31), (9, 20), (10, 31), (13, 20), (14, 1), (15, 31), (17, 10)]
  or     d/p=3/5 n=5 N=28 -> SAT         1s  rules=[(0, -1, 1), (-1, 1, -1), (0, -1, 0), (0, -1, 1), (0, -1, 0)] tgt=[[1, 3, 4], [0, 2, 3], [0, 1, 2], [0, 1, 2], [3, 4]] seed=[(1, 24), (6, 2), (7, 7), (11, 7), (13, 24), (15, 15), (16, 7), (19, 7), (23, 24)]
  or     d/p=4/5 n=3 N=16 -> UNSAT       8s
  or     d/p=4/5 n=3 N=22 -> UNSAT      26s
  or     d/p=4/5 n=3 N=28 -> UNSAT      50s
  or     d/p=4/5 n=4 N=16 -> SAT         1s  rules=[(1, -1, 0), (0, 1, 1), (-1, 1, 1), (0, 1, 0)] tgt=[[0, 1], [2, 3], [0, 1, 2, 3], [0, 1, 2, 3]] seed=[(1, 15), (5, 3), (6, 12), (9, 3), (10, 15)]
  or     d/p=4/5 n=4 N=22 -> SAT         1s  rules=[(-1, 1, -1), (0, -1, 1), (-1, 1, 1), (0, 1, 0)] tgt=[[0, 1, 2, 3], [1, 3], [0, 1, 2, 3], [0, 2, 3]] seed=[(1, 13), (3, 15), (11, 2), (12, 10), (15, 2), (16, 5)]
  or     d/p=4/5 n=4 N=28 -> SAT         1s  rules=[(0, -1, 1), (-1, 1, -1), (-1, 1, 1), (0, 1, 0)] tgt=[[0, 3], [1, 2], [0, 1, 2, 3], [0, 1, 2, 3]] seed=[(1, 15), (4, 15), (18, 9), (21, 6), (22, 6)]
  or     d/p=4/5 n=5 N=16 -> SAT         0s  rules=[(0, 1, 1), (-1, 1, -1), (0, -1, 0), (0, 1, 1), (0, -1, 1)] tgt=[[1, 2], [0, 1], [1, 2, 3, 4], [0, 2], [3, 4]] seed=[(1, 30), (6, 30), (10, 30)]
  or     d/p=4/5 n=5 N=22 -> SAT         7s  rules=[(-1, 1, 1), (-1, 1, 1), (0, 1, -1), (0, -1, 0), (1, -1, 1)] tgt=[[1, 3, 4], [0, 1, 2, 3], [1, 3, 4], [1, 3], [0, 1, 2, 3, 4]] seed=[(1, 26), (2, 21), (5, 16), (6, 31), (8, 10), (10, 31), (12, 16), (13, 31), (15, 26), (16, 21)]
  or     d/p=4/5 n=5 N=28 -> SAT         9s  rules=[(1, -1, 1), (0, 1, -1), (-1, 1, 1), (0, -1, 0), (-1, 1, 1)] tgt=[[0, 1, 2, 3, 4], [0, 2, 3], [1, 2, 3, 4], [2, 3], [0, 2, 3]] seed=[(1, 1), (2, 31), (12, 1), (13, 31), (15, 13), (16, 19), (21, 1), (22, 31)]
  or     d/p=2/7 n=3 N=16 -> SAT         7s  rules=[(-1, 1, 1), (0, 1, 0), (0, 1, -1)] tgt=[[0, 1, 2], [0, 1, 2], [0, 2]] seed=[(2, 7), (3, 5), (5, 5), (6, 7), (8, 5), (9, 5), (11, 5), (12, 7)]
  or     d/p=2/7 n=3 N=22 -> SAT        20s  rules=[(-1, 1, 1), (0, 1, -1), (0, 1, 0)] tgt=[[0, 1, 2], [0, 1], [0, 1, 2]] seed=[(1, 3), (2, 3), (5, 4), (8, 7), (14, 7), (15, 3), (17, 3), (18, 7)]
  or     d/p=2/7 n=3 N=28 -> SAT        26s  rules=[(0, 1, 0), (-1, 1, 1), (0, 1, -1)] tgt=[[0, 1, 2], [0, 1, 2], [1, 2]] seed=[(1, 6), (2, 7), (5, 7), (15, 1), (18, 7), (20, 6), (21, 7), (24, 7)]
  or     d/p=2/7 n=4 N=16 -> SAT         3s  rules=[(1, -1, 0), (0, 1, -1), (0, 1, 0), (-1, 1, 1)] tgt=[[0, 1, 2], [1, 3], [1, 2, 3], [1, 2, 3]] seed=[(2, 14), (3, 10), (4, 10), (5, 10), (8, 10), (9, 10), (11, 10), (12, 14)]
  or     d/p=2/7 n=4 N=22 -> SAT         5s  rules=[(0, 1, 0), (0, 1, -1), (-1, 1, 1), (1, -1, 0)] tgt=[[0, 1, 2], [1, 2], [0, 1, 2], [0, 1, 2]] seed=[(2, 7), (3, 6), (4, 6), (5, 6), (7, 6), (8, 6), (10, 6), (11, 7), (13, 6), (14, 6), (16, 6), (17, 7)]
  or     d/p=2/7 n=4 N=28 -> SAT        19s  rules=[(0, 1, 1), (-1, 1, -1), (0, -1, 0), (1, -1, 1)] tgt=[[1, 2], [0, 2, 3], [1, 2, 3], [0, 3]] seed=[(1, 2), (2, 6), (4, 12), (5, 6)]
  or     d/p=2/7 n=5 N=16 -> SAT         2s  rules=[(0, 1, 0), (0, -1, 1), (1, -1, 0), (0, -1, 0), (-1, 1, 0)] tgt=[[2, 4], [0, 1, 2, 4], [0, 2, 3, 4], [1, 3], [0, 3]] seed=[(1, 10), (3, 10), (9, 3), (11, 3), (12, 10)]
  or     d/p=2/7 n=5 N=22 -> SAT        26s  rules=[(-1, 1, -1), (0, 1, 1), (0, -1, 0), (0, 1, 0), (0, 1, 0)] tgt=[[0, 1, 3, 4], [0, 2, 3], [0, 1, 3, 4], [0, 2, 3, 4], [0, 3]] seed=[(1, 16)]
  or     d/p=2/7 n=5 N=28 -> SAT         2s  rules=[(0, -1, 0), (1, -1, 1), (0, 1, 0), (0, -1, 0), (0, 1, 1)] tgt=[[1, 2, 3, 4], [0, 1, 3], [1, 3], [0, 1], [1, 3]] seed=[(1, 1)]
  or     d/p=3/7 n=3 N=16 -> UNSAT      60s
  or     d/p=3/7 n=3 N=22 -> UNSAT     170s
  or     d/p=3/7 n=3 N=28 -> UNSAT     171s
  or     d/p=3/7 n=4 N=16 -> SAT         4s  rules=[(0, -1, 0), (0, 1, 0), (0, -1, 0), (0, -1, 1)] tgt=[[1, 2, 3], [0, 2, 3], [0, 1], [1, 2, 3]] seed=[(1, 15), (4, 12), (7, 15), (8, 3), (11, 12)]
  or     d/p=3/7 n=4 N=22 -> SAT        13s  rules=[(0, 1, -1), (0, -1, 0), (0, 1, 1), (0, -1, 1)] tgt=[[1, 2, 3], [1, 2], [0, 3], [0, 1, 2]] seed=[(1, 14), (12, 8), (13, 9), (17, 14)]
  or     d/p=3/7 n=4 N=28 -> SAT       618s  rules=[(0, 1, 1), (-1, 1, -1), (0, -1, 0), (0, -1, 1)] tgt=[[1, 3], [0, 2, 3], [0, 2], [0, 1, 2]] seed=[(1, 8), (2, 10), (4, 5), (5, 8), (6, 10), (9, 5), (10, 10), (16, 13), (19, 13), (20, 10), (22, 5), (23, 13)]
  or     d/p=3/7 n=5 N=16 -> SAT         3s  rules=[(1, -1, 0), (0, -1, 0), (-1, 1, 1), (0, -1, 1), (0, 1, 0)] tgt=[[1, 4], [0, 1, 2, 3, 4], [3, 4], [0, 2, 3], [1, 3]] seed=[(1, 18), (2, 13), (3, 18), (5, 31), (7, 24), (10, 13), (11, 13)]
  or     d/p=3/7 n=5 N=22 -> SAT        11s  rules=[(0, -1, 0), (0, -1, 0), (0, -1, 1), (0, -1, 0), (0, -1, 1)] tgt=[[0, 4], [1, 3], [0, 4], [1, 2], [0, 1, 4]] seed=[(1, 17), (6, 19), (8, 17), (12, 19), (17, 14)]
  or     d/p=3/7 n=5 N=28 -> SAT        58s  rules=[(0, -1, 0), (-1, 1, -1), (0, -1, 0), (0, 1, 0), (0, -1, 1)] tgt=[[0, 1, 3, 4], [0, 2, 3, 4], [1, 2], [0, 1, 2], [0, 3, 4]] seed=[(1, 6), (2, 25), (19, 31), (23, 31)]
