FULL SPEED SPECTRUM, W=1, parity, min_outdeg=2 (complete over all constitutions in the box)
 n=2 N=16
   p=1  1/1=YES
   p=2  1/2=no
   p=3  1/3=no  2/3=no
   p=4  1/4=no  3/4=no
   p=5  1/5=no  2/5=no  3/5=no  4/5=no
   p=6  1/6=no  5/6=no
   p=7  1/7=no  2/7=no  3/7=no  4/7=no  5/7=no  6/7=no
   p=8  1/8=no  3/8=no  5/8=no  7/8=no
 n=3 N=20
   p=1  1/1=YES
   p=2  1/2=YES
   p=3  1/3=YES  2/3=no
   p=4  1/4=YES  3/4=no
   p=5  1/5=YES  2/5=no  3/5=no  4/5=no
   p=6  1/6=YES  5/6=no
   p=7  1/7=YES  2/7=YES  3/7=no  4/7=no  5/7=no  6/7=no
   p=8  1/8=no  3/8=no  5/8=no  7/8=no
 n=4 N=20
   p=1  1/1=YES
   p=2  1/2=YES
   p=3  1/3=YES  2/3=YES
   p=4  1/4=YES  3/4=YES
   p=5  1/5=YES  2/5=YES  3/5=YES  4/5=YES
   p=6  1/6=YES  5/6=YES
   p=7  1/7=YES  2/7=YES  3/7=YES  4/7=YES  5/7=YES  6/7=YES
   p=8  1/8=YES  3/8=YES  5/8=YES  7/8=YES
 n=5 N=18
   p=1  1/1=YES
   p=2  1/2=YES
   p=3  1/3=YES  2/3=YES
   p=4  1/4=YES  3/4=YES
   p=5  1/5=YES  2/5=YES  3/5=YES  4/5=YES
   p=6  1/6=YES  5/6=YES
   p=7  1/7=YES  2/7=YES  3/7=YES  4/7=YES  5/7=YES  6/7=YES
   p=8  1/8=YES  3/8=YES  5/8=YES  7/8=YES
