== monomials ==
  sigma-recursion (sets) == OR-Fibonacci (ints) for n < 20000: True
  mu_0..15 = [1, 2, 4, 7, 8, 16, 25, 26, 28, 31, 32, 64, 97, 98, 100, 103]
  strictly increasing for n < 60000: True
  every M_n non-empty (mu_n > 0): True

== Theorem 1.7 (blocks) ==
  j = 0..13  (N_j up to 24574, indices to 49149): ALL PASS

== the shift-rule edge case  M = [0,2j] exactly ==
  j=0  M=[0,0]:  sigma(M u Q_j)=[3]             sigma(M) u Q_j=[1, 2]           DIFFER  <- hypothesis M != [0,2j] is essential
  j=1  M=[0,2]:  sigma(M u Q_j)=[5]             sigma(M) u Q_j=[3, 4]           DIFFER  <- hypothesis M != [0,2j] is essential
  j=2  M=[0,4]:  sigma(M u Q_j)=[7]             sigma(M) u Q_j=[5, 6]           DIFFER  <- hypothesis M != [0,2j] is essential
  j=3  M=[0,6]:  sigma(M u Q_j)=[9]             sigma(M) u Q_j=[7, 8]           DIFFER  <- hypothesis M != [0,2j] is essential
  shift rule on EVERY proper subset M of [0,2j], j=0..3: ALL PASS
  the written line  M_{N_j+3} = M_1 u Q_j  at j=0:  M_4 = [3], M_1 u Q_0 = [1, 2]  -> FALSE (vacuous: (3) has range i < N_0 = 1, so i=1 is out of range)

== Corollary 1.8 (singletons) ==
  #singletons among n < 60000: 31 ; exponents = 0..30 each exactly once: True
  singleton indices == {0} u {N_j, N_j+1}: True
  first 12 singleton indices: [0, 1, 2, 4, 5, 10, 11, 22, 23, 46, 47, 94]

== Corollary 1.9 (initial segments) ==
  {n : M_n subset [0,K]} is an initial segment and A(K) matches the formula for K = -1..29: True

== Theorem 1.10 (reset) / 1.11 (crest), closed form ==
  |S_{2^k}| for k = 0..29: {4} -> 4 EVERYWHERE
  |S_{2^k-1}| k=1..26: [4, 5, 7, 8, 13, 14, 25, 26, 49, 50, 97, 98, 193, 194, 385, 386] ...
  == 3 + A(k-1): True   == closed formula: True
  JUBILEE-LAW.md table k=3..17: [7, 8, 13, 14, 25, 26, 49, 50, 97, 98, 193, 194, 385, 386, 769] True

== Theorem 1.12 (grading) ==
  pair recursion == closed form (M_n count) for every t < 2^14: True
  t = 2^k-1 the UNIQUE maximiser of |S_t| over t < 2^k, k = 1..20: True

  window of 17 bits (t < 2^17):
    min per weight w=1..17: [4, 5, 6, 7, 8, 9, 10, 11, 12, 14, 19, 30, 53, 100, 195, 386, 769]
    max per weight w=1..17: [4, 5, 7, 9, 13, 17, 25, 33, 49, 65, 97, 129, 193, 257]
    == JUBILEE-LAW.md published min row: True

  window of 41 bits (t < 2^41):
    min per weight w=1..41: [4, 5, 6, 7, 8, 9, 10, 11, 12, 13, 14, 15, 16, 17, 18, 19, 20, 21, 22, 23]
    max per weight w=1..41: [4, 5, 7, 9, 13, 17, 25, 33, 49, 65, 97, 129, 193, 257]
    min == w+3 for every w: False
    max == formula: True

  brute force t < 2^18 vs DP(18 bits): True
    brute min w=1..18: [4, 5, 6, 7, 8, 9, 10, 11, 12, 13, 15, 20, 31, 54, 101, 196, 387, 770]
    brute max w=1..18: [4, 5, 7, 9, 13, 17, 25, 33, 49, 65, 97, 129, 193, 257, 385, 513, 769, 770]

== the max/min optimisation, brute force over ALL op orderings ==
  w=0..14: max over every ordering == closed formula and min == w: ALL PASS
  (order matters: +1 then double gives 2F+4; double then +1 gives 2F+3)

  smallest maximiser over t < 2^20, w=1..12: [(1, 1, True), (2, 3, True), (3, 7, True), (4, 27, False), (5, 31, True), (6, 123, False), (7, 127, True), (8, 507, False), (9, 511, True), (10, 2043, False), (11, 2047, True), (12, 8187, False)]

== Theorem 1.14 (general lazy counter) ==
  every I subset [1,6] with 1 in I (32 profiles), 4000 terms: strictly increasing AND each 2^k exactly once: ALL PASS
  counter-examples WITHOUT 1 in I (the hypothesis is needed):
    I=(2,)     mu = [1, 1, 2, 2, 3, 3, 4, 4, 5, 5] ... increasing=False, 2^k multiplicities={0: 2, 1: 2, 2: 2, 3: 2}
    I=(3,)     mu = [1, 1, 1, 2, 2, 2, 3, 3, 3, 4] ... increasing=False, 2^k multiplicities={0: 3, 1: 3, 2: 3}
    I=(2, 3)   mu = [1, 1, 2, 2, 4, 3, 7, 8, 8, 16] ... increasing=False, 2^k multiplicities={0: 2, 1: 2, 2: 1, 3: 2, 4: 1, 5: 2}
  I={1}: wt(y(t)) == 2^popcount(t) - 1 for t < 2^12: True
