class (5, 7, 2)  mode=parity  (4 kinds: [[0, -1, -1], [0, -1, 0], [0, -1, 1], [0, 1, 0]])
   span  4 : max |d0| =     8   seed [0, 2, 3]
   span  6 : max |d0| =     8   seed [0, 2, 3, 4, 5]
   span  8 : max |d0| =    16   seed [0, 3, 4, 7]
   span 10 : max |d0| =    32   seed [0, 1, 5, 6, 7, 9]
   span 12 : max |d0| =    64   seed [0, 3, 6, 8, 10, 11]
   span 14 : max |d0| =    64   seed [0, 2, 4, 5, 7, 10, 11, 12, 13]
   span 16 : max |d0| =   128   seed [0, 2, 3, 4, 5, 6, 7, 8, 9, 11, 12, 13, 14, 15]
   span 18 : max |d0| =    64   seed [0, 2, 5, 6, 9, 12, 13, 16, 17]
   span 20 : max |d0| =   128   seed [0, 2, 4, 7, 10, 13, 14, 15, 17, 18, 19]
   span 22 : max |d0| =   128   seed [0, 2, 3, 5, 9, 10, 11, 12, 18, 19, 21]
class (5, 2, 7)  mode=parity  (4 kinds: [[0, -1, 0], [0, 1, -1], [0, 1, 0], [0, 1, 1]])
   span  4 : max |d0| =     8   seed [0, 2, 3]
   span  6 : max |d0| =     8   seed [0, 1, 2, 3, 5]
   span  8 : max |d0| =    16   seed [0, 3, 4, 7]
   span 10 : max |d0| =    32   seed [0, 1, 3, 5, 8, 9]
   span 12 : max |d0| =    64   seed [0, 2, 3, 5, 7, 10, 11]
   span 14 : max |d0| =    32   seed [0, 1, 2, 4, 5, 6, 9, 10, 12, 13]
   span 16 : max |d0| =    64   seed [0, 1, 2, 3, 5, 7, 8, 9, 10, 12, 13, 15]
   span 18 : max |d0| =   128   seed [0, 4, 5, 6, 9, 10, 13, 15, 17]
   span 20 : max |d0| =    64   seed [0, 1, 2, 4, 7, 10, 12, 13, 14, 15, 16, 19]
   span 22 : max |d0| =    64   seed [0, 4, 5, 6, 7, 8, 9, 12, 13, 17, 20, 21]
class (1, 3, 2)  mode=or  (3 kinds: [[0, -1, -1], [-1, 1, 0], [1, -1, 0]])
   span  4 : max |d0| =     4   seed [0, 2, 3]
   span  6 : max |d0| =     4   seed [0, 1, 2, 3, 5]
   span  8 : max |d0| =     8   seed [0, 2, 4, 5, 6, 7]
   span 10 : max |d0| =     8   seed [0, 1, 2, 4, 5, 6, 7, 8, 9]
   span 12 : max |d0| =     8   seed [0, 1, 2, 3, 5, 6, 7, 9, 11]
   span 14 : max |d0| =     8   seed [0, 1, 4, 6, 8, 9, 10, 13]
   span 16 : max |d0| =    16   seed [0, 2, 3, 4, 5, 6, 7, 8, 9, 10, 11, 12, 14, 15]
   span 18 : max |d0| =    16   seed [0, 1, 2, 3, 4, 6, 7, 8, 9, 10, 11, 12, 13, 14, 17]
   span 20 : max |d0| =    16   seed [0, 2, 4, 5, 6, 8, 9, 10, 11, 12, 14, 16, 19]
   span 22 : max |d0| =    16   seed [0, 2, 4, 6, 8, 9, 10, 12, 14, 16, 18, 19, 20, 21]
