56 jobs (0 already done), 6 workers
[   1/  56      0s] n2 W1 N22 p2 d1 parity box20       UNSAT     0.1s
[   2/  56      0s] n2 W1 N28 p2 d1 parity box26       UNSAT     0.0s
[   3/  56      0s] n2 W1 N22 p3 d1 parity box20       UNSAT     0.1s
[   4/  56      0s] n2 W1 N22 p3 d2 parity box20       UNSAT     0.1s
[   5/  56      0s] n2 W1 N22 p4 d3 parity box20       UNSAT     0.2s
[   6/  56      0s] n2 W1 N22 p4 d1 parity box20       UNSAT     0.3s
[   7/  56      0s] n2 W1 N28 p3 d1 parity box26       UNSAT     0.3s
[   8/  56      0s] n2 W1 N28 p3 d2 parity box26       UNSAT     0.2s
[   9/  56      1s] n2 W2 N24 p2 d3 parity box20       UNSAT     0.1s
[  10/  56      1s] n2 W1 N28 p4 d3 parity box26       UNSAT     0.3s
[  11/  56      1s] n2 W1 N28 p4 d1 parity box26       UNSAT     0.4s
[  12/  56      1s] n2 W1 N28 p5 d2 parity box26       SAT       0.4s
[  13/  56      1s] n2 W1 N22 p5 d2 parity box20       UNSAT     0.7s
[  14/  56      1s] n2 W2 N24 p3 d4 parity box20       UNSAT     0.7s
[  15/  56      2s] n2 W2 N30 p2 d3 parity box26       UNSAT     0.3s
[  16/  56      5s] n2 W2 N24 p4 d3 parity box20       UNSAT     4.0s
[  17/  56      6s] n2 W2 N30 p3 d4 parity box26       UNSAT     0.9s
[  18/  56      8s] n2 W2 N24 p6 d5 parity box20       UNSAT     7.7s
[  19/  56      9s] n2 W2 N30 p4 d3 parity box26       UNSAT     6.9s
[  20/  56     11s] n2 W3 N26 p3 d5 parity box20       UNSAT     2.3s
[  21/  56     11s] n2 W2 N24 p5 d3 parity box20       UNSAT    10.6s
[  22/  56     11s] n2 W3 N26 p2 d5 parity box20       UNSAT     0.1s
[  23/  56     20s] n2 W2 N24 p5 d1 parity box20       UNSAT    19.6s
[  24/  56     21s] n2 W3 N26 p4 d5 parity box20       UNSAT     9.9s
[  25/  56     23s] n2 W2 N30 p5 d3 parity box26       UNSAT    17.0s
[  26/  56     25s] n2 W2 N30 p6 d5 parity box26       UNSAT    16.9s
[  27/  56     26s] n2 W3 N32 p3 d5 parity box26       UNSAT     4.4s
[  28/  56     26s] n2 W3 N32 p2 d5 parity box26       UNSAT     0.5s
[  29/  56     35s] n2 W2 N30 p5 d1 parity box26       UNSAT    33.7s
[  30/  56     52s] n2 W3 N26 p5 d6 parity box20       UNSAT    31.7s
