208 jobs (0 already done), 6 workers
[   1/ 208      0s] n2 W1 N16 p1 d1 parity             SAT       0.0s
[   2/ 208      0s] n2 W1 N16 p2 d1 parity             UNSAT     0.0s
[   3/ 208      0s] n2 W1 N16 p4 d3 parity             UNSAT     0.1s
[   4/ 208      0s] n2 W1 N16 p3 d2 parity             UNSAT     0.1s
[   5/ 208      0s] n2 W1 N16 p3 d1 parity             UNSAT     0.2s
[   6/ 208      0s] n2 W1 N16 p5 d4 parity             UNSAT     0.1s
[   7/ 208      0s] n2 W1 N16 p4 d1 parity             UNSAT     0.3s
[   8/ 208      0s] n2 W1 N16 p5 d3 parity             UNSAT     0.3s
[   9/ 208      1s] n2 W1 N16 p6 d5 parity             UNSAT     0.2s
[  10/ 208      1s] n2 W1 N16 p5 d2 parity             UNSAT     0.4s
[  11/ 208      1s] n2 W1 N16 p5 d1 parity             UNSAT     0.6s
[  12/ 208      1s] n2 W1 N16 p6 d1 parity             UNSAT     0.5s
[  13/ 208      1s] n2 W1 N16 p7 d6 parity             UNSAT     0.1s
[  14/ 208      1s] n2 W1 N16 p7 d5 parity             UNSAT     0.2s
[  15/ 208      1s] n2 W1 N16 p7 d1 parity             UNSAT     0.6s
[  16/ 208      1s] n2 W1 N16 p7 d4 parity             UNSAT     0.4s
[  17/ 208      1s] n2 W1 N16 p8 d7 parity             UNSAT     0.1s
[  18/ 208      1s] n3 W1 N16 p1 d1 parity             SAT       0.0s
[  19/ 208      1s] n3 W1 N16 p2 d1 parity             SAT       0.0s
[  20/ 208      1s] n2 W1 N16 p7 d3 parity             UNSAT     0.7s
[  21/ 208      1s] n3 W1 N16 p3 d1 parity             SAT       0.1s
[  22/ 208      1s] n3 W1 N16 p4 d1 parity             SAT       0.0s
[  23/ 208      1s] n2 W1 N16 p8 d5 parity             UNSAT     0.5s
[  24/ 208      1s] n2 W1 N16 p7 d2 parity             UNSAT     1.0s
[  25/ 208      2s] n3 W1 N16 p3 d2 parity             SAT       0.5s
[  26/ 208      2s] n3 W1 N16 p5 d1 parity             SAT       0.5s
[  27/ 208      2s] n3 W1 N16 p5 d2 parity             SAT       0.6s
[  28/ 208      2s] n2 W1 N16 p8 d1 parity             UNSAT     1.2s
[  29/ 208      2s] n2 W1 N16 p8 d3 parity             UNSAT     1.2s
[  30/ 208      3s] n3 W1 N16 p7 d1 parity             SAT       0.4s
[  31/ 208      4s] n3 W1 N16 p6 d1 parity             SAT       1.5s
[  32/ 208     10s] n3 W1 N16 p4 d3 parity             UNSAT     8.4s
[  33/ 208     13s] n3 W1 N16 p6 d5 parity             UNSAT    11.2s
[  34/ 208     18s] n3 W1 N16 p5 d4 parity             UNSAT    15.6s
[  35/ 208     29s] n3 W1 N16 p5 d3 parity             UNSAT    27.4s
[  36/ 208     37s] n3 W1 N16 p7 d6 parity             UNSAT    19.5s
[  37/ 208     46s] n3 W1 N16 p7 d2 parity             SAT      43.4s
[  38/ 208     46s] n3 W1 N16 p7 d5 parity             UNSAT    33.2s
[  39/ 208     61s] n3 W1 N16 p8 d7 parity             UNSAT    14.1s
[  40/ 208     61s] n4 W1 N16 p1 d1 parity             SAT       0.0s
[  41/ 208     61s] n4 W1 N16 p2 d1 parity             SAT       0.0s
[  42/ 208     61s] n4 W1 N16 p3 d1 parity             SAT       0.0s
[  43/ 208     61s] n4 W1 N16 p3 d2 parity             SAT       0.1s
[  44/ 208     61s] n4 W1 N16 p4 d1 parity             SAT       0.1s
[  45/ 208     62s] n4 W1 N16 p4 d3 parity             SAT       1.5s
[  46/ 208     63s] n4 W1 N16 p5 d1 parity             SAT       0.8s
[  47/ 208     64s] n4 W1 N16 p5 d2 parity             SAT       0.7s
[  48/ 208     66s] n4 W1 N16 p5 d3 parity             SAT       1.9s
[  49/ 208     71s] n4 W1 N16 p5 d4 parity             SAT       5.2s
[  50/ 208     73s] n4 W1 N16 p6 d1 parity             SAT       2.4s
[  51/ 208    105s] n3 W1 N16 p7 d4 parity             UNSAT    95.8s
[  52/ 208    110s] n4 W1 N16 p7 d1 parity             SAT       4.9s
[  53/ 208    125s] n3 W1 N16 p8 d5 parity             UNSAT    79.2s
[  54/ 208    129s] n4 W1 N16 p7 d3 parity             SAT       3.6s
[  55/ 208    131s] n4 W1 N16 p7 d4 parity             SAT       1.9s
[  56/ 208    131s] n4 W1 N16 p6 d5 parity             SAT      57.7s
[  57/ 208    155s] n4 W1 N16 p7 d2 parity             SAT      44.5s
[  58/ 208    155s] n2 W2 N18 p1 d1 parity             SAT       0.0s
[  59/ 208    155s] n2 W2 N18 p1 d2 parity             SAT       0.0s
[  60/ 208    155s] n2 W2 N18 p2 d1 parity             SAT       0.0s
[  61/ 208    155s] n2 W2 N18 p2 d3 parity             UNSAT     0.1s
[  62/ 208    155s] n2 W2 N18 p3 d1 parity             SAT       0.2s
[  63/ 208    155s] n2 W2 N18 p3 d2 parity             SAT       0.3s
[  64/ 208    156s] n2 W2 N18 p3 d4 parity             UNSAT     0.4s
[  65/ 208    156s] n2 W2 N18 p3 d5 parity             UNSAT     0.0s
[  66/ 208    156s] n2 W2 N18 p4 d1 parity             SAT       0.2s
[  67/ 208    159s] n2 W2 N18 p4 d3 parity             UNSAT     2.9s
[  68/ 208    159s] n2 W2 N18 p4 d5 parity             UNSAT     0.5s
[  69/ 208    159s] n2 W2 N18 p4 d7 parity             UNSAT     0.1s
[  70/ 208    171s] n2 W2 N18 p5 d1 parity             UNSAT    11.7s
[  71/ 208    180s] n4 W1 N16 p7 d6 parity             SAT      49.0s
[  72/ 208    182s] n2 W2 N18 p5 d2 parity             UNSAT    11.2s
[  73/ 208    186s] n2 W2 N18 p5 d3 parity             UNSAT     5.8s
[  74/ 208    187s] n2 W2 N18 p5 d6 parity             UNSAT     0.8s
[  75/ 208    187s] n2 W2 N18 p5 d7 parity             UNSAT     0.3s
[  76/ 208    187s] n2 W2 N18 p5 d8 parity             UNSAT     0.3s
[  77/ 208    187s] n2 W2 N18 p5 d9 parity             UNSAT     0.1s
[  78/ 208    188s] n2 W2 N18 p6 d1 parity             SAT       1.1s
[  79/ 208    188s] n2 W2 N18 p5 d4 parity             UNSAT     6.1s
[  80/ 208    190s] n2 W2 N18 p6 d7 parity             UNSAT     1.4s
[  81/ 208    190s] n2 W2 N18 p6 d11 parity            UNSAT     0.0s
[  82/ 208    190s] n3 W2 N18 p1 d1 parity             SAT       0.0s
[  83/ 208    190s] n3 W2 N18 p1 d2 parity             SAT       0.1s
[  84/ 208    190s] n3 W2 N18 p2 d1 parity             SAT       0.0s
[  85/ 208    190s] n3 W2 N18 p2 d3 parity             SAT       0.0s
[  86/ 208    190s] n3 W2 N18 p3 d1 parity             SAT       0.0s
[  87/ 208    190s] n3 W2 N18 p3 d2 parity             SAT       0.1s
[  88/ 208    191s] n3 W2 N18 p3 d4 parity             SAT       1.1s
[  89/ 208    191s] n3 W2 N18 p3 d5 parity             SAT       0.2s
[  90/ 208    191s] n3 W2 N18 p4 d1 parity             SAT       0.0s
[  91/ 208    192s] n2 W2 N18 p6 d5 parity             UNSAT     3.6s
[  92/ 208    192s] n3 W2 N18 p4 d5 parity             SAT       0.0s
[  93/ 208    193s] n3 W2 N18 p4 d3 parity             SAT       1.5s
[  94/ 208    194s] n3 W2 N18 p5 d1 parity             SAT       0.8s
[  95/ 208    196s] n3 W2 N18 p5 d2 parity             SAT       2.5s
[  96/ 208    204s] n3 W2 N18 p4 d7 parity             UNSAT    11.9s
[  97/ 208    210s] n3 W2 N18 p5 d4 parity             SAT       5.8s
[  98/ 208    212s] n3 W2 N18 p5 d3 parity             SAT      15.5s
[  99/ 208    216s] n3 W2 N18 p5 d6 parity             SAT       6.3s
[ 100/ 208    216s] n3 W2 N18 p5 d8 parity             SAT       0.3s
[ 101/ 208    222s] n3 W2 N18 p5 d9 parity             UNSAT     5.7s
[ 102/ 208    225s] n3 W2 N18 p6 d1 parity             SAT       3.2s
[ 103/ 208    309s] n3 W1 N16 p7 d3 parity             UNSAT   305.1s
[ 104/ 208    323s] n3 W2 N18 p6 d7 parity             SAT      14.2s
[ 105/ 208    325s] n3 W2 N18 p6 d11 parity            UNSAT     2.6s
[ 106/ 208    325s] n4 W2 N18 p1 d1 parity             SAT       0.0s
[ 107/ 208    326s] n4 W2 N18 p1 d2 parity             SAT       0.0s
[ 108/ 208    326s] n4 W2 N18 p2 d1 parity             SAT       0.0s
[ 109/ 208    326s] n4 W2 N18 p2 d3 parity             SAT       0.0s
[ 110/ 208    326s] n4 W2 N18 p3 d1 parity             SAT       0.0s
[ 111/ 208    326s] n4 W2 N18 p3 d2 parity             SAT       0.0s
[ 112/ 208    326s] n4 W2 N18 p3 d4 parity             SAT       0.0s
[ 113/ 208    326s] n4 W2 N18 p3 d5 parity             SAT       0.3s
[ 114/ 208    326s] n4 W2 N18 p4 d1 parity             SAT       0.1s
[ 115/ 208    326s] n4 W2 N18 p4 d3 parity             SAT       0.0s
[ 116/ 208    326s] n4 W2 N18 p4 d5 parity             SAT       0.1s
[ 117/ 208    331s] n4 W2 N18 p4 d7 parity             SAT       4.6s
[ 118/ 208    335s] n4 W2 N18 p5 d1 parity             SAT       4.0s
[ 119/ 208    340s] n4 W2 N18 p5 d2 parity             SAT       5.0s
[ 120/ 208    346s] n4 W2 N18 p5 d3 parity             SAT       5.9s
[ 121/ 208    348s] n4 W2 N18 p5 d4 parity             SAT       1.9s
[ 122/ 208    360s] n4 W2 N18 p5 d6 parity             SAT      12.1s
[ 123/ 208    364s] n3 W2 N18 p5 d7 parity             SAT     152.0s
[ 124/ 208    368s] n4 W2 N18 p5 d8 parity             SAT       4.0s
[ 125/ 208    373s] n4 W2 N18 p5 d9 parity             SAT       5.8s
[ 126/ 208    373s] n2 W3 N20 p1 d1 parity             SAT       0.0s
[ 127/ 208    373s] n2 W3 N20 p1 d2 parity             SAT       0.0s
[ 128/ 208    373s] n2 W3 N20 p1 d3 parity             SAT       0.0s
[ 129/ 208    373s] n2 W3 N20 p2 d1 parity             SAT       0.1s
[ 130/ 208    373s] n2 W3 N20 p2 d3 parity             SAT       0.0s
[ 131/ 208    374s] n2 W3 N20 p2 d5 parity             UNSAT     0.1s
[ 132/ 208    374s] n2 W3 N20 p3 d1 parity             SAT       0.0s
[ 133/ 208    374s] n2 W3 N20 p3 d2 parity             SAT       0.1s
[ 134/ 208    374s] n2 W3 N20 p3 d4 parity             SAT       0.6s
[ 135/ 208    375s] n2 W3 N20 p3 d5 parity             UNSAT     0.8s
[ 136/ 208    375s] n2 W3 N20 p3 d7 parity             UNSAT     0.2s
[ 137/ 208    375s] n2 W3 N20 p3 d8 parity             UNSAT     0.1s
[ 138/ 208    377s] n2 W3 N20 p4 d1 parity             SAT       1.5s
[ 139/ 208    379s] n2 W3 N20 p4 d3 parity             SAT       2.0s
[ 140/ 208    381s] n4 W2 N18 p5 d7 parity             SAT      21.0s
[ 141/ 208    382s] n2 W3 N20 p4 d7 parity             UNSAT     0.9s
[ 142/ 208    382s] n2 W3 N20 p4 d9 parity             UNSAT     0.2s
[ 143/ 208    382s] n2 W3 N20 p4 d11 parity            UNSAT     0.0s
[ 144/ 208    382s] n2 W3 N20 p4 d5 parity             UNSAT     3.5s
[ 145/ 208    384s] n2 W3 N20 p5 d1 parity             SAT       1.9s
[ 146/ 208    385s] n2 W3 N20 p5 d3 parity             SAT       1.0s
[ 147/ 208    387s] n2 W3 N20 p5 d2 parity             SAT       4.8s
[ 148/ 208    394s] n2 W3 N20 p5 d6 parity             UNSAT     6.9s
[ 149/ 208    397s] n2 W3 N20 p5 d7 parity             UNSAT     2.9s
[ 150/ 208    399s] n2 W3 N20 p5 d8 parity             UNSAT     2.1s
[ 151/ 208    400s] n2 W3 N20 p5 d9 parity             UNSAT     0.9s
[ 152/ 208    400s] n2 W3 N20 p5 d11 parity            UNSAT     0.1s
[ 153/ 208    400s] n2 W3 N20 p5 d12 parity            UNSAT     0.0s
[ 154/ 208    400s] n2 W3 N20 p5 d13 parity            UNSAT     0.0s
[ 155/ 208    400s] n2 W3 N20 p5 d14 parity            UNSAT     0.0s
[ 156/ 208    400s] n3 W3 N20 p1 d1 parity             SAT       0.0s
[ 157/ 208    400s] n3 W3 N20 p1 d2 parity             SAT       0.0s
[ 158/ 208    400s] n3 W3 N20 p1 d3 parity             SAT       0.0s
[ 159/ 208    400s] n3 W3 N20 p2 d1 parity             SAT       0.0s
[ 160/ 208    400s] n3 W3 N20 p2 d3 parity             SAT       0.0s
[ 161/ 208    400s] n3 W3 N20 p2 d5 parity             SAT       0.0s
[ 162/ 208    400s] n3 W3 N20 p3 d1 parity             SAT       0.0s
[ 163/ 208    400s] n3 W3 N20 p3 d2 parity             SAT       0.0s
[ 164/ 208    403s] n3 W3 N20 p3 d4 parity             SAT       2.5s
[ 165/ 208    403s] n3 W3 N20 p3 d5 parity             SAT       0.4s
[ 166/ 208    403s] n3 W3 N20 p3 d7 parity             SAT       0.0s
[ 167/ 208    403s] n3 W3 N20 p3 d8 parity             SAT       0.2s
[ 168/ 208    404s] n3 W3 N20 p4 d1 parity             SAT       0.2s
[ 169/ 208    404s] n3 W3 N20 p4 d3 parity             SAT       0.0s
[ 170/ 208    405s] n3 W3 N20 p4 d5 parity             SAT       1.7s
[ 171/ 208    410s] n3 W3 N20 p4 d7 parity             SAT       4.6s
[ 172/ 208    410s] n3 W3 N20 p4 d9 parity             SAT       0.0s
[ 173/ 208    412s] n3 W3 N20 p4 d11 parity            UNSAT     2.1s
[ 174/ 208    413s] n3 W3 N20 p5 d1 parity             SAT       1.1s
[ 175/ 208    413s] n3 W3 N20 p5 d2 parity             SAT       0.1s
[ 176/ 208    418s] n2 W3 N20 p5 d4 parity             UNSAT    33.5s
[ 177/ 208    419s] n3 W3 N20 p5 d3 parity             SAT       5.9s
[ 178/ 208    434s] n3 W3 N20 p5 d4 parity             SAT      15.4s
[ 179/ 208    450s] n3 W3 N20 p5 d6 parity             SAT      30.8s
[ 180/ 208    451s] n3 W3 N20 p5 d8 parity             SAT       1.5s
[ 181/ 208    464s] n3 W3 N20 p5 d9 parity             SAT      12.4s
[ 182/ 208    476s] n3 W3 N20 p5 d11 parity            SAT      12.0s
[ 183/ 208    476s] n3 W3 N20 p5 d12 parity            SAT       0.3s
[ 184/ 208    477s] n3 W3 N20 p5 d13 parity            UNSAT     1.0s
[ 185/ 208    477s] n3 W3 N20 p5 d14 parity            UNSAT     0.0s
[ 186/ 208    477s] n4 W3 N20 p1 d1 parity             SAT       0.1s
[ 187/ 208    477s] n4 W3 N20 p1 d2 parity             SAT       0.0s
[ 188/ 208    477s] n4 W3 N20 p1 d3 parity             SAT       0.0s
[ 189/ 208    477s] n4 W3 N20 p2 d1 parity             SAT       0.1s
[ 190/ 208    477s] n4 W3 N20 p2 d3 parity             SAT       0.0s
[ 191/ 208    477s] n4 W3 N20 p2 d5 parity             SAT       0.0s
[ 192/ 208    477s] n4 W3 N20 p3 d1 parity             SAT       0.1s
[ 193/ 208    477s] n4 W3 N20 p3 d2 parity             SAT       0.0s
[ 194/ 208    477s] n4 W3 N20 p3 d4 parity             SAT       0.0s
[ 195/ 208    478s] n4 W3 N20 p3 d5 parity             SAT       0.0s
[ 196/ 208    479s] n4 W3 N20 p3 d7 parity             SAT       1.1s
[ 197/ 208    479s] n4 W3 N20 p3 d8 parity             SAT       0.2s
[ 198/ 208    479s] n4 W3 N20 p4 d1 parity             SAT       0.1s
[ 199/ 208    485s] n4 W3 N20 p4 d3 parity             SAT       6.5s
[ 200/ 208    488s] n4 W3 N20 p4 d5 parity             SAT       2.9s
[ 201/ 208    494s] n4 W3 N20 p4 d7 parity             SAT       5.5s
[ 202/ 208    494s] n4 W3 N20 p4 d9 parity             SAT       0.1s
[ 203/ 208    494s] n4 W3 N20 p4 d11 parity            SAT       0.1s
[ 204/ 208    498s] n3 W3 N20 p5 d7 parity             SAT      64.1s
[ 205/ 208    542s] n3 W1 N16 p8 d3 parity             UNSAT   504.5s
[ 206/ 208    661s] n3 W2 N18 p6 d5 parity             SAT     436.1s
[ 207/ 208    700s] n4 W1 N16 p7 d5 parity             SAT     568.8s
