n=3 W=1: 1140 constitutions
p=1 d=1 parity GLIDER  caps=0 0s [[-1, 0, -1], [-1, 1, -1], [-1, 1, 1]]
p=1 d=1 or     GLIDER  caps=0 0s [[-1, 0, -1], [-1, 1, -1], [-1, 1, 1]]
p=2 d=1 parity GLIDER  caps=0 0s [[-1, 1, -1], [-1, 1, 0], [0, -1, 1]]
p=2 d=1 or     GLIDER  caps=0 0s [[-1, 1, 0], [-1, 1, 1], [0, 1, -1]]
p=2 d=2 parity GLIDER  caps=0 0s [[-1, 0, -1], [-1, 1, -1], [0, 1, 1]]
p=2 d=2 or     GLIDER  caps=0 0s [[-1, 0, -1], [-1, 1, -1], [0, 1, 1]]
p=3 d=1 parity NONE    caps=0 0s 
p=3 d=1 or     NONE    caps=0 0s 
p=3 d=2 parity NONE    caps=0 1s 
p=3 d=2 or     NONE    caps=0 1s 
p=3 d=3 parity GLIDER  caps=0 1s [[-1, 0, -1], [-1, 1, -1], [-1, 1, 1]]
p=3 d=3 or     GLIDER  caps=0 1s [[-1, 0, -1], [-1, 1, -1], [-1, 1, 1]]
p=4 d=1 parity NONE    caps=0 3s 
p=4 d=1 or     NONE    caps=0 3s 
p=4 d=2 parity GLIDER  caps=0 2s [[-1, 0, -1], [0, -1, 1], [0, 1, -1]]
p=4 d=2 or     GLIDER  caps=0 6s [[-1, 1, 0], [-1, 1, 1], [0, 1, -1]]
p=4 d=3 parity NONE    caps=0 9s 
p=4 d=3 or     NONE    caps=0 10s 
p=4 d=4 parity GLIDER  caps=0 15s [[-1, 0, -1], [-1, 1, -1], [-1, 1, 1]]
p=4 d=4 or     GLIDER  caps=0 12s [[-1, 0, -1], [-1, 1, -1], [-1, 1, 1]]
p=5 d=1 parity NONE    caps=0 27s 
p=5 d=1 or     NONE    caps=0 28s 
p=5 d=2 parity GLIDER  caps=0 43s [[-1, 0, -1], [0, -1, 1], [0, 1, -1]]
p=5 d=2 or     NONE    caps=0 44s 
p=5 d=3 parity NONE    caps=0 66s 
p=5 d=3 or     NONE    caps=0 76s 
p=5 d=4 parity NONE    caps=0 145s 
p=5 d=4 or     NONE    caps=0 147s 
p=5 d=5 parity GLIDER  caps=0 173s [[-1, 0, -1], [-1, 1, -1], [-1, 1, 1]]
p=5 d=5 or     GLIDER  caps=0 199s [[-1, 0, -1], [-1, 1, -1], [-1, 1, 1]]
p=6 d=1 parity NONE    caps=0 185s 
p=6 d=1 or     NONE    caps=0 195s 
p=6 d=2 parity GLIDER  caps=0 367s [[-1, 0, -1], [0, -1, 1], [0, 1, -1]]
p=6 d=2 or     NONE    caps=0 254s 
Process SpawnPoolWorker-4:
Traceback (most recent call last):
  File "/Users/lukacs/.local/share/uv/python/cpython-3.11.15-macos-aarch64-none/lib/python3.11/multiprocessing/pool.py", line 131, in worker
    put((job, i, result))
  File "/Users/lukacs/.local/share/uv/python/cpython-3.11.15-macos-aarch64-none/lib/python3.11/multiprocessing/queues.py", line 377, in put
    self._writer.send_bytes(obj)
  File "/Users/lukacs/.local/share/uv/python/cpython-3.11.15-macos-aarch64-none/lib/python3.11/multiprocessing/connection.py", line 200, in send_bytes
    self._send_bytes(m[offset:offset + size])
  File "/Users/lukacs/.local/share/uv/python/cpython-3.11.15-macos-aarch64-none/lib/python3.11/multiprocessing/connection.py", line 427, in _send_bytes
    self._send(header + buf)
  File "/Users/lukacs/.local/share/uv/python/cpython-3.11.15-macos-aarch64-none/lib/python3.11/multiprocessing/connection.py", line 384, in _send
    n = write(self._handle, buf)
        ^^^^^^^^^^^^^^^^^^^^^^^^
BrokenPipeError: [Errno 32] Broken pipe

During handling of the above exception, another exception occurred:

Traceback (most recent call last):
  File "/Users/lukacs/.local/share/uv/python/cpython-3.11.15-macos-aarch64-none/lib/python3.11/multiprocessing/process.py", line 314, in _bootstrap
    self.run()
  File "/Users/lukacs/.local/share/uv/python/cpython-3.11.15-macos-aarch64-none/lib/python3.11/multiprocessing/process.py", line 108, in run
    self._target(*self._args, **self._kwargs)
  File "/Users/lukacs/.local/share/uv/python/cpython-3.11.15-macos-aarch64-none/lib/python3.11/multiprocessing/pool.py", line 136, in worker
    put((job, i, (False, wrapped)))
  File "/Users/lukacs/.local/share/uv/python/cpython-3.11.15-macos-aarch64-none/lib/python3.11/multiprocessing/queues.py", line 377, in put
    self._writer.send_bytes(obj)
  File "/Users/lukacs/.local/share/uv/python/cpython-3.11.15-macos-aarch64-none/lib/python3.11/multiprocessing/connection.py", line 200, in send_bytes
    self._send_bytes(m[offset:offset + size])
  File "/Users/lukacs/.local/share/uv/python/cpython-3.11.15-macos-aarch64-none/lib/python3.11/multiprocessing/connection.py", line 427, in _send_bytes
    self._send(header + buf)
  File "/Users/lukacs/.local/share/uv/python/cpython-3.11.15-macos-aarch64-none/lib/python3.11/multiprocessing/connection.py", line 384, in _send
    n = write(self._handle, buf)
        ^^^^^^^^^^^^^^^^^^^^^^^^
BrokenPipeError: [Errno 32] Broken pipe
Process SpawnPoolWorker-1:
Traceback (most recent call last):
  File "/Users/lukacs/.local/share/uv/python/cpython-3.11.15-macos-aarch64-none/lib/python3.11/multiprocessing/pool.py", line 131, in worker
    put((job, i, result))
  File "/Users/lukacs/.local/share/uv/python/cpython-3.11.15-macos-aarch64-none/lib/python3.11/multiprocessing/queues.py", line 377, in put
    self._writer.send_bytes(obj)
  File "/Users/lukacs/.local/share/uv/python/cpython-3.11.15-macos-aarch64-none/lib/python3.11/multiprocessing/connection.py", line 200, in send_bytes
    self._send_bytes(m[offset:offset + size])
  File "/Users/lukacs/.local/share/uv/python/cpython-3.11.15-macos-aarch64-none/lib/python3.11/multiprocessing/connection.py", line 427, in _send_bytes
    self._send(header + buf)
  File "/Users/lukacs/.local/share/uv/python/cpython-3.11.15-macos-aarch64-none/lib/python3.11/multiprocessing/connection.py", line 384, in _send
    n = write(self._handle, buf)
        ^^^^^^^^^^^^^^^^^^^^^^^^
BrokenPipeError: [Errno 32] Broken pipe

During handling of the above exception, another exception occurred:

Traceback (most recent call last):
  File "/Users/lukacs/.local/share/uv/python/cpython-3.11.15-macos-aarch64-none/lib/python3.11/multiprocessing/process.py", line 314, in _bootstrap
    self.run()
  File "/Users/lukacs/.local/share/uv/python/cpython-3.11.15-macos-aarch64-none/lib/python3.11/multiprocessing/process.py", line 108, in run
    self._target(*self._args, **self._kwargs)
  File "/Users/lukacs/.local/share/uv/python/cpython-3.11.15-macos-aarch64-none/lib/python3.11/multiprocessing/pool.py", line 136, in worker
    put((job, i, (False, wrapped)))
  File "/Users/lukacs/.local/share/uv/python/cpython-3.11.15-macos-aarch64-none/lib/python3.11/multiprocessing/queues.py", line 377, in put
    self._writer.send_bytes(obj)
  File "/Users/lukacs/.local/share/uv/python/cpython-3.11.15-macos-aarch64-none/lib/python3.11/multiprocessing/connection.py", line 200, in send_bytes
    self._send_bytes(m[offset:offset + size])
  File "/Users/lukacs/.local/share/uv/python/cpython-3.11.15-macos-aarch64-none/lib/python3.11/multiprocessing/connection.py", line 427, in _send_bytes
    self._send(header + buf)
  File "/Users/lukacs/.local/share/uv/python/cpython-3.11.15-macos-aarch64-none/lib/python3.11/multiprocessing/connection.py", line 384, in _send
    n = write(self._handle, buf)
        ^^^^^^^^^^^^^^^^^^^^^^^^
BrokenPipeError: [Errno 32] Broken pipe
Process SpawnPoolWorker-2:
Traceback (most recent call last):
  File "/Users/lukacs/.local/share/uv/python/cpython-3.11.15-macos-aarch64-none/lib/python3.11/multiprocessing/pool.py", line 131, in worker
    put((job, i, result))
  File "/Users/lukacs/.local/share/uv/python/cpython-3.11.15-macos-aarch64-none/lib/python3.11/multiprocessing/queues.py", line 377, in put
    self._writer.send_bytes(obj)
  File "/Users/lukacs/.local/share/uv/python/cpython-3.11.15-macos-aarch64-none/lib/python3.11/multiprocessing/connection.py", line 200, in send_bytes
    self._send_bytes(m[offset:offset + size])
  File "/Users/lukacs/.local/share/uv/python/cpython-3.11.15-macos-aarch64-none/lib/python3.11/multiprocessing/connection.py", line 427, in _send_bytes
    self._send(header + buf)
  File "/Users/lukacs/.local/share/uv/python/cpython-3.11.15-macos-aarch64-none/lib/python3.11/multiprocessing/connection.py", line 384, in _send
    n = write(self._handle, buf)
        ^^^^^^^^^^^^^^^^^^^^^^^^
BrokenPipeError: [Errno 32] Broken pipe

During handling of the above exception, another exception occurred:

Traceback (most recent call last):
  File "/Users/lukacs/.local/share/uv/python/cpython-3.11.15-macos-aarch64-none/lib/python3.11/multiprocessing/process.py", line 314, in _bootstrap
    self.run()
  File "/Users/lukacs/.local/share/uv/python/cpython-3.11.15-macos-aarch64-none/lib/python3.11/multiprocessing/process.py", line 108, in run
    self._target(*self._args, **self._kwargs)
  File "/Users/lukacs/.local/share/uv/python/cpython-3.11.15-macos-aarch64-none/lib/python3.11/multiprocessing/pool.py", line 136, in worker
    put((job, i, (False, wrapped)))
  File "/Users/lukacs/.local/share/uv/python/cpython-3.11.15-macos-aarch64-none/lib/python3.11/multiprocessing/queues.py", line 377, in put
    self._writer.send_bytes(obj)
  File "/Users/lukacs/.local/share/uv/python/cpython-3.11.15-macos-aarch64-none/lib/python3.11/multiprocessing/connection.py", line 200, in send_bytes
    self._send_bytes(m[offset:offset + size])
  File "/Users/lukacs/.local/share/uv/python/cpython-3.11.15-macos-aarch64-none/lib/python3.11/multiprocessing/connection.py", line 427, in _send_bytes
    self._send(header + buf)
  File "/Users/lukacs/.local/share/uv/python/cpython-3.11.15-macos-aarch64-none/lib/python3.11/multiprocessing/connection.py", line 384, in _send
    n = write(self._handle, buf)
        ^^^^^^^^^^^^^^^^^^^^^^^^
BrokenPipeError: [Errno 32] Broken pipe
Process SpawnPoolWorker-3:
Traceback (most recent call last):
  File "/Users/lukacs/.local/share/uv/python/cpython-3.11.15-macos-aarch64-none/lib/python3.11/multiprocessing/pool.py", line 131, in worker
    put((job, i, result))
  File "/Users/lukacs/.local/share/uv/python/cpython-3.11.15-macos-aarch64-none/lib/python3.11/multiprocessing/queues.py", line 377, in put
    self._writer.send_bytes(obj)
  File "/Users/lukacs/.local/share/uv/python/cpython-3.11.15-macos-aarch64-none/lib/python3.11/multiprocessing/connection.py", line 200, in send_bytes
    self._send_bytes(m[offset:offset + size])
  File "/Users/lukacs/.local/share/uv/python/cpython-3.11.15-macos-aarch64-none/lib/python3.11/multiprocessing/connection.py", line 427, in _send_bytes
    self._send(header + buf)
  File "/Users/lukacs/.local/share/uv/python/cpython-3.11.15-macos-aarch64-none/lib/python3.11/multiprocessing/connection.py", line 384, in _send
    n = write(self._handle, buf)
        ^^^^^^^^^^^^^^^^^^^^^^^^
BrokenPipeError: [Errno 32] Broken pipe

During handling of the above exception, another exception occurred:

Traceback (most recent call last):
  File "/Users/lukacs/.local/share/uv/python/cpython-3.11.15-macos-aarch64-none/lib/python3.11/multiprocessing/process.py", line 314, in _bootstrap
    self.run()
  File "/Users/lukacs/.local/share/uv/python/cpython-3.11.15-macos-aarch64-none/lib/python3.11/multiprocessing/process.py", line 108, in run
    self._target(*self._args, **self._kwargs)
  File "/Users/lukacs/.local/share/uv/python/cpython-3.11.15-macos-aarch64-none/lib/python3.11/multiprocessing/pool.py", line 136, in worker
    put((job, i, (False, wrapped)))
  File "/Users/lukacs/.local/share/uv/python/cpython-3.11.15-macos-aarch64-none/lib/python3.11/multiprocessing/queues.py", line 377, in put
    self._writer.send_bytes(obj)
  File "/Users/lukacs/.local/share/uv/python/cpython-3.11.15-macos-aarch64-none/lib/python3.11/multiprocessing/connection.py", line 200, in send_bytes
    self._send_bytes(m[offset:offset + size])
  File "/Users/lukacs/.local/share/uv/python/cpython-3.11.15-macos-aarch64-none/lib/python3.11/multiprocessing/connection.py", line 427, in _send_bytes
    self._send(header + buf)
  File "/Users/lukacs/.local/share/uv/python/cpython-3.11.15-macos-aarch64-none/lib/python3.11/multiprocessing/connection.py", line 384, in _send
    n = write(self._handle, buf)
        ^^^^^^^^^^^^^^^^^^^^^^^^
BrokenPipeError: [Errno 32] Broken pipe
Process SpawnPoolWorker-5:
Traceback (most recent call last):
  File "/Users/lukacs/.local/share/uv/python/cpython-3.11.15-macos-aarch64-none/lib/python3.11/multiprocessing/pool.py", line 131, in worker
    put((job, i, result))
  File "/Users/lukacs/.local/share/uv/python/cpython-3.11.15-macos-aarch64-none/lib/python3.11/multiprocessing/queues.py", line 377, in put
    self._writer.send_bytes(obj)
  File "/Users/lukacs/.local/share/uv/python/cpython-3.11.15-macos-aarch64-none/lib/python3.11/multiprocessing/connection.py", line 200, in send_bytes
    self._send_bytes(m[offset:offset + size])
  File "/Users/lukacs/.local/share/uv/python/cpython-3.11.15-macos-aarch64-none/lib/python3.11/multiprocessing/connection.py", line 427, in _send_bytes
    self._send(header + buf)
  File "/Users/lukacs/.local/share/uv/python/cpython-3.11.15-macos-aarch64-none/lib/python3.11/multiprocessing/connection.py", line 384, in _send
    n = write(self._handle, buf)
        ^^^^^^^^^^^^^^^^^^^^^^^^
BrokenPipeError: [Errno 32] Broken pipe

During handling of the above exception, another exception occurred:

Traceback (most recent call last):
  File "/Users/lukacs/.local/share/uv/python/cpython-3.11.15-macos-aarch64-none/lib/python3.11/multiprocessing/process.py", line 314, in _bootstrap
    self.run()
  File "/Users/lukacs/.local/share/uv/python/cpython-3.11.15-macos-aarch64-none/lib/python3.11/multiprocessing/process.py", line 108, in run
    self._target(*self._args, **self._kwargs)
  File "/Users/lukacs/.local/share/uv/python/cpython-3.11.15-macos-aarch64-none/lib/python3.11/multiprocessing/pool.py", line 136, in worker
    put((job, i, (False, wrapped)))
  File "/Users/lukacs/.local/share/uv/python/cpython-3.11.15-macos-aarch64-none/lib/python3.11/multiprocessing/queues.py", line 377, in put
    self._writer.send_bytes(obj)
  File "/Users/lukacs/.local/share/uv/python/cpython-3.11.15-macos-aarch64-none/lib/python3.11/multiprocessing/connection.py", line 200, in send_bytes
    self._send_bytes(m[offset:offset + size])
  File "/Users/lukacs/.local/share/uv/python/cpython-3.11.15-macos-aarch64-none/lib/python3.11/multiprocessing/connection.py", line 427, in _send_bytes
    self._send(header + buf)
  File "/Users/lukacs/.local/share/uv/python/cpython-3.11.15-macos-aarch64-none/lib/python3.11/multiprocessing/connection.py", line 384, in _send
    n = write(self._handle, buf)
        ^^^^^^^^^^^^^^^^^^^^^^^^
BrokenPipeError: [Errno 32] Broken pipe
/Users/lukacs/.local/share/uv/python/cpython-3.11.15-macos-aarch64-none/lib/python3.11/multiprocessing/resource_tracker.py:254: UserWarning: resource_tracker: There appear to be 6 leaked semaphore objects to clean up at shutdown
  warnings.warn('resource_tracker: There appear to be %d '
