n=2 W=2: 5050 constitutions
p=1 d=1 parity GLIDER  caps=0 1s [[-2, -1, 2], [0, 2, -1]]
p=1 d=1 or     GLIDER  caps=0 1s [[-2, -1, 2], [0, 2, -1]]
p=1 d=2 parity GLIDER  caps=0 1s [[-2, -1, -2], [-2, -1, 2]]
p=1 d=2 or     GLIDER  caps=0 1s [[-2, -1, -2], [-2, -1, 2]]
p=2 d=1 parity GLIDER  caps=0 9s [[-2, -1, -2], [0, -2, 1]]
p=2 d=1 or     GLIDER  caps=0 10s [[-2, -1, -2], [0, -2, 1]]
p=2 d=2 parity GLIDER  caps=0 15s [[-2, -1, -2], [0, -2, 2]]
p=2 d=2 or     GLIDER  caps=0 13s [[-2, -1, -2], [0, 2, 1]]
p=2 d=3 parity NONE    caps=0 6s 
p=2 d=3 or     NONE    caps=0 5s 
p=2 d=4 parity GLIDER  caps=0 8s [[-2, -1, -2], [-2, 1, 2]]
p=2 d=4 or     GLIDER  caps=0 10s [[-2, -1, -2], [-2, 2, 2]]
p=3 d=1 parity GLIDER  caps=0 250s [[-2, -1, 2], [0, 2, -1]]
p=3 d=1 or     NONE    caps=0 205s 
p=3 d=2 parity GLIDER  caps=0 281s [[-2, 2, 1], [0, 2, -2]]
p=3 d=2 or     GLIDER  caps=0 270s [[-2, 2, 1], [0, 2, -2]]
p=3 d=3 parity GLIDER  caps=0 391s [[-2, -1, 2], [0, 2, -1]]
p=3 d=3 or     GLIDER  caps=0 270s [[-2, -1, 2], [0, 2, -1]]
Process SpawnPoolWorker-1:
Traceback (most recent call last):
  File "/Users/lukacs/.local/share/uv/python/cpython-3.11.15-macos-aarch64-none/lib/python3.11/multiprocessing/pool.py", line 131, in worker
    put((job, i, result))
  File "/Users/lukacs/.local/share/uv/python/cpython-3.11.15-macos-aarch64-none/lib/python3.11/multiprocessing/queues.py", line 377, in put
    self._writer.send_bytes(obj)
  File "/Users/lukacs/.local/share/uv/python/cpython-3.11.15-macos-aarch64-none/lib/python3.11/multiprocessing/connection.py", line 200, in send_bytes
    self._send_bytes(m[offset:offset + size])
  File "/Users/lukacs/.local/share/uv/python/cpython-3.11.15-macos-aarch64-none/lib/python3.11/multiprocessing/connection.py", line 427, in _send_bytes
    self._send(header + buf)
  File "/Users/lukacs/.local/share/uv/python/cpython-3.11.15-macos-aarch64-none/lib/python3.11/multiprocessing/connection.py", line 384, in _send
    n = write(self._handle, buf)
        ^^^^^^^^^^^^^^^^^^^^^^^^
BrokenPipeError: [Errno 32] Broken pipe

During handling of the above exception, another exception occurred:

Traceback (most recent call last):
  File "/Users/lukacs/.local/share/uv/python/cpython-3.11.15-macos-aarch64-none/lib/python3.11/multiprocessing/process.py", line 314, in _bootstrap
    self.run()
  File "/Users/lukacs/.local/share/uv/python/cpython-3.11.15-macos-aarch64-none/lib/python3.11/multiprocessing/process.py", line 108, in run
    self._target(*self._args, **self._kwargs)
  File "/Users/lukacs/.local/share/uv/python/cpython-3.11.15-macos-aarch64-none/lib/python3.11/multiprocessing/pool.py", line 136, in worker
    put((job, i, (False, wrapped)))
  File "/Users/lukacs/.local/share/uv/python/cpython-3.11.15-macos-aarch64-none/lib/python3.11/multiprocessing/queues.py", line 377, in put
    self._writer.send_bytes(obj)
  File "/Users/lukacs/.local/share/uv/python/cpython-3.11.15-macos-aarch64-none/lib/python3.11/multiprocessing/connection.py", line 200, in send_bytes
    self._send_bytes(m[offset:offset + size])
  File "/Users/lukacs/.local/share/uv/python/cpython-3.11.15-macos-aarch64-none/lib/python3.11/multiprocessing/connection.py", line 427, in _send_bytes
    self._send(header + buf)
  File "/Users/lukacs/.local/share/uv/python/cpython-3.11.15-macos-aarch64-none/lib/python3.11/multiprocessing/connection.py", line 384, in _send
    n = write(self._handle, buf)
        ^^^^^^^^^^^^^^^^^^^^^^^^
BrokenPipeError: [Errno 32] Broken pipe
Process SpawnPoolWorker-3:
Traceback (most recent call last):
  File "/Users/lukacs/.local/share/uv/python/cpython-3.11.15-macos-aarch64-none/lib/python3.11/multiprocessing/pool.py", line 131, in worker
    put((job, i, result))
  File "/Users/lukacs/.local/share/uv/python/cpython-3.11.15-macos-aarch64-none/lib/python3.11/multiprocessing/queues.py", line 377, in put
    self._writer.send_bytes(obj)
  File "/Users/lukacs/.local/share/uv/python/cpython-3.11.15-macos-aarch64-none/lib/python3.11/multiprocessing/connection.py", line 200, in send_bytes
    self._send_bytes(m[offset:offset + size])
  File "/Users/lukacs/.local/share/uv/python/cpython-3.11.15-macos-aarch64-none/lib/python3.11/multiprocessing/connection.py", line 427, in _send_bytes
    self._send(header + buf)
  File "/Users/lukacs/.local/share/uv/python/cpython-3.11.15-macos-aarch64-none/lib/python3.11/multiprocessing/connection.py", line 384, in _send
    n = write(self._handle, buf)
        ^^^^^^^^^^^^^^^^^^^^^^^^
BrokenPipeError: [Errno 32] Broken pipe

During handling of the above exception, another exception occurred:

Traceback (most recent call last):
  File "/Users/lukacs/.local/share/uv/python/cpython-3.11.15-macos-aarch64-none/lib/python3.11/multiprocessing/process.py", line 314, in _bootstrap
    self.run()
  File "/Users/lukacs/.local/share/uv/python/cpython-3.11.15-macos-aarch64-none/lib/python3.11/multiprocessing/process.py", line 108, in run
    self._target(*self._args, **self._kwargs)
  File "/Users/lukacs/.local/share/uv/python/cpython-3.11.15-macos-aarch64-none/lib/python3.11/multiprocessing/pool.py", line 136, in worker
    put((job, i, (False, wrapped)))
  File "/Users/lukacs/.local/share/uv/python/cpython-3.11.15-macos-aarch64-none/lib/python3.11/multiprocessing/queues.py", line 377, in put
    self._writer.send_bytes(obj)
  File "/Users/lukacs/.local/share/uv/python/cpython-3.11.15-macos-aarch64-none/lib/python3.11/multiprocessing/connection.py", line 200, in send_bytes
    self._send_bytes(m[offset:offset + size])
  File "/Users/lukacs/.local/share/uv/python/cpython-3.11.15-macos-aarch64-none/lib/python3.11/multiprocessing/connection.py", line 427, in _send_bytes
    self._send(header + buf)
  File "/Users/lukacs/.local/share/uv/python/cpython-3.11.15-macos-aarch64-none/lib/python3.11/multiprocessing/connection.py", line 384, in _send
    n = write(self._handle, buf)
        ^^^^^^^^^^^^^^^^^^^^^^^^
BrokenPipeError: [Errno 32] Broken pipe
Process SpawnPoolWorker-2:
Traceback (most recent call last):
  File "/Users/lukacs/.local/share/uv/python/cpython-3.11.15-macos-aarch64-none/lib/python3.11/multiprocessing/pool.py", line 131, in worker
    put((job, i, result))
  File "/Users/lukacs/.local/share/uv/python/cpython-3.11.15-macos-aarch64-none/lib/python3.11/multiprocessing/queues.py", line 377, in put
    self._writer.send_bytes(obj)
  File "/Users/lukacs/.local/share/uv/python/cpython-3.11.15-macos-aarch64-none/lib/python3.11/multiprocessing/connection.py", line 200, in send_bytes
    self._send_bytes(m[offset:offset + size])
  File "/Users/lukacs/.local/share/uv/python/cpython-3.11.15-macos-aarch64-none/lib/python3.11/multiprocessing/connection.py", line 427, in _send_bytes
    self._send(header + buf)
  File "/Users/lukacs/.local/share/uv/python/cpython-3.11.15-macos-aarch64-none/lib/python3.11/multiprocessing/connection.py", line 384, in _send
    n = write(self._handle, buf)
        ^^^^^^^^^^^^^^^^^^^^^^^^
BrokenPipeError: [Errno 32] Broken pipe

During handling of the above exception, another exception occurred:

Traceback (most recent call last):
  File "/Users/lukacs/.local/share/uv/python/cpython-3.11.15-macos-aarch64-none/lib/python3.11/multiprocessing/process.py", line 314, in _bootstrap
    self.run()
  File "/Users/lukacs/.local/share/uv/python/cpython-3.11.15-macos-aarch64-none/lib/python3.11/multiprocessing/process.py", line 108, in run
    self._target(*self._args, **self._kwargs)
  File "/Users/lukacs/.local/share/uv/python/cpython-3.11.15-macos-aarch64-none/lib/python3.11/multiprocessing/pool.py", line 136, in worker
    put((job, i, (False, wrapped)))
  File "/Users/lukacs/.local/share/uv/python/cpython-3.11.15-macos-aarch64-none/lib/python3.11/multiprocessing/queues.py", line 377, in put
    self._writer.send_bytes(obj)
  File "/Users/lukacs/.local/share/uv/python/cpython-3.11.15-macos-aarch64-none/lib/python3.11/multiprocessing/connection.py", line 200, in send_bytes
    self._send_bytes(m[offset:offset + size])
  File "/Users/lukacs/.local/share/uv/python/cpython-3.11.15-macos-aarch64-none/lib/python3.11/multiprocessing/connection.py", line 427, in _send_bytes
    self._send(header + buf)
  File "/Users/lukacs/.local/share/uv/python/cpython-3.11.15-macos-aarch64-none/lib/python3.11/multiprocessing/connection.py", line 384, in _send
    n = write(self._handle, buf)
        ^^^^^^^^^^^^^^^^^^^^^^^^
BrokenPipeError: [Errno 32] Broken pipe
/Users/lukacs/.local/share/uv/python/cpython-3.11.15-macos-aarch64-none/lib/python3.11/multiprocessing/resource_tracker.py:254: UserWarning: resource_tracker: There appear to be 6 leaked semaphore objects to clean up at shutdown
  warnings.warn('resource_tracker: There appear to be %d '
