n=4 W=1: 5985 constitutions
p=1 d=1 parity GLIDER  caps=0 0s [[-1, 0, -1], [-1, 0, -1], [-1, 1, -1], [-1, 1, 1]]
p=1 d=1 or     GLIDER  caps=0 0s [[-1, 0, -1], [-1, 0, -1], [-1, 1, -1], [-1, 1, 1]]
p=2 d=1 parity GLIDER  caps=0 1s [[-1, 0, -1], [-1, 1, -1], [-1, 1, 0], [0, -1, 1]]
p=2 d=1 or     GLIDER  caps=0 1s [[-1, 0, -1], [-1, 1, 0], [-1, 1, 1], [0, 1, -1]]
p=2 d=2 parity GLIDER  caps=0 1s [[-1, 0, -1], [-1, 0, -1], [-1, 1, -1], [-1, 1, 1]]
p=2 d=2 or     GLIDER  caps=0 1s [[-1, 0, -1], [-1, 0, -1], [-1, 1, -1], [-1, 1, 1]]
p=3 d=1 parity GLIDER  caps=0 5s [[-1, 1, 0], [-1, 1, 1], [0, 1, -1], [1, -1, 1]]
p=3 d=1 or     NONE    caps=0 5s 
p=3 d=2 parity GLIDER  caps=0 8s [[-1, 1, 1], [0, 1, -1], [1, -1, 0], [1, -1, 1]]
p=3 d=2 or     NONE    caps=0 9s 
p=3 d=3 parity GLIDER  caps=0 11s [[-1, 0, -1], [-1, 0, -1], [-1, 1, -1], [-1, 1, 1]]
p=3 d=3 or     GLIDER  caps=0 12s [[-1, 0, -1], [-1, 0, -1], [-1, 1, -1], [-1, 1, 1]]
p=4 d=1 parity GLIDER  caps=0 35s [[-1, 1, 1], [0, 1, -1], [1, -1, 0], [1, -1, 1]]
p=4 d=1 or     NONE    caps=0 37s 
p=4 d=2 parity GLIDER  caps=0 69s [[-1, 0, -1], [-1, 0, -1], [0, -1, 1], [0, 1, -1]]
p=4 d=2 or     GLIDER  caps=0 73s [[-1, 0, -1], [-1, 1, 0], [-1, 1, 1], [0, 1, -1]]
p=4 d=3 parity NONE    caps=0 100s 
p=4 d=3 or     NONE    caps=0 100s 
p=4 d=4 parity GLIDER  caps=0 124s [[-1, 0, -1], [-1, 0, -1], [-1, 1, -1], [-1, 1, 1]]
p=4 d=4 or     GLIDER  caps=0 159s [[-1, 0, -1], [-1, 0, -1], [-1, 1, -1], [-1, 1, 1]]
