156 scans, 4 workers
[  1/156      0s] n2 W1 p1 d1 parity         SAT   wmin=14    [[14, 'SAT', 0.0]]
[  2/156      0s] n2 W1 p1 d1 or             SAT   wmin=14    [[14, 'SAT', 0.0]]
[  3/156      0s] n2 W1 p2 d2 parity         SAT   wmin=14    [[14, 'SAT', 0.0]]
[  4/156      0s] n2 W1 p2 d2 or             SAT   wmin=14    [[14, 'SAT', 0.0]]
[  5/156      1s] n2 W1 p2 d1 or             UNSAT wmin=None  [[14, 'UNSAT', 0.0], [20, 'UNSAT', 0.0], [26, 'UNSAT', 0.0], [32, 'UNSAT', 0.0], [38, 'UNSAT', 0.1], [44, 'UNSAT', 0.1], [50, 'UNSAT', 0.2]]
[  6/156      1s] n2 W1 p2 d1 parity         UNSAT wmin=None  [[14, 'UNSAT', 0.0], [20, 'UNSAT', 0.0], [26, 'UNSAT', 0.0], [32, 'UNSAT', 0.1], [38, 'UNSAT', 0.2], [44, 'UNSAT', 0.2], [50, 'UNSAT', 0.4]]
[  7/156      3s] n2 W1 p3 d1 or             UNSAT wmin=None  [[14, 'UNSAT', 0.0], [20, 'UNSAT', 0.1], [26, 'UNSAT', 0.2], [32, 'UNSAT', 0.4], [38, 'UNSAT', 0.7], [44, 'UNSAT', 0.6], [50, 'UNSAT', 0.6]]
[  8/156      3s] n2 W1 p3 d3 parity         SAT   wmin=14    [[14, 'SAT', 0.0]]
[  9/156      3s] n2 W1 p3 d3 or             SAT   wmin=14    [[14, 'SAT', 0.0]]
[ 10/156      3s] n2 W1 p3 d1 parity         UNSAT wmin=None  [[14, 'UNSAT', 0.1], [20, 'UNSAT', 0.2], [26, 'UNSAT', 0.4], [32, 'UNSAT', 0.6], [38, 'UNSAT', 0.5], [44, 'UNSAT', 0.7], [50, 'UNSAT', 0.7]]
[ 11/156      3s] n2 W1 p3 d2 or             UNSAT wmin=None  [[14, 'UNSAT', 0.1], [20, 'UNSAT', 0.2], [26, 'UNSAT', 0.2], [32, 'UNSAT', 0.4], [38, 'UNSAT', 0.4], [44, 'UNSAT', 0.4], [50, 'UNSAT', 0.6]]
[ 12/156      4s] n2 W1 p3 d2 parity         UNSAT wmin=None  [[14, 'UNSAT', 0.1], [20, 'UNSAT', 0.2], [26, 'UNSAT', 0.3], [32, 'UNSAT', 0.4], [38, 'UNSAT', 0.6], [44, 'UNSAT', 0.8], [50, 'UNSAT', 1.3]]
[ 13/156      9s] n2 W1 p4 d1 or             UNSAT wmin=None  [[14, 'UNSAT', 0.2], [20, 'UNSAT', 0.4], [26, 'UNSAT', 0.8], [32, 'UNSAT', 0.8], [38, 'UNSAT', 1.1], [44, 'UNSAT', 1.3], [50, 'UNSAT', 1.2]]
[ 14/156      9s] n2 W1 p4 d1 parity         UNSAT wmin=None  [[14, 'UNSAT', 0.2], [20, 'UNSAT', 0.4], [26, 'UNSAT', 0.6], [32, 'UNSAT', 0.9], [38, 'UNSAT', 1.1], [44, 'UNSAT', 1.6], [50, 'UNSAT', 1.9]]
[ 15/156     10s] n2 W1 p4 d2 or             UNSAT wmin=None  [[14, 'UNSAT', 0.2], [20, 'UNSAT', 0.5], [26, 'UNSAT', 0.5], [32, 'UNSAT', 0.8], [38, 'UNSAT', 1.1], [44, 'UNSAT', 1.2], [50, 'UNSAT', 1.5]]
[ 16/156     10s] n2 W1 p4 d4 parity         SAT   wmin=14    [[14, 'SAT', 0.0]]
[ 17/156     10s] n2 W1 p4 d4 or             SAT   wmin=14    [[14, 'SAT', 0.0]]
[ 18/156     12s] n2 W1 p4 d2 parity         UNSAT wmin=None  [[14, 'UNSAT', 0.3], [20, 'UNSAT', 0.5], [26, 'UNSAT', 0.9], [32, 'UNSAT', 1.3], [38, 'UNSAT', 1.6], [44, 'UNSAT', 1.9], [50, 'UNSAT', 2.0]]
[ 19/156     14s] n2 W1 p4 d3 or             UNSAT wmin=None  [[14, 'UNSAT', 0.1], [20, 'UNSAT', 0.3], [26, 'UNSAT', 0.6], [32, 'UNSAT', 0.7], [38, 'UNSAT', 0.8], [44, 'UNSAT', 1.0], [50, 'UNSAT', 0.9]]
[ 20/156     14s] n2 W1 p4 d3 parity         UNSAT wmin=None  [[14, 'UNSAT', 0.1], [20, 'UNSAT', 0.3], [26, 'UNSAT', 0.5], [32, 'UNSAT', 0.6], [38, 'UNSAT', 0.8], [44, 'UNSAT', 1.6], [50, 'UNSAT', 1.4]]
[ 21/156     16s] n2 W1 p5 d2 parity         SAT   wmin=26    [[14, 'UNSAT', 0.4], [20, 'UNSAT', 1.0], [26, 'SAT', 0.5]]
[ 22/156     19s] n2 W1 p5 d1 parity         UNSAT wmin=None  [[14, 'UNSAT', 0.7], [20, 'UNSAT', 0.8], [26, 'UNSAT', 1.4], [32, 'UNSAT', 1.2], [38, 'UNSAT', 1.6], [44, 'UNSAT', 1.4], [50, 'UNSAT', 1.6]]
[ 23/156     20s] n2 W1 p5 d1 or             UNSAT wmin=None  [[14, 'UNSAT', 0.3], [20, 'UNSAT', 0.5], [26, 'UNSAT', 1.0], [32, 'UNSAT', 1.2], [38, 'UNSAT', 1.3], [44, 'UNSAT', 1.7], [50, 'UNSAT', 1.8]]
[ 24/156     23s] n2 W1 p5 d2 or             UNSAT wmin=None  [[14, 'UNSAT', 0.4], [20, 'UNSAT', 0.6], [26, 'UNSAT', 0.9], [32, 'UNSAT', 1.4], [38, 'UNSAT', 1.5], [44, 'UNSAT', 1.9], [50, 'UNSAT', 2.2]]
[ 25/156     24s] n2 W1 p5 d3 parity         UNSAT wmin=None  [[14, 'UNSAT', 0.3], [20, 'UNSAT', 0.6], [26, 'UNSAT', 1.0], [32, 'UNSAT', 1.1], [38, 'UNSAT', 1.4], [44, 'UNSAT', 1.7], [50, 'UNSAT', 1.9]]
[ 26/156     24s] n2 W1 p5 d5 parity         SAT   wmin=14    [[14, 'SAT', 0.0]]
[ 27/156     24s] n2 W1 p5 d5 or             SAT   wmin=14    [[14, 'SAT', 0.0]]
[ 28/156     25s] n2 W1 p5 d3 or             UNSAT wmin=None  [[14, 'UNSAT', 0.3], [20, 'UNSAT', 0.4], [26, 'UNSAT', 0.7], [32, 'UNSAT', 0.8], [38, 'UNSAT', 1.1], [44, 'UNSAT', 1.4], [50, 'UNSAT', 1.4]]
[ 29/156     28s] n2 W1 p5 d4 parity         UNSAT wmin=None  [[14, 'UNSAT', 0.1], [20, 'UNSAT', 0.3], [26, 'UNSAT', 0.7], [32, 'UNSAT', 1.4], [38, 'UNSAT', 1.3], [44, 'UNSAT', 1.9], [50, 'UNSAT', 2.7]]
[ 30/156     30s] n2 W1 p5 d4 or             UNSAT wmin=None  [[14, 'UNSAT', 0.1], [20, 'UNSAT', 0.3], [26, 'UNSAT', 0.5], [32, 'UNSAT', 0.7], [38, 'UNSAT', 1.4], [44, 'UNSAT', 1.8], [50, 'UNSAT', 2.1]]
[ 31/156     35s] n2 W1 p6 d1 parity         UNSAT wmin=None  [[14, 'UNSAT', 0.6], [20, 'UNSAT', 1.0], [26, 'UNSAT', 1.6], [32, 'UNSAT', 1.9], [38, 'UNSAT', 1.5], [44, 'UNSAT', 3.0], [50, 'UNSAT', 2.3]]
[ 32/156     36s] n2 W1 p6 d1 or             UNSAT wmin=None  [[14, 'UNSAT', 0.5], [20, 'UNSAT', 0.7], [26, 'UNSAT', 1.1], [32, 'UNSAT', 1.4], [38, 'UNSAT', 1.7], [44, 'UNSAT', 2.5], [50, 'UNSAT', 2.6]]
[ 33/156     40s] n2 W1 p6 d2 or             UNSAT wmin=None  [[14, 'UNSAT', 0.5], [20, 'UNSAT', 0.9], [26, 'UNSAT', 1.6], [32, 'UNSAT', 1.4], [38, 'UNSAT', 1.8], [44, 'UNSAT', 1.9], [50, 'UNSAT', 2.5]]
[ 34/156     45s] n2 W1 p6 d3 or             UNSAT wmin=None  [[14, 'UNSAT', 0.5], [20, 'UNSAT', 0.6], [26, 'UNSAT', 1.3], [32, 'UNSAT', 1.8], [38, 'UNSAT', 1.9], [44, 'UNSAT', 1.6], [50, 'UNSAT', 2.0]]
[ 35/156     48s] n2 W1 p6 d2 parity         UNSAT wmin=None  [[14, 'UNSAT', 0.8], [20, 'UNSAT', 1.3], [26, 'UNSAT', 1.8], [32, 'UNSAT', 1.9], [38, 'UNSAT', 4.2], [44, 'UNSAT', 4.4], [50, 'UNSAT', 5.3]]
[ 36/156     50s] n2 W1 p6 d3 parity         UNSAT wmin=None  [[14, 'UNSAT', 0.6], [20, 'UNSAT', 0.9], [26, 'UNSAT', 1.4], [32, 'UNSAT', 1.6], [38, 'UNSAT', 1.8], [44, 'UNSAT', 2.9], [50, 'UNSAT', 5.0]]
[ 37/156     50s] n2 W1 p6 d4 parity         UNSAT wmin=None  [[14, 'UNSAT', 0.4], [20, 'UNSAT', 0.7], [26, 'UNSAT', 1.0], [32, 'UNSAT', 1.5], [38, 'UNSAT', 2.2], [44, 'UNSAT', 1.7], [50, 'UNSAT', 2.3]]
[ 38/156     50s] n2 W1 p6 d6 parity         SAT   wmin=14    [[14, 'SAT', 0.0]]
[ 39/156     50s] n2 W1 p6 d6 or             SAT   wmin=14    [[14, 'SAT', 0.0]]
[ 40/156     54s] n2 W1 p6 d4 or             UNSAT wmin=None  [[14, 'UNSAT', 0.2], [20, 'UNSAT', 0.5], [26, 'UNSAT', 1.0], [32, 'UNSAT', 1.2], [38, 'UNSAT', 1.8], [44, 'UNSAT', 2.2], [50, 'UNSAT', 2.2]]
[ 41/156     56s] n2 W1 p6 d5 parity         UNSAT wmin=None  [[14, 'UNSAT', 0.2], [20, 'UNSAT', 0.4], [26, 'UNSAT', 0.6], [32, 'UNSAT', 0.8], [38, 'UNSAT', 1.7], [44, 'UNSAT', 2.1], [50, 'UNSAT', 2.6]]
[ 42/156     57s] n2 W1 p6 d5 or             UNSAT wmin=None  [[14, 'UNSAT', 0.1], [20, 'UNSAT', 0.3], [26, 'UNSAT', 0.4], [32, 'UNSAT', 1.0], [38, 'UNSAT', 1.3], [44, 'UNSAT', 1.9], [50, 'UNSAT', 2.0]]
[ 43/156     63s] n2 W1 p7 d1 parity         UNSAT wmin=None  [[14, 'UNSAT', 0.7], [20, 'UNSAT', 0.9], [26, 'UNSAT', 1.3], [32, 'UNSAT', 1.4], [38, 'UNSAT', 1.9], [44, 'UNSAT', 2.6], [50, 'UNSAT', 4.2]]
[ 44/156     64s] n2 W1 p7 d1 or             UNSAT wmin=None  [[14, 'UNSAT', 0.5], [20, 'UNSAT', 1.0], [26, 'UNSAT', 0.9], [32, 'UNSAT', 1.2], [38, 'UNSAT', 1.7], [44, 'UNSAT', 2.6], [50, 'UNSAT', 2.0]]
[ 45/156     70s] n2 W1 p7 d2 or             UNSAT wmin=None  [[14, 'UNSAT', 0.7], [20, 'UNSAT', 0.8], [26, 'UNSAT', 1.3], [32, 'UNSAT', 1.8], [38, 'UNSAT', 2.0], [44, 'UNSAT', 3.1], [50, 'UNSAT', 3.8]]
[ 46/156     75s] n2 W1 p7 d3 parity         UNSAT wmin=None  [[14, 'UNSAT', 0.6], [20, 'UNSAT', 0.8], [26, 'UNSAT', 1.0], [32, 'UNSAT', 1.5], [38, 'UNSAT', 1.9], [44, 'UNSAT', 3.2], [50, 'UNSAT', 2.3]]
[ 47/156     76s] n2 W1 p7 d3 or             UNSAT wmin=None  [[14, 'UNSAT', 0.4], [20, 'UNSAT', 0.8], [26, 'UNSAT', 1.4], [32, 'UNSAT', 1.4], [38, 'UNSAT', 1.8], [44, 'UNSAT', 2.0], [50, 'UNSAT', 3.3]]
[ 48/156     84s] n2 W1 p7 d4 parity         UNSAT wmin=None  [[14, 'UNSAT', 0.4], [20, 'UNSAT', 0.7], [26, 'UNSAT', 1.3], [32, 'UNSAT', 1.7], [38, 'UNSAT', 2.6], [44, 'UNSAT', 2.8], [50, 'UNSAT', 3.9]]
[ 49/156     85s] n2 W1 p7 d5 parity         UNSAT wmin=None  [[14, 'UNSAT', 0.2], [20, 'UNSAT', 0.5], [26, 'UNSAT', 1.0], [32, 'UNSAT', 1.1], [38, 'UNSAT', 1.5], [44, 'UNSAT', 1.7], [50, 'UNSAT', 2.9]]
[ 50/156     86s] n2 W1 p7 d4 or             UNSAT wmin=None  [[14, 'UNSAT', 0.4], [20, 'UNSAT', 0.6], [26, 'UNSAT', 1.4], [32, 'UNSAT', 1.1], [38, 'UNSAT', 1.4], [44, 'UNSAT', 1.9], [50, 'UNSAT', 4.1]]
[ 51/156     91s] n2 W1 p7 d5 or             UNSAT wmin=None  [[14, 'UNSAT', 0.1], [20, 'UNSAT', 0.6], [26, 'UNSAT', 0.9], [32, 'UNSAT', 1.2], [38, 'UNSAT', 1.7], [44, 'UNSAT', 1.5], [50, 'UNSAT', 1.6]]
[ 52/156     91s] n2 W1 p7 d7 parity         SAT   wmin=14    [[14, 'SAT', 0.0]]
[ 53/156     91s] n2 W1 p7 d7 or             SAT   wmin=14    [[14, 'SAT', 0.0]]
[ 54/156     92s] n2 W1 p7 d2 parity         UNSAT wmin=None  [[14, 'UNSAT', 0.8], [20, 'UNSAT', 1.7], [26, 'UNSAT', 2.3], [32, 'UNSAT', 3.2], [38, 'UNSAT', 4.5], [44, 'UNSAT', 10.6], [50, 'UNSAT', 12.4]]
[ 55/156     94s] n2 W1 p7 d6 parity         UNSAT wmin=None  [[14, 'UNSAT', 0.1], [20, 'UNSAT', 0.6], [26, 'UNSAT', 0.8], [32, 'UNSAT', 1.3], [38, 'UNSAT', 1.6], [44, 'UNSAT', 2.3], [50, 'UNSAT', 2.4]]
[ 56/156     94s] n2 W1 p7 d6 or             UNSAT wmin=None  [[14, 'UNSAT', 0.1], [20, 'UNSAT', 0.4], [26, 'UNSAT', 0.7], [32, 'UNSAT', 1.2], [38, 'UNSAT', 1.6], [44, 'UNSAT', 1.8], [50, 'UNSAT', 2.6]]
[ 57/156    103s] n2 W1 p8 d1 or             UNSAT wmin=None  [[14, 'UNSAT', 0.6], [20, 'UNSAT', 1.1], [26, 'UNSAT', 1.3], [32, 'UNSAT', 1.4], [38, 'UNSAT', 1.8], [44, 'UNSAT', 3.0], [50, 'UNSAT', 1.8]]
[ 58/156    106s] n2 W1 p8 d1 parity         UNSAT wmin=None  [[14, 'UNSAT', 1.1], [20, 'UNSAT', 1.3], [26, 'UNSAT', 1.3], [32, 'UNSAT', 1.6], [38, 'UNSAT', 3.9], [44, 'UNSAT', 2.2], [50, 'UNSAT', 3.5]]
[ 59/156    108s] n2 W1 p8 d2 or             UNSAT wmin=None  [[14, 'UNSAT', 0.5], [20, 'UNSAT', 0.9], [26, 'UNSAT', 1.4], [32, 'UNSAT', 1.6], [38, 'UNSAT', 3.2], [44, 'UNSAT', 2.5], [50, 'UNSAT', 4.0]]
[ 60/156    117s] n2 W1 p8 d3 or             UNSAT wmin=None  [[14, 'UNSAT', 0.5], [20, 'UNSAT', 1.1], [26, 'UNSAT', 1.1], [32, 'UNSAT', 1.2], [38, 'UNSAT', 1.8], [44, 'UNSAT', 2.3], [50, 'UNSAT', 2.5]]
[ 61/156    121s] n2 W1 p8 d3 parity         UNSAT wmin=None  [[14, 'UNSAT', 1.0], [20, 'UNSAT', 1.2], [26, 'UNSAT', 1.2], [32, 'UNSAT', 2.7], [38, 'UNSAT', 3.6], [44, 'UNSAT', 5.0], [50, 'UNSAT', 3.1]]
[ 62/156    130s] n2 W1 p8 d4 or             UNSAT wmin=None  [[14, 'UNSAT', 0.6], [20, 'UNSAT', 0.8], [26, 'UNSAT', 1.4], [32, 'UNSAT', 1.6], [38, 'UNSAT', 2.4], [44, 'UNSAT', 2.6], [50, 'UNSAT', 4.6]]
[ 63/156    131s] n2 W1 p8 d5 parity         UNSAT wmin=None  [[14, 'UNSAT', 0.4], [20, 'UNSAT', 0.7], [26, 'UNSAT', 1.1], [32, 'UNSAT', 1.5], [38, 'UNSAT', 1.6], [44, 'UNSAT', 1.8], [50, 'UNSAT', 3.5]]
[ 64/156    142s] n2 W1 p8 d5 or             UNSAT wmin=None  [[14, 'UNSAT', 0.4], [20, 'UNSAT', 0.6], [26, 'UNSAT', 0.9], [32, 'UNSAT', 1.2], [38, 'UNSAT', 1.9], [44, 'UNSAT', 2.2], [50, 'UNSAT', 4.8]]
[ 65/156    144s] n2 W1 p8 d6 parity         UNSAT wmin=None  [[14, 'UNSAT', 0.2], [20, 'UNSAT', 0.7], [26, 'UNSAT', 0.8], [32, 'UNSAT', 1.6], [38, 'UNSAT', 2.0], [44, 'UNSAT', 3.2], [50, 'UNSAT', 4.6]]
[ 66/156    153s] n2 W1 p8 d2 parity         UNSAT wmin=None  [[14, 'UNSAT', 1.2], [20, 'UNSAT', 2.3], [26, 'UNSAT', 4.3], [32, 'UNSAT', 5.6], [38, 'UNSAT', 9.3], [44, 'UNSAT', 15.4], [50, 'UNSAT', 21.1]]
[ 67/156    153s] n2 W1 p8 d6 or             UNSAT wmin=None  [[14, 'UNSAT', 0.2], [20, 'UNSAT', 0.5], [26, 'UNSAT', 1.0], [32, 'UNSAT', 1.5], [38, 'UNSAT', 1.8], [44, 'UNSAT', 2.1], [50, 'UNSAT', 3.4]]
[ 68/156    153s] n2 W1 p8 d8 parity         SAT   wmin=14    [[14, 'SAT', 0.0]]
[ 69/156    153s] n2 W1 p8 d8 or             SAT   wmin=14    [[14, 'SAT', 0.0]]
[ 70/156    153s] n2 W1 p8 d4 parity         UNSAT wmin=None  [[14, 'UNSAT', 0.6], [20, 'UNSAT', 1.6], [26, 'UNSAT', 2.5], [32, 'UNSAT', 5.3], [38, 'UNSAT', 11.4], [44, 'UNSAT', 6.6], [50, 'UNSAT', 17.0]]
[ 71/156    155s] n2 W1 p8 d7 parity         UNSAT wmin=None  [[14, 'UNSAT', 0.1], [20, 'UNSAT', 0.3], [26, 'UNSAT', 0.7], [32, 'UNSAT', 1.3], [38, 'UNSAT', 1.8], [44, 'UNSAT', 3.0], [50, 'UNSAT', 3.2]]
[ 72/156    160s] n2 W1 p8 d7 or             UNSAT wmin=None  [[14, 'UNSAT', 0.1], [20, 'UNSAT', 0.4], [26, 'UNSAT', 0.9], [32, 'UNSAT', 1.1], [38, 'UNSAT', 1.4], [44, 'UNSAT', 1.8], [50, 'UNSAT', 1.8]]
[ 73/156    170s] n2 W1 p9 d1 or             UNSAT wmin=None  [[14, 'UNSAT', 0.8], [20, 'UNSAT', 1.1], [26, 'UNSAT', 1.2], [32, 'UNSAT', 1.9], [38, 'UNSAT', 3.4], [44, 'UNSAT', 4.0], [50, 'UNSAT', 4.5]]
[ 74/156    173s] n2 W1 p9 d1 parity         UNSAT wmin=None  [[14, 'UNSAT', 1.2], [20, 'UNSAT', 1.5], [26, 'UNSAT', 2.0], [32, 'UNSAT', 4.1], [38, 'UNSAT', 2.9], [44, 'UNSAT', 2.8], [50, 'UNSAT', 5.9]]
[ 75/156    176s] n2 W1 p9 d2 or             UNSAT wmin=None  [[14, 'UNSAT', 0.9], [20, 'UNSAT', 1.2], [26, 'UNSAT', 1.5], [32, 'UNSAT', 2.0], [38, 'UNSAT', 3.1], [44, 'UNSAT', 3.6], [50, 'UNSAT', 3.7]]
[ 76/156    187s] n2 W1 p9 d3 parity         UNSAT wmin=None  [[14, 'UNSAT', 1.0], [20, 'UNSAT', 1.6], [26, 'UNSAT', 1.6], [32, 'UNSAT', 2.9], [38, 'UNSAT', 2.0], [44, 'UNSAT', 3.3], [50, 'UNSAT', 4.8]]
[ 77/156    189s] n2 W1 p9 d3 or             UNSAT wmin=None  [[14, 'UNSAT', 0.6], [20, 'UNSAT', 1.2], [26, 'UNSAT', 1.4], [32, 'UNSAT', 1.6], [38, 'UNSAT', 2.7], [44, 'UNSAT', 5.0], [50, 'UNSAT', 3.4]]
[ 78/156    202s] n2 W1 p9 d4 or             UNSAT wmin=None  [[14, 'UNSAT', 0.6], [20, 'UNSAT', 0.9], [26, 'UNSAT', 1.0], [32, 'UNSAT', 1.7], [38, 'UNSAT', 3.0], [44, 'UNSAT', 3.2], [50, 'UNSAT', 4.4]]
[ 79/156    203s] n2 W1 p9 d5 parity         UNSAT wmin=None  [[14, 'UNSAT', 0.4], [20, 'UNSAT', 0.8], [26, 'UNSAT', 0.9], [32, 'UNSAT', 1.6], [38, 'UNSAT', 1.8], [44, 'UNSAT', 3.6], [50, 'UNSAT', 4.9]]
[ 80/156    212s] n2 W1 p9 d5 or             UNSAT wmin=None  [[14, 'UNSAT', 0.4], [20, 'UNSAT', 0.8], [26, 'UNSAT', 0.9], [32, 'UNSAT', 1.3], [38, 'UNSAT', 2.0], [44, 'UNSAT', 2.1], [50, 'UNSAT', 2.5]]
[ 81/156    219s] n2 W1 p9 d6 parity         UNSAT wmin=None  [[14, 'UNSAT', 0.3], [20, 'UNSAT', 0.9], [26, 'UNSAT', 1.2], [32, 'UNSAT', 1.7], [38, 'UNSAT', 3.4], [44, 'UNSAT', 4.1], [50, 'UNSAT', 4.7]]
[ 82/156    226s] n2 W1 p9 d6 or             UNSAT wmin=None  [[14, 'UNSAT', 0.3], [20, 'UNSAT', 0.7], [26, 'UNSAT', 1.3], [32, 'UNSAT', 1.8], [38, 'UNSAT', 1.8], [44, 'UNSAT', 2.6], [50, 'UNSAT', 5.7]]
[ 83/156    231s] n2 W1 p9 d7 parity         UNSAT wmin=None  [[14, 'UNSAT', 0.2], [20, 'UNSAT', 0.4], [26, 'UNSAT', 0.8], [32, 'UNSAT', 1.6], [38, 'UNSAT', 2.3], [44, 'UNSAT', 2.2], [50, 'UNSAT', 4.0]]
[ 84/156    234s] n2 W1 p9 d4 parity         UNSAT wmin=None  [[14, 'UNSAT', 0.9], [20, 'UNSAT', 1.9], [26, 'UNSAT', 3.0], [32, 'UNSAT', 5.6], [38, 'UNSAT', 5.7], [44, 'UNSAT', 16.1], [50, 'UNSAT', 24.5]]
[ 85/156    236s] n2 W1 p9 d7 or             UNSAT wmin=None  [[14, 'UNSAT', 0.2], [20, 'UNSAT', 0.5], [26, 'UNSAT', 0.8], [32, 'UNSAT', 1.6], [38, 'UNSAT', 1.7], [44, 'UNSAT', 2.2], [50, 'UNSAT', 2.4]]
[ 86/156    236s] n2 W1 p9 d9 parity         SAT   wmin=14    [[14, 'SAT', 0.0]]
[ 87/156    236s] n2 W1 p9 d9 or             SAT   wmin=14    [[14, 'SAT', 0.0]]
[ 88/156    237s] n2 W1 p9 d2 parity         UNSAT wmin=None  [[14, 'UNSAT', 1.8], [20, 'UNSAT', 4.0], [26, 'UNSAT', 5.4], [32, 'UNSAT', 6.3], [38, 'UNSAT', 20.5], [44, 'UNSAT', 19.0], [50, 'UNSAT', 25.5]]
[ 89/156    240s] n2 W1 p9 d8 parity         UNSAT wmin=None  [[14, 'UNSAT', 0.1], [20, 'UNSAT', 0.2], [26, 'UNSAT', 0.8], [32, 'UNSAT', 1.0], [38, 'UNSAT', 1.8], [44, 'UNSAT', 2.5], [50, 'UNSAT', 2.4]]
[ 90/156    242s] n2 W1 p9 d8 or             UNSAT wmin=None  [[14, 'UNSAT', 0.1], [20, 'UNSAT', 0.3], [26, 'UNSAT', 0.8], [32, 'UNSAT', 1.3], [38, 'UNSAT', 1.5], [44, 'UNSAT', 2.1], [50, 'UNSAT', 2.2]]
[ 91/156    254s] n2 W1 p10 d1 or            UNSAT wmin=None  [[14, 'UNSAT', 0.8], [20, 'UNSAT', 1.3], [26, 'UNSAT', 1.4], [32, 'UNSAT', 3.1], [38, 'UNSAT', 3.5], [44, 'UNSAT', 3.5], [50, 'UNSAT', 3.9]]
[ 92/156    262s] n2 W1 p10 d1 parity        UNSAT wmin=None  [[14, 'UNSAT', 1.4], [20, 'UNSAT', 3.3], [26, 'UNSAT', 2.5], [32, 'UNSAT', 3.3], [38, 'UNSAT', 5.6], [44, 'UNSAT', 4.0], [50, 'UNSAT', 5.8]]
[ 93/156    263s] n2 W1 p10 d2 or            UNSAT wmin=None  [[14, 'UNSAT', 0.8], [20, 'UNSAT', 1.3], [26, 'UNSAT', 1.8], [32, 'UNSAT', 3.2], [38, 'UNSAT', 3.5], [44, 'UNSAT', 4.6], [50, 'UNSAT', 5.3]]
[ 94/156    269s] n2 W1 p10 d4 parity        SAT   wmin=26    [[14, 'UNSAT', 1.2], [20, 'UNSAT', 2.4], [26, 'SAT', 2.7]]
[ 95/156    276s] n2 W1 p10 d3 or            UNSAT wmin=None  [[14, 'UNSAT', 0.9], [20, 'UNSAT', 1.2], [26, 'UNSAT', 1.5], [32, 'UNSAT', 1.7], [38, 'UNSAT', 2.5], [44, 'UNSAT', 3.1], [50, 'UNSAT', 3.8]]
[ 96/156    288s] n2 W1 p10 d4 or            UNSAT wmin=None  [[14, 'UNSAT', 0.7], [20, 'UNSAT', 1.3], [26, 'UNSAT', 1.8], [32, 'UNSAT', 2.7], [38, 'UNSAT', 3.7], [44, 'UNSAT', 3.8], [50, 'UNSAT', 5.1]]
[ 97/156    290s] n2 W1 p10 d3 parity        UNSAT wmin=None  [[14, 'UNSAT', 1.4], [20, 'UNSAT', 2.8], [26, 'UNSAT', 3.3], [32, 'UNSAT', 4.7], [38, 'UNSAT', 5.1], [44, 'UNSAT', 10.9], [50, 'UNSAT', 7.0]]
[ 98/156    300s] n2 W1 p10 d5 or            UNSAT wmin=None  [[14, 'UNSAT', 0.8], [20, 'UNSAT', 1.3], [26, 'UNSAT', 1.4], [32, 'UNSAT', 1.7], [38, 'UNSAT', 2.6], [44, 'UNSAT', 2.1], [50, 'UNSAT', 2.6]]
[ 99/156    304s] n2 W1 p10 d5 parity        UNSAT wmin=None  [[14, 'UNSAT', 1.0], [20, 'UNSAT', 2.4], [26, 'UNSAT', 4.0], [32, 'UNSAT', 4.7], [38, 'UNSAT', 4.6], [44, 'UNSAT', 5.6], [50, 'UNSAT', 5.8]]
[100/156    307s] n2 W1 p10 d6 parity        UNSAT wmin=None  [[14, 'UNSAT', 0.4], [20, 'UNSAT', 1.2], [26, 'UNSAT', 1.3], [32, 'UNSAT', 2.0], [38, 'UNSAT', 2.6], [44, 'UNSAT', 3.4], [50, 'UNSAT', 6.5]]
[101/156    316s] n2 W1 p10 d6 or            UNSAT wmin=None  [[14, 'UNSAT', 0.4], [20, 'UNSAT', 1.0], [26, 'UNSAT', 1.4], [32, 'UNSAT', 1.7], [38, 'UNSAT', 2.8], [44, 'UNSAT', 3.8], [50, 'UNSAT', 4.7]]
[102/156    318s] n2 W1 p10 d7 parity        UNSAT wmin=None  [[14, 'UNSAT', 0.2], [20, 'UNSAT', 0.6], [26, 'UNSAT', 1.2], [32, 'UNSAT', 1.4], [38, 'UNSAT', 1.9], [44, 'UNSAT', 4.2], [50, 'UNSAT', 3.8]]
[103/156    318s] n2 W1 p10 d7 or            UNSAT wmin=None  [[14, 'UNSAT', 0.3], [20, 'UNSAT', 1.1], [26, 'UNSAT', 1.3], [32, 'UNSAT', 1.6], [38, 'UNSAT', 1.8], [44, 'UNSAT', 2.7], [50, 'UNSAT', 2.3]]
[104/156    330s] n2 W1 p10 d8 or            UNSAT wmin=None  [[14, 'UNSAT', 0.2], [20, 'UNSAT', 0.6], [26, 'UNSAT', 1.0], [32, 'UNSAT', 1.6], [38, 'UNSAT', 2.5], [44, 'UNSAT', 2.5], [50, 'UNSAT', 3.7]]
[105/156    331s] n2 W1 p10 d9 parity        UNSAT wmin=None  [[14, 'UNSAT', 0.0], [20, 'UNSAT', 0.3], [26, 'UNSAT', 0.6], [32, 'UNSAT', 1.6], [38, 'UNSAT', 2.5], [44, 'UNSAT', 3.7], [50, 'UNSAT', 4.6]]
[106/156    331s] n2 W1 p10 d10 parity       SAT   wmin=14    [[14, 'SAT', 0.0]]
[107/156    331s] n2 W1 p10 d10 or           SAT   wmin=14    [[14, 'SAT', 0.1]]
[108/156    332s] n2 W1 p10 d8 parity        UNSAT wmin=None  [[14, 'UNSAT', 0.1], [20, 'UNSAT', 0.3], [26, 'UNSAT', 1.4], [32, 'UNSAT', 1.6], [38, 'UNSAT', 3.4], [44, 'UNSAT', 4.2], [50, 'UNSAT', 4.9]]
[109/156    338s] n2 W1 p10 d9 or            UNSAT wmin=None  [[14, 'UNSAT', 0.1], [20, 'UNSAT', 0.3], [26, 'UNSAT', 0.9], [32, 'UNSAT', 1.2], [38, 'UNSAT', 1.7], [44, 'UNSAT', 1.9], [50, 'UNSAT', 2.1]]
[110/156    338s] n2 W1 p10 d2 parity        UNSAT wmin=None  [[14, 'UNSAT', 1.7], [20, 'UNSAT', 4.6], [26, 'UNSAT', 6.9], [32, 'UNSAT', 14.8], [38, 'UNSAT', 17.0], [44, 'UNSAT', 24.1], [50, 'UNSAT', 29.6]]
[111/156    356s] n2 W1 p11 d1 or            UNSAT wmin=None  [[14, 'UNSAT', 0.9], [20, 'UNSAT', 1.6], [26, 'UNSAT', 1.8], [32, 'UNSAT', 4.0], [38, 'UNSAT', 2.4], [44, 'UNSAT', 5.5], [50, 'UNSAT', 7.7]]
[112/156    370s] n2 W1 p11 d2 or            UNSAT wmin=None  [[14, 'UNSAT', 0.9], [20, 'UNSAT', 1.4], [26, 'UNSAT', 2.3], [32, 'UNSAT', 4.1], [38, 'UNSAT', 5.6], [44, 'UNSAT', 7.8], [50, 'UNSAT', 9.8]]
[113/156    377s] n2 W1 p11 d1 parity        UNSAT wmin=None  [[14, 'UNSAT', 1.8], [20, 'UNSAT', 4.0], [26, 'UNSAT', 5.5], [32, 'UNSAT', 6.8], [38, 'UNSAT', 8.6], [44, 'UNSAT', 7.7], [50, 'UNSAT', 11.4]]
[114/156    393s] n2 W1 p11 d3 or            UNSAT wmin=None  [[14, 'UNSAT', 1.3], [20, 'UNSAT', 1.5], [26, 'UNSAT', 1.8], [32, 'UNSAT', 2.8], [38, 'UNSAT', 4.1], [44, 'UNSAT', 3.5], [50, 'UNSAT', 7.1]]
[115/156    427s] n2 W1 p11 d4 or            UNSAT wmin=None  [[14, 'UNSAT', 1.4], [20, 'UNSAT', 1.6], [26, 'UNSAT', 2.5], [32, 'UNSAT', 3.8], [38, 'UNSAT', 6.4], [44, 'UNSAT', 6.9], [50, 'UNSAT', 11.9]]
[116/156    478s] n2 W1 p11 d3 parity        UNSAT wmin=None  [[14, 'UNSAT', 3.2], [20, 'UNSAT', 4.8], [26, 'UNSAT', 8.0], [32, 'UNSAT', 18.0], [38, 'UNSAT', 24.5], [44, 'UNSAT', 34.3], [50, 'UNSAT', 29.5]]
[117/156    504s] n2 W1 p11 d5 or            UNSAT wmin=None  [[14, 'UNSAT', 1.1], [20, 'UNSAT', 1.3], [26, 'UNSAT', 2.1], [32, 'UNSAT', 2.7], [38, 'UNSAT', 3.5], [44, 'UNSAT', 5.9], [50, 'UNSAT', 9.0]]
[118/156    506s] n2 W1 p11 d5 parity        UNSAT wmin=None  [[14, 'UNSAT', 1.7], [20, 'UNSAT', 5.4], [26, 'UNSAT', 6.8], [32, 'UNSAT', 9.5], [38, 'UNSAT', 17.9], [44, 'UNSAT', 20.0], [50, 'UNSAT', 17.6]]
[119/156    535s] n2 W1 p11 d6 parity        UNSAT wmin=None  [[14, 'UNSAT', 0.8], [20, 'UNSAT', 1.3], [26, 'UNSAT', 2.5], [32, 'UNSAT', 4.0], [38, 'UNSAT', 5.4], [44, 'UNSAT', 6.5], [50, 'UNSAT', 10.5]]
[120/156    535s] n2 W1 p11 d6 or            UNSAT wmin=None  [[14, 'UNSAT', 0.6], [20, 'UNSAT', 1.6], [26, 'UNSAT', 2.4], [32, 'UNSAT', 4.1], [38, 'UNSAT', 5.0], [44, 'UNSAT', 5.1], [50, 'UNSAT', 10.3]]
[121/156    543s] n2 W1 p11 d4 parity        UNSAT wmin=None  [[14, 'UNSAT', 1.8], [20, 'UNSAT', 3.9], [26, 'UNSAT', 8.7], [32, 'UNSAT', 14.8], [38, 'UNSAT', 26.0], [44, 'UNSAT', 47.2], [50, 'UNSAT', 63.7]]
[122/156    555s] n2 W1 p11 d7 or            UNSAT wmin=None  [[14, 'UNSAT', 0.3], [20, 'UNSAT', 1.2], [26, 'UNSAT', 1.9], [32, 'UNSAT', 2.1], [38, 'UNSAT', 4.0], [44, 'UNSAT', 4.1], [50, 'UNSAT', 5.9]]
[123/156    560s] n2 W1 p11 d7 parity        UNSAT wmin=None  [[14, 'UNSAT', 0.4], [20, 'UNSAT', 1.4], [26, 'UNSAT', 1.7], [32, 'UNSAT', 2.4], [38, 'UNSAT', 6.3], [44, 'UNSAT', 3.5], [50, 'UNSAT', 9.9]]
[124/156    566s] n2 W1 p11 d8 parity        UNSAT wmin=None  [[14, 'UNSAT', 0.3], [20, 'UNSAT', 1.0], [26, 'UNSAT', 1.4], [32, 'UNSAT', 2.1], [38, 'UNSAT', 5.1], [44, 'UNSAT', 4.7], [50, 'UNSAT', 8.2]]
[125/156    575s] n2 W1 p11 d8 or            UNSAT wmin=None  [[14, 'UNSAT', 0.4], [20, 'UNSAT', 0.8], [26, 'UNSAT', 1.9], [32, 'UNSAT', 3.0], [38, 'UNSAT', 3.3], [44, 'UNSAT', 4.1], [50, 'UNSAT', 7.2]]
[126/156    585s] n2 W1 p11 d9 or            UNSAT wmin=None  [[14, 'UNSAT', 0.1], [20, 'UNSAT', 0.8], [26, 'UNSAT', 1.2], [32, 'UNSAT', 2.2], [38, 'UNSAT', 2.4], [44, 'UNSAT', 3.6], [50, 'UNSAT', 8.8]]
[127/156    587s] n2 W1 p11 d9 parity        UNSAT wmin=None  [[14, 'UNSAT', 0.2], [20, 'UNSAT', 0.5], [26, 'UNSAT', 1.5], [32, 'UNSAT', 2.7], [38, 'UNSAT', 4.2], [44, 'UNSAT', 5.9], [50, 'UNSAT', 11.1]]
[128/156    587s] n2 W1 p11 d11 parity       SAT   wmin=14    [[14, 'SAT', 0.1]]
[129/156    587s] n2 W1 p11 d11 or           SAT   wmin=14    [[14, 'SAT', 0.1]]
[130/156    591s] n2 W1 p11 d10 parity       UNSAT wmin=None  [[14, 'UNSAT', 0.1], [20, 'UNSAT', 0.3], [26, 'UNSAT', 0.6], [32, 'UNSAT', 2.0], [38, 'UNSAT', 3.1], [44, 'UNSAT', 3.8], [50, 'UNSAT', 6.2]]
[131/156    599s] n2 W1 p11 d10 or           UNSAT wmin=None  [[14, 'UNSAT', 0.0], [20, 'UNSAT', 0.4], [26, 'UNSAT', 1.1], [32, 'UNSAT', 1.8], [38, 'UNSAT', 2.6], [44, 'UNSAT', 4.3], [50, 'UNSAT', 4.1]]
[132/156    623s] n2 W1 p12 d1 or            UNSAT wmin=None  [[14, 'UNSAT', 1.6], [20, 'UNSAT', 2.8], [26, 'UNSAT', 2.8], [32, 'UNSAT', 3.2], [38, 'UNSAT', 5.6], [44, 'UNSAT', 8.1], [50, 'UNSAT', 8.0]]
[133/156    627s] n2 W1 p11 d2 parity        UNSAT wmin=None  [[14, 'UNSAT', 4.7], [20, 'UNSAT', 9.2], [26, 'UNSAT', 17.7], [32, 'UNSAT', 30.4], [38, 'UNSAT', 43.6], [44, 'UNSAT', 42.9], [50, 'UNSAT', 141.0]]
