31 scans, 8 workers
[  1/ 31      2s] n2 W1 p2 d1                UNSAT wmin=None  [[14, 'UNSAT', 0.0], [18, 'UNSAT', 0.0], [22, 'UNSAT', 0.1], [26, 'UNSAT', 0.0], [30, 'UNSAT', 0.1], [34, 'UNSAT', 0.2], [38, 'UNSAT', 0.2], [42, 'UNSAT', 0.2], [46, 'UNSAT', 0.4], [50, 'UNSAT', 0.3]]
[  2/ 31      2s] n2 W1 p5 d2                SAT   wmin=26    [[14, 'UNSAT', 0.3], [18, 'UNSAT', 0.6], [22, 'UNSAT', 0.7], [26, 'SAT', 0.5]]
[  3/ 31      4s] n2 W1 p3 d1                UNSAT wmin=None  [[14, 'UNSAT', 0.1], [18, 'UNSAT', 0.2], [22, 'UNSAT', 0.3], [26, 'UNSAT', 0.4], [30, 'UNSAT', 0.4], [34, 'UNSAT', 0.5], [38, 'UNSAT', 0.5], [42, 'UNSAT', 0.6], [46, 'UNSAT', 0.7], [50, 'UNSAT', 0.7]]
[  4/ 31      5s] n2 W1 p3 d2                UNSAT wmin=None  [[14, 'UNSAT', 0.1], [18, 'UNSAT', 0.1], [22, 'UNSAT', 0.2], [26, 'UNSAT', 0.3], [30, 'UNSAT', 0.4], [34, 'UNSAT', 0.6], [38, 'UNSAT', 0.6], [42, 'UNSAT', 0.8], [46, 'UNSAT', 0.7], [50, 'UNSAT', 1.3]]
[  5/ 31      7s] n2 W1 p4 d3                UNSAT wmin=None  [[14, 'UNSAT', 0.1], [18, 'UNSAT', 0.1], [22, 'UNSAT', 0.5], [26, 'UNSAT', 0.5], [30, 'UNSAT', 0.7], [34, 'UNSAT', 0.5], [38, 'UNSAT', 0.8], [42, 'UNSAT', 1.3], [46, 'UNSAT', 1.6], [50, 'UNSAT', 1.4]]
[  6/ 31      8s] n2 W1 p4 d1                UNSAT wmin=None  [[14, 'UNSAT', 0.1], [18, 'UNSAT', 0.4], [22, 'UNSAT', 0.5], [26, 'UNSAT', 0.6], [30, 'UNSAT', 0.4], [34, 'UNSAT', 0.7], [38, 'UNSAT', 1.0], [42, 'UNSAT', 1.4], [46, 'UNSAT', 1.3], [50, 'UNSAT', 1.8]]
[  7/ 31     11s] n2 W1 p5 d3                UNSAT wmin=None  [[14, 'UNSAT', 0.2], [18, 'UNSAT', 0.5], [22, 'UNSAT', 0.7], [26, 'UNSAT', 1.0], [30, 'UNSAT', 1.1], [34, 'UNSAT', 1.1], [38, 'UNSAT', 1.5], [42, 'UNSAT', 1.5], [46, 'UNSAT', 1.8], [50, 'UNSAT', 1.9]]
[  8/ 31     12s] n2 W1 p5 d1                UNSAT wmin=None  [[14, 'UNSAT', 0.5], [18, 'UNSAT', 0.7], [22, 'UNSAT', 0.9], [26, 'UNSAT', 1.3], [30, 'UNSAT', 1.0], [34, 'UNSAT', 1.1], [38, 'UNSAT', 1.6], [42, 'UNSAT', 1.6], [46, 'UNSAT', 1.6], [50, 'UNSAT', 1.6]]
[  9/ 31     14s] n2 W1 p5 d4                UNSAT wmin=None  [[14, 'UNSAT', 0.1], [18, 'UNSAT', 0.3], [22, 'UNSAT', 0.5], [26, 'UNSAT', 0.7], [30, 'UNSAT', 1.0], [34, 'UNSAT', 1.4], [38, 'UNSAT', 1.3], [42, 'UNSAT', 1.9], [46, 'UNSAT', 2.3], [50, 'UNSAT', 2.8]]
[ 10/ 31     18s] n2 W1 p6 d1                UNSAT wmin=None  [[14, 'UNSAT', 0.5], [18, 'UNSAT', 0.9], [22, 'UNSAT', 1.2], [26, 'UNSAT', 1.7], [30, 'UNSAT', 2.0], [34, 'UNSAT', 1.7], [38, 'UNSAT', 1.6], [42, 'UNSAT', 1.4], [46, 'UNSAT', 2.6], [50, 'UNSAT', 2.4]]
[ 11/ 31     19s] n2 W1 p6 d5                UNSAT wmin=None  [[14, 'UNSAT', 0.1], [18, 'UNSAT', 0.2], [22, 'UNSAT', 0.9], [26, 'UNSAT', 0.6], [30, 'UNSAT', 1.0], [34, 'UNSAT', 1.6], [38, 'UNSAT', 1.7], [42, 'UNSAT', 2.1], [46, 'UNSAT', 3.8], [50, 'UNSAT', 2.8]]
[ 12/ 31     26s] n2 W1 p7 d3                UNSAT wmin=None  [[14, 'UNSAT', 0.9], [18, 'UNSAT', 1.1], [22, 'UNSAT', 1.1], [26, 'UNSAT', 1.4], [30, 'UNSAT', 1.5], [34, 'UNSAT', 1.7], [38, 'UNSAT', 2.5], [42, 'UNSAT', 2.4], [46, 'UNSAT', 2.1], [50, 'UNSAT', 2.8]]
[ 13/ 31     27s] n2 W1 p7 d1                UNSAT wmin=None  [[14, 'UNSAT', 0.7], [18, 'UNSAT', 1.2], [22, 'UNSAT', 1.1], [26, 'UNSAT', 1.3], [30, 'UNSAT', 1.9], [34, 'UNSAT', 2.0], [38, 'UNSAT', 2.2], [42, 'UNSAT', 3.1], [46, 'UNSAT', 3.4], [50, 'UNSAT', 4.7]]
[ 14/ 31     28s] n2 W1 p7 d5                UNSAT wmin=None  [[14, 'UNSAT', 0.3], [18, 'UNSAT', 0.5], [22, 'UNSAT', 0.9], [26, 'UNSAT', 1.3], [30, 'UNSAT', 1.4], [34, 'UNSAT', 1.5], [38, 'UNSAT', 1.9], [42, 'UNSAT', 2.3], [46, 'UNSAT', 2.2], [50, 'UNSAT', 3.4]]
[ 15/ 31     29s] n2 W1 p7 d6                UNSAT wmin=None  [[14, 'UNSAT', 0.1], [18, 'UNSAT', 0.4], [22, 'UNSAT', 0.6], [26, 'UNSAT', 0.9], [30, 'UNSAT', 1.1], [34, 'UNSAT', 1.8], [38, 'UNSAT', 1.8], [42, 'UNSAT', 3.0], [46, 'UNSAT', 3.2], [50, 'UNSAT', 3.1]]
[ 16/ 31     34s] n2 W1 p7 d4                UNSAT wmin=None  [[14, 'UNSAT', 0.5], [18, 'UNSAT', 0.8], [22, 'UNSAT', 1.2], [26, 'UNSAT', 1.6], [30, 'UNSAT', 1.7], [34, 'UNSAT', 2.8], [38, 'UNSAT', 2.9], [42, 'UNSAT', 3.5], [46, 'UNSAT', 2.7], [50, 'UNSAT', 4.6]]
[ 17/ 31     45s] n2 W1 p8 d5                UNSAT wmin=None  [[14, 'UNSAT', 0.4], [18, 'UNSAT', 0.9], [22, 'UNSAT', 1.0], [26, 'UNSAT', 1.4], [30, 'UNSAT', 1.9], [34, 'UNSAT', 1.6], [38, 'UNSAT', 2.1], [42, 'UNSAT', 2.8], [46, 'UNSAT', 2.4], [50, 'UNSAT', 4.4]]
[ 18/ 31     46s] n2 W1 p8 d3                UNSAT wmin=None  [[14, 'UNSAT', 1.3], [18, 'UNSAT', 1.2], [22, 'UNSAT', 1.5], [26, 'UNSAT', 1.5], [30, 'UNSAT', 2.2], [34, 'UNSAT', 2.3], [38, 'UNSAT', 4.2], [42, 'UNSAT', 2.8], [46, 'UNSAT', 5.7], [50, 'UNSAT', 3.8]]
[ 19/ 31     46s] n2 W1 p8 d7                UNSAT wmin=None  [[14, 'UNSAT', 0.1], [18, 'UNSAT', 0.4], [22, 'UNSAT', 0.7], [26, 'UNSAT', 1.0], [30, 'UNSAT', 1.8], [34, 'UNSAT', 2.0], [38, 'UNSAT', 2.2], [42, 'UNSAT', 3.8], [46, 'UNSAT', 3.7], [50, 'UNSAT', 3.9]]
[ 20/ 31     47s] n2 W1 p8 d1                UNSAT wmin=None  [[14, 'UNSAT', 1.3], [18, 'UNSAT', 1.6], [22, 'UNSAT', 1.7], [26, 'UNSAT', 1.6], [30, 'UNSAT', 2.1], [34, 'UNSAT', 3.4], [38, 'UNSAT', 4.9], [42, 'UNSAT', 3.7], [46, 'UNSAT', 4.3], [50, 'UNSAT', 4.4]]
[ 21/ 31     60s] n2 W1 p7 d2                UNSAT wmin=None  [[14, 'UNSAT', 1.0], [18, 'UNSAT', 1.7], [22, 'UNSAT', 2.2], [26, 'UNSAT', 2.6], [30, 'UNSAT', 4.3], [34, 'UNSAT', 5.1], [38, 'UNSAT', 5.1], [42, 'UNSAT', 9.1], [46, 'UNSAT', 7.2], [50, 'UNSAT', 14.5]]
Process SpawnPoolWorker-4:
Traceback (most recent call last):
  File "/Users/lukacs/.local/share/uv/python/cpython-3.11.15-macos-aarch64-none/lib/python3.11/multiprocessing/pool.py", line 131, in worker
    put((job, i, result))
  File "/Users/lukacs/.local/share/uv/python/cpython-3.11.15-macos-aarch64-none/lib/python3.11/multiprocessing/queues.py", line 377, in put
    self._writer.send_bytes(obj)
  File "/Users/lukacs/.local/share/uv/python/cpython-3.11.15-macos-aarch64-none/lib/python3.11/multiprocessing/connection.py", line 200, in send_bytes
    self._send_bytes(m[offset:offset + size])
  File "/Users/lukacs/.local/share/uv/python/cpython-3.11.15-macos-aarch64-none/lib/python3.11/multiprocessing/connection.py", line 427, in _send_bytes
    self._send(header + buf)
  File "/Users/lukacs/.local/share/uv/python/cpython-3.11.15-macos-aarch64-none/lib/python3.11/multiprocessing/connection.py", line 384, in _send
    n = write(self._handle, buf)
        ^^^^^^^^^^^^^^^^^^^^^^^^
BrokenPipeError: [Errno 32] Broken pipe

During handling of the above exception, another exception occurred:

Traceback (most recent call last):
  File "/Users/lukacs/.local/share/uv/python/cpython-3.11.15-macos-aarch64-none/lib/python3.11/multiprocessing/process.py", line 314, in _bootstrap
    self.run()
  File "/Users/lukacs/.local/share/uv/python/cpython-3.11.15-macos-aarch64-none/lib/python3.11/multiprocessing/process.py", line 108, in run
    self._target(*self._args, **self._kwargs)
  File "/Users/lukacs/.local/share/uv/python/cpython-3.11.15-macos-aarch64-none/lib/python3.11/multiprocessing/pool.py", line 136, in worker
    put((job, i, (False, wrapped)))
  File "/Users/lukacs/.local/share/uv/python/cpython-3.11.15-macos-aarch64-none/lib/python3.11/multiprocessing/queues.py", line 377, in put
    self._writer.send_bytes(obj)
  File "/Users/lukacs/.local/share/uv/python/cpython-3.11.15-macos-aarch64-none/lib/python3.11/multiprocessing/connection.py", line 200, in send_bytes
    self._send_bytes(m[offset:offset + size])
  File "/Users/lukacs/.local/share/uv/python/cpython-3.11.15-macos-aarch64-none/lib/python3.11/multiprocessing/connection.py", line 427, in _send_bytes
    self._send(header + buf)
  File "/Users/lukacs/.local/share/uv/python/cpython-3.11.15-macos-aarch64-none/lib/python3.11/multiprocessing/connection.py", line 384, in _send
    n = write(self._handle, buf)
        ^^^^^^^^^^^^^^^^^^^^^^^^
BrokenPipeError: [Errno 32] Broken pipe
Process SpawnPoolWorker-3:
Traceback (most recent call last):
  File "/Users/lukacs/.local/share/uv/python/cpython-3.11.15-macos-aarch64-none/lib/python3.11/multiprocessing/pool.py", line 131, in worker
    put((job, i, result))
  File "/Users/lukacs/.local/share/uv/python/cpython-3.11.15-macos-aarch64-none/lib/python3.11/multiprocessing/queues.py", line 377, in put
    self._writer.send_bytes(obj)
  File "/Users/lukacs/.local/share/uv/python/cpython-3.11.15-macos-aarch64-none/lib/python3.11/multiprocessing/connection.py", line 200, in send_bytes
    self._send_bytes(m[offset:offset + size])
  File "/Users/lukacs/.local/share/uv/python/cpython-3.11.15-macos-aarch64-none/lib/python3.11/multiprocessing/connection.py", line 427, in _send_bytes
    self._send(header + buf)
  File "/Users/lukacs/.local/share/uv/python/cpython-3.11.15-macos-aarch64-none/lib/python3.11/multiprocessing/connection.py", line 384, in _send
    n = write(self._handle, buf)
        ^^^^^^^^^^^^^^^^^^^^^^^^
BrokenPipeError: [Errno 32] Broken pipe

During handling of the above exception, another exception occurred:

Traceback (most recent call last):
  File "/Users/lukacs/.local/share/uv/python/cpython-3.11.15-macos-aarch64-none/lib/python3.11/multiprocessing/process.py", line 314, in _bootstrap
    self.run()
  File "/Users/lukacs/.local/share/uv/python/cpython-3.11.15-macos-aarch64-none/lib/python3.11/multiprocessing/process.py", line 108, in run
    self._target(*self._args, **self._kwargs)
  File "/Users/lukacs/.local/share/uv/python/cpython-3.11.15-macos-aarch64-none/lib/python3.11/multiprocessing/pool.py", line 136, in worker
    put((job, i, (False, wrapped)))
  File "/Users/lukacs/.local/share/uv/python/cpython-3.11.15-macos-aarch64-none/lib/python3.11/multiprocessing/queues.py", line 377, in put
    self._writer.send_bytes(obj)
  File "/Users/lukacs/.local/share/uv/python/cpython-3.11.15-macos-aarch64-none/lib/python3.11/multiprocessing/connection.py", line 200, in send_bytes
    self._send_bytes(m[offset:offset + size])
  File "/Users/lukacs/.local/share/uv/python/cpython-3.11.15-macos-aarch64-none/lib/python3.11/multiprocessing/connection.py", line 427, in _send_bytes
    self._send(header + buf)
  File "/Users/lukacs/.local/share/uv/python/cpython-3.11.15-macos-aarch64-none/lib/python3.11/multiprocessing/connection.py", line 384, in _send
    n = write(self._handle, buf)
        ^^^^^^^^^^^^^^^^^^^^^^^^
BrokenPipeError: [Errno 32] Broken pipe
Process SpawnPoolWorker-7:
Traceback (most recent call last):
  File "/Users/lukacs/.local/share/uv/python/cpython-3.11.15-macos-aarch64-none/lib/python3.11/multiprocessing/pool.py", line 131, in worker
    put((job, i, result))
  File "/Users/lukacs/.local/share/uv/python/cpython-3.11.15-macos-aarch64-none/lib/python3.11/multiprocessing/queues.py", line 377, in put
    self._writer.send_bytes(obj)
  File "/Users/lukacs/.local/share/uv/python/cpython-3.11.15-macos-aarch64-none/lib/python3.11/multiprocessing/connection.py", line 200, in send_bytes
    self._send_bytes(m[offset:offset + size])
  File "/Users/lukacs/.local/share/uv/python/cpython-3.11.15-macos-aarch64-none/lib/python3.11/multiprocessing/connection.py", line 427, in _send_bytes
    self._send(header + buf)
  File "/Users/lukacs/.local/share/uv/python/cpython-3.11.15-macos-aarch64-none/lib/python3.11/multiprocessing/connection.py", line 384, in _send
    n = write(self._handle, buf)
        ^^^^^^^^^^^^^^^^^^^^^^^^
BrokenPipeError: [Errno 32] Broken pipe

During handling of the above exception, another exception occurred:

Traceback (most recent call last):
  File "/Users/lukacs/.local/share/uv/python/cpython-3.11.15-macos-aarch64-none/lib/python3.11/multiprocessing/process.py", line 314, in _bootstrap
    self.run()
  File "/Users/lukacs/.local/share/uv/python/cpython-3.11.15-macos-aarch64-none/lib/python3.11/multiprocessing/process.py", line 108, in run
    self._target(*self._args, **self._kwargs)
  File "/Users/lukacs/.local/share/uv/python/cpython-3.11.15-macos-aarch64-none/lib/python3.11/multiprocessing/pool.py", line 136, in worker
    put((job, i, (False, wrapped)))
  File "/Users/lukacs/.local/share/uv/python/cpython-3.11.15-macos-aarch64-none/lib/python3.11/multiprocessing/queues.py", line 377, in put
    self._writer.send_bytes(obj)
  File "/Users/lukacs/.local/share/uv/python/cpython-3.11.15-macos-aarch64-none/lib/python3.11/multiprocessing/connection.py", line 200, in send_bytes
    self._send_bytes(m[offset:offset + size])
  File "/Users/lukacs/.local/share/uv/python/cpython-3.11.15-macos-aarch64-none/lib/python3.11/multiprocessing/connection.py", line 427, in _send_bytes
    self._send(header + buf)
  File "/Users/lukacs/.local/share/uv/python/cpython-3.11.15-macos-aarch64-none/lib/python3.11/multiprocessing/connection.py", line 384, in _send
    n = write(self._handle, buf)
        ^^^^^^^^^^^^^^^^^^^^^^^^
BrokenPipeError: [Errno 32] Broken pipe
Process SpawnPoolWorker-1:
Traceback (most recent call last):
  File "/Users/lukacs/.local/share/uv/python/cpython-3.11.15-macos-aarch64-none/lib/python3.11/multiprocessing/pool.py", line 131, in worker
    put((job, i, result))
  File "/Users/lukacs/.local/share/uv/python/cpython-3.11.15-macos-aarch64-none/lib/python3.11/multiprocessing/queues.py", line 377, in put
    self._writer.send_bytes(obj)
  File "/Users/lukacs/.local/share/uv/python/cpython-3.11.15-macos-aarch64-none/lib/python3.11/multiprocessing/connection.py", line 200, in send_bytes
    self._send_bytes(m[offset:offset + size])
  File "/Users/lukacs/.local/share/uv/python/cpython-3.11.15-macos-aarch64-none/lib/python3.11/multiprocessing/connection.py", line 427, in _send_bytes
    self._send(header + buf)
  File "/Users/lukacs/.local/share/uv/python/cpython-3.11.15-macos-aarch64-none/lib/python3.11/multiprocessing/connection.py", line 384, in _send
    n = write(self._handle, buf)
        ^^^^^^^^^^^^^^^^^^^^^^^^
BrokenPipeError: [Errno 32] Broken pipe

During handling of the above exception, another exception occurred:

Traceback (most recent call last):
  File "/Users/lukacs/.local/share/uv/python/cpython-3.11.15-macos-aarch64-none/lib/python3.11/multiprocessing/process.py", line 314, in _bootstrap
    self.run()
  File "/Users/lukacs/.local/share/uv/python/cpython-3.11.15-macos-aarch64-none/lib/python3.11/multiprocessing/process.py", line 108, in run
    self._target(*self._args, **self._kwargs)
  File "/Users/lukacs/.local/share/uv/python/cpython-3.11.15-macos-aarch64-none/lib/python3.11/multiprocessing/pool.py", line 136, in worker
    put((job, i, (False, wrapped)))
  File "/Users/lukacs/.local/share/uv/python/cpython-3.11.15-macos-aarch64-none/lib/python3.11/multiprocessing/queues.py", line 377, in put
    self._writer.send_bytes(obj)
  File "/Users/lukacs/.local/share/uv/python/cpython-3.11.15-macos-aarch64-none/lib/python3.11/multiprocessing/connection.py", line 200, in send_bytes
    self._send_bytes(m[offset:offset + size])
  File "/Users/lukacs/.local/share/uv/python/cpython-3.11.15-macos-aarch64-none/lib/python3.11/multiprocessing/connection.py", line 427, in _send_bytes
    self._send(header + buf)
  File "/Users/lukacs/.local/share/uv/python/cpython-3.11.15-macos-aarch64-none/lib/python3.11/multiprocessing/connection.py", line 384, in _send
    n = write(self._handle, buf)
        ^^^^^^^^^^^^^^^^^^^^^^^^
BrokenPipeError: [Errno 32] Broken pipe
Process SpawnPoolWorker-5:
Traceback (most recent call last):
  File "/Users/lukacs/.local/share/uv/python/cpython-3.11.15-macos-aarch64-none/lib/python3.11/multiprocessing/pool.py", line 131, in worker
    put((job, i, result))
  File "/Users/lukacs/.local/share/uv/python/cpython-3.11.15-macos-aarch64-none/lib/python3.11/multiprocessing/queues.py", line 377, in put
    self._writer.send_bytes(obj)
  File "/Users/lukacs/.local/share/uv/python/cpython-3.11.15-macos-aarch64-none/lib/python3.11/multiprocessing/connection.py", line 200, in send_bytes
    self._send_bytes(m[offset:offset + size])
  File "/Users/lukacs/.local/share/uv/python/cpython-3.11.15-macos-aarch64-none/lib/python3.11/multiprocessing/connection.py", line 427, in _send_bytes
    self._send(header + buf)
  File "/Users/lukacs/.local/share/uv/python/cpython-3.11.15-macos-aarch64-none/lib/python3.11/multiprocessing/connection.py", line 384, in _send
    n = write(self._handle, buf)
        ^^^^^^^^^^^^^^^^^^^^^^^^
BrokenPipeError: [Errno 32] Broken pipe

During handling of the above exception, another exception occurred:

Traceback (most recent call last):
  File "/Users/lukacs/.local/share/uv/python/cpython-3.11.15-macos-aarch64-none/lib/python3.11/multiprocessing/process.py", line 314, in _bootstrap
    self.run()
  File "/Users/lukacs/.local/share/uv/python/cpython-3.11.15-macos-aarch64-none/lib/python3.11/multiprocessing/process.py", line 108, in run
    self._target(*self._args, **self._kwargs)
  File "/Users/lukacs/.local/share/uv/python/cpython-3.11.15-macos-aarch64-none/lib/python3.11/multiprocessing/pool.py", line 136, in worker
    put((job, i, (False, wrapped)))
  File "/Users/lukacs/.local/share/uv/python/cpython-3.11.15-macos-aarch64-none/lib/python3.11/multiprocessing/queues.py", line 377, in put
    self._writer.send_bytes(obj)
  File "/Users/lukacs/.local/share/uv/python/cpython-3.11.15-macos-aarch64-none/lib/python3.11/multiprocessing/connection.py", line 200, in send_bytes
    self._send_bytes(m[offset:offset + size])
  File "/Users/lukacs/.local/share/uv/python/cpython-3.11.15-macos-aarch64-none/lib/python3.11/multiprocessing/connection.py", line 427, in _send_bytes
    self._send(header + buf)
  File "/Users/lukacs/.local/share/uv/python/cpython-3.11.15-macos-aarch64-none/lib/python3.11/multiprocessing/connection.py", line 384, in _send
    n = write(self._handle, buf)
        ^^^^^^^^^^^^^^^^^^^^^^^^
BrokenPipeError: [Errno 32] Broken pipe
Process SpawnPoolWorker-8:
Traceback (most recent call last):
  File "/Users/lukacs/.local/share/uv/python/cpython-3.11.15-macos-aarch64-none/lib/python3.11/multiprocessing/pool.py", line 131, in worker
    put((job, i, result))
  File "/Users/lukacs/.local/share/uv/python/cpython-3.11.15-macos-aarch64-none/lib/python3.11/multiprocessing/queues.py", line 377, in put
    self._writer.send_bytes(obj)
  File "/Users/lukacs/.local/share/uv/python/cpython-3.11.15-macos-aarch64-none/lib/python3.11/multiprocessing/connection.py", line 200, in send_bytes
    self._send_bytes(m[offset:offset + size])
  File "/Users/lukacs/.local/share/uv/python/cpython-3.11.15-macos-aarch64-none/lib/python3.11/multiprocessing/connection.py", line 427, in _send_bytes
    self._send(header + buf)
  File "/Users/lukacs/.local/share/uv/python/cpython-3.11.15-macos-aarch64-none/lib/python3.11/multiprocessing/connection.py", line 384, in _send
    n = write(self._handle, buf)
        ^^^^^^^^^^^^^^^^^^^^^^^^
BrokenPipeError: [Errno 32] Broken pipe

During handling of the above exception, another exception occurred:

Traceback (most recent call last):
  File "/Users/lukacs/.local/share/uv/python/cpython-3.11.15-macos-aarch64-none/lib/python3.11/multiprocessing/process.py", line 314, in _bootstrap
    self.run()
  File "/Users/lukacs/.local/share/uv/python/cpython-3.11.15-macos-aarch64-none/lib/python3.11/multiprocessing/process.py", line 108, in run
    self._target(*self._args, **self._kwargs)
  File "/Users/lukacs/.local/share/uv/python/cpython-3.11.15-macos-aarch64-none/lib/python3.11/multiprocessing/pool.py", line 136, in worker
    put((job, i, (False, wrapped)))
  File "/Users/lukacs/.local/share/uv/python/cpython-3.11.15-macos-aarch64-none/lib/python3.11/multiprocessing/queues.py", line 377, in put
    self._writer.send_bytes(obj)
  File "/Users/lukacs/.local/share/uv/python/cpython-3.11.15-macos-aarch64-none/lib/python3.11/multiprocessing/connection.py", line 200, in send_bytes
    self._send_bytes(m[offset:offset + size])
  File "/Users/lukacs/.local/share/uv/python/cpython-3.11.15-macos-aarch64-none/lib/python3.11/multiprocessing/connection.py", line 427, in _send_bytes
    self._send(header + buf)
  File "/Users/lukacs/.local/share/uv/python/cpython-3.11.15-macos-aarch64-none/lib/python3.11/multiprocessing/connection.py", line 384, in _send
    n = write(self._handle, buf)
        ^^^^^^^^^^^^^^^^^^^^^^^^
BrokenPipeError: [Errno 32] Broken pipe
