==============================================================================
GATE 1  MIRROR AND-NOT  (DELETE / INHIBIT) -- two travelling signals
==============================================================================
  universe MIRROR = Const([(0,1,-1),(0,-1,1)], targets=[(0,1),(0,1)]),
  mode 'parity'.
  A = the (p=5,d=+2) right-mover on cells 0..19,  phase 0
  B = the (p=5,d=-2) left-mover  on cells 40..59, phase 0   (gap 20)
  seeds:  A = state_of([(c,k) for c in [0,1,2,4,5,6,7,8,10,11,12,14,16,17,18,19]
                              for k in (0,1)])
          B = state_of([(c,k) for c in [40,41,42,43,45,47,48,49,51,52,53,54,55,
                              57,58,59] for k in (0,1)])
  OBSERVE at T=200.  A alone -> cells 80..99;  B alone -> cells -40..-21;
  A+B -> frozen BALANCED debris on cells 16..43 (card 24).
  RIGHT PORT = cells [60,400]   (bit 1 iff a certified (5,+2) glider sits there)
  LEFT  PORT = cells [-400,-5]  (bit 1 iff a certified (5,-2) glider sits there)

  A cells: [0, 1, 2, 4, 5, 6, 7, 8, 10, 11, 12, 14, 16, 17, 18, 19] 
  B cells: [40, 41, 42, 43, 45, 47, 48, 49, 51, 52, 53, 54, 55, 57, 58, 59]
  A=0 B=0  T=200  state=empty  RIGHT=0 LEFT=0
  A=0 B=1  T=200  state=cells -40..-21 card 32  RIGHT=0 LEFT=1
  A=1 B=0  T=200  state=cells 80..99 card 32  RIGHT=1 LEFT=0
  A=1 B=1  T=200  state=cells 16..43 card 24  RIGHT=0 LEFT=0

  TRUTH TABLE  RIGHT PORT = A AND NOT B : True [(0, 0, 0), (0, 1, 0), (1, 0, 1), (1, 1, 0)]
  TRUTH TABLE  LEFT  PORT = B AND NOT A : True [(0, 0, 0), (0, 1, 1), (1, 0, 0), (1, 1, 0)]
  ==> one gadget, two ports, both AND-NOTs.  CERTIFIED.

==============================================================================
GATE 1b  CASCADE: (A AND NOT B) AND NOT C   -- 3 inputs, 8 cases
==============================================================================
  Same universe.  A on 0..19 (right-mover), B on 40..59 (left-mover),
  C on 300..319 (left-mover).  Read the RIGHT PORT at T=800, cells [500,2000].
  A alone at T=800 -> cells 320..339 ... it must clear C's station, so C is
  placed far enough right that A meets B first (if B is there) and C second.
  A=0 B=0 C=0 -> 0   empty
  A=0 B=0 C=1 -> 0   cells -20..-1 card 32
  A=0 B=1 C=0 -> 0   cells -280..-261 card 32
  A=0 B=1 C=1 -> 0   cells -280..-1 card 64
  A=1 B=0 C=0 -> 0   cells 320..339 card 32
  A=1 B=0 C=1 -> 0   cells 146..173 card 24
  A=1 B=1 C=0 -> 0   cells 16..43 card 24
  A=1 B=1 C=1 -> 0   cells 16..65 card 60

  TRUTH TABLE  out = A AND NOT B AND NOT C : False

==============================================================================
GATE 2  TANDEM-1 WALL-DELETE  (one travelling signal, STATIC control)
==============================================================================
  universe TANDEM-1 = Const([(0,-1,1),(0,-1,0)], targets=[(0,1),(0,1)]).
  A = the (p=1,d=+1) glider, both kinds in cell 0: state_of([(0,0),(0,1)])
  W = the period-2 wall  state_of([(20,0),(20,1),(21,0)])
  OBSERVE T=40, window cells [30,60].  A alone sits at cell 40.
  wall certificate: CYCLE period 2  (it never translates)
  A=0 W=0 -> out=0  port=[]
  A=0 W=1 -> out=0  port=[]
  A=1 W=0 -> out=1  port=[(40, 3)]
  A=1 W=1 -> out=0  port=[]

  TRUTH TABLE out = A AND NOT W : True [(0, 0, 0), (0, 1, 0), (1, 0, 1), (1, 1, 0)]
  HONEST NOTE: W is a static control, not a travelling signal, so this
  gate cannot be cascaded -- no gate output can drive W.

==============================================================================
REUSABILITY / DEBRIS: does the AND-NOT gate survive a second shot?
==============================================================================
  Fire A, then a second right-mover A2 far behind it, against one B.
  B=0 -> 2 clusters: [(160, 179, 32, 'G+2'), (360, 379, 32, 'G+2')]
  B=1 -> 3 clusters: [(-6, 9, 24, 'stat'), (13, 34, 30, 'stat'), (41, 43, 6, 'stat')]

==============================================================================
FAN-OUT / DUPLICATE and REFLECT hunt: glider vs the ARREST DEBRIS
==============================================================================
  BOX: the 8 distinct debris signatures produced by the T2 head-on sweep
  are re-used as obstacles; a fresh (5,+2) right-mover is fired into each from
  the left at every phase 0..4 and every gap 0..24  (8 x 5 x 25 = 1000 runs).
  distinct debris states harvested: 35
  runs: 4375  debris used: 35
    ABSORBED                4368
    UNRESOLVED                 7
