== PRONG A: exhaustive seeds (1,2-law all; 3-law up to rotation), m=2..8 ==
  A: m=2 done (0s)
  A: m=3 done (0s)
  A: m=4 done (1s)
  A: m=5 done (2s)
  A: m=6 done (4s)
  A: m=7 done (7s)
  A: m=8 done (10s)
  A holdouts: 0
champions so far: {2: (1, [(0, (-1, -1, -1))]), 3: (2, [(0, (0, -1, 1))]), 4: (2, [(0, (0, -1, 1))]), 5: (4, [(0, (0, -1, 1)), (2, (0, -1, 1))]), 6: (4, [(0, (0, -1, 1)), (2, (0, -1, 1))]), 7: (4, [(0, (0, -1, 1)), (2, (0, -1, 1))]), 8: (4, [(0, (0, -1, 1)), (2, (0, -1, 1))])}

== PRONG B: randomized 4-6 law seeds ==
  B holdouts: 0
champions so far: {2: (1, [(0, (-1, -1, -1))]), 3: (2, [(0, (0, -1, 1))]), 4: (2, [(0, (0, -1, 1))]), 5: (4, [(0, (0, -1, 1)), (2, (0, -1, 1))]), 6: (4, [(0, (0, -1, 1)), (2, (0, -1, 1))]), 7: (4, [(0, (0, -1, 1)), (2, (0, -1, 1))]), 8: (4, [(0, (0, -1, 1)), (2, (0, -1, 1))])}

== PRONG C: exact closed subuniverses ==
  C: exact subuniverse functional graphs
    1-kind universes: best max period 15 at m=10 kinds=[(0, -1, 1)]
    2-kind universes m=4: done (0s), running best (2, 4, [(-1, 1, -1), (-1, 1, 0)])
    2-kind universes m=5: done (0s), running best (4, 5, [(-1, 1, -1), (0, -1, 1)])
    2-kind universes m=6: done (1s), running best (6, 6, [(0, -1, 1), (0, 1, -1)])
    2-kind universes m=7: done (5s), running best (6, 6, [(0, -1, 1), (0, 1, -1)])
    2-kind universes: best max period 6 at m=6 kinds=[(0, -1, 1), (0, 1, -1)]

== CHAMPIONS by ring size ==
 m=2: period 1 (transient 0)  seed [(0, (-1, -1, -1))]
 m=3: period 2 (transient 0)  seed [(0, (0, -1, 1))]
 m=4: period 2 (transient 0)  seed [(0, (0, -1, 1))]
 m=5: period 4 (transient 0)  seed [(0, (0, -1, 1)), (2, (0, -1, 1))]
 m=6: period 6 (transient 0)  seed [(0, (0, -1, 1)), (0, (0, 1, -1)), (1, (0, 1, -1)), (2, (0, 1, -1)), (4, (0, -1, 1))]
 m=7: period 4 (transient 0)  seed [(0, (0, -1, 1)), (2, (0, -1, 1))]
 m=8: period 4 (transient 0)  seed [(0, (0, -1, 1)), (2, (0, -1, 1))]
 m=10: period 15 (transient 0)  seed [(0, (0, -1, 1)), (1, (0, -1, 1)), (2, (0, -1, 1)), (4, (0, -1, 1)), (6, (0, -1, 1)), (8, (0, -1, 1))]

 periods>4 found: [(6, 6), (15, 10)]

== OVERALL CHAMPION: m=10, period 15 ==
 seed: [(0, (0, -1, 1)), (1, (0, -1, 1)), (2, (0, -1, 1)), (4, (0, -1, 1)), (6, (0, -1, 1)), (8, (0, -1, 1))]
 spacetime of one full period (cells: law count; step_ref-verified):
   t=  0  111.11111.   occ=8 active=2 laws=[(0, (0, -1, 1)), (1, (0, -1, 1)), (2, (0, -1, 1)), (4, (0, -1, 1)), (5, (0, -1, 1)), (6, (0, -1, 1)), (7, (0, -1, 1)), (8, (0, -1, 1))]
   t=  1  1.1.1.111.   occ=6 active=4 laws=[(0, (0, -1, 1)), (2, (0, -1, 1)), (4, (0, -1, 1)), (6, (0, -1, 1)), (7, (0, -1, 1)), (8, (0, -1, 1))]
   t=  2  1111111.1.   occ=8 active=2 laws=[(0, (0, -1, 1)), (1, (0, -1, 1)), (2, (0, -1, 1)), (3, (0, -1, 1)), (4, (0, -1, 1)), (5, (0, -1, 1)), (6, (0, -1, 1)), (8, (0, -1, 1))]
   t=  3  1.11111.11   occ=8 active=2 laws=[(0, (0, -1, 1)), (2, (0, -1, 1)), (3, (0, -1, 1)), (4, (0, -1, 1)), (5, (0, -1, 1)), (6, (0, -1, 1)), (8, (0, -1, 1)), (9, (0, -1, 1))]
   t=  4  1.1.111.1.   occ=6 active=4 laws=[(0, (0, -1, 1)), (2, (0, -1, 1)), (4, (0, -1, 1)), (5, (0, -1, 1)), (6, (0, -1, 1)), (8, (0, -1, 1))]
   t=  5  11111.1.11   occ=8 active=2 laws=[(0, (0, -1, 1)), (1, (0, -1, 1)), (2, (0, -1, 1)), (3, (0, -1, 1)), (4, (0, -1, 1)), (6, (0, -1, 1)), (8, (0, -1, 1)), (9, (0, -1, 1))]
   t=  6  11111.111.   occ=8 active=2 laws=[(0, (0, -1, 1)), (1, (0, -1, 1)), (2, (0, -1, 1)), (3, (0, -1, 1)), (4, (0, -1, 1)), (6, (0, -1, 1)), (7, (0, -1, 1)), (8, (0, -1, 1))]
   t=  7  1.111.1.1.   occ=6 active=4 laws=[(0, (0, -1, 1)), (2, (0, -1, 1)), (3, (0, -1, 1)), (4, (0, -1, 1)), (6, (0, -1, 1)), (8, (0, -1, 1))]
   t=  8  111.1.1111   occ=8 active=2 laws=[(0, (0, -1, 1)), (1, (0, -1, 1)), (2, (0, -1, 1)), (4, (0, -1, 1)), (6, (0, -1, 1)), (7, (0, -1, 1)), (8, (0, -1, 1)), (9, (0, -1, 1))]
   t=  9  111.111.11   occ=8 active=2 laws=[(0, (0, -1, 1)), (1, (0, -1, 1)), (2, (0, -1, 1)), (4, (0, -1, 1)), (5, (0, -1, 1)), (6, (0, -1, 1)), (8, (0, -1, 1)), (9, (0, -1, 1))]
   t= 10  111.1.1.1.   occ=6 active=4 laws=[(0, (0, -1, 1)), (1, (0, -1, 1)), (2, (0, -1, 1)), (4, (0, -1, 1)), (6, (0, -1, 1)), (8, (0, -1, 1))]
   t= 11  1.1.111111   occ=8 active=2 laws=[(0, (0, -1, 1)), (2, (0, -1, 1)), (4, (0, -1, 1)), (5, (0, -1, 1)), (6, (0, -1, 1)), (7, (0, -1, 1)), (8, (0, -1, 1)), (9, (0, -1, 1))]
   t= 12  1.111.1111   occ=8 active=2 laws=[(0, (0, -1, 1)), (2, (0, -1, 1)), (3, (0, -1, 1)), (4, (0, -1, 1)), (6, (0, -1, 1)), (7, (0, -1, 1)), (8, (0, -1, 1)), (9, (0, -1, 1))]
   t= 13  1.1.1.1.11   occ=6 active=4 laws=[(0, (0, -1, 1)), (2, (0, -1, 1)), (4, (0, -1, 1)), (6, (0, -1, 1)), (8, (0, -1, 1)), (9, (0, -1, 1))]
   t= 14  1.1111111.   occ=8 active=2 laws=[(0, (0, -1, 1)), (2, (0, -1, 1)), (3, (0, -1, 1)), (4, (0, -1, 1)), (5, (0, -1, 1)), (6, (0, -1, 1)), (7, (0, -1, 1)), (8, (0, -1, 1))]
   t= 15  111.11111.   occ=8 active=2 laws=[(0, (0, -1, 1)), (1, (0, -1, 1)), (2, (0, -1, 1)), (4, (0, -1, 1)), (5, (0, -1, 1)), (6, (0, -1, 1)), (7, (0, -1, 1)), (8, (0, -1, 1))]
 occupancy patterns along cycle: 15 distinct (occupancy oscillates)

total 19s
